<?xml version="1.0" encoding="ISO-8859-1" ?>
<link_info>
   <banner>TI ARM Clang Linker PC v3.2.2.LTS</banner>
   <copyright>Copyright (c) 1996-2018 Texas Instruments Incorporated</copyright>
   <link_time>0x674e6860</link_time>
   <link_errors>0x0</link_errors>
   <output_file>C:\Users\sarth\OneDrive\Documents\School\ECE319K\MSPM0_ValvanoWare\ECE319K_Lab9\Debug\ECE319K_Lab9.out</output_file>
   <entry_point>
      <name>_c_int00_noargs</name>
      <address>0x14839</address>
   </entry_point>
   <input_file_list>
      <input_file id="fl-1">
         <path>C:\Users\sarth\OneDrive\Documents\School\ECE319K\MSPM0_ValvanoWare\ECE319K_Lab9\Debug\.\</path>
         <kind>object</kind>
         <file>ADC1.o</file>
         <name>ADC1.o</name>
      </input_file>
      <input_file id="fl-2">
         <path>C:\Users\sarth\OneDrive\Documents\School\ECE319K\MSPM0_ValvanoWare\ECE319K_Lab9\Debug\.\</path>
         <kind>object</kind>
         <file>Arabic.o</file>
         <name>Arabic.o</name>
      </input_file>
      <input_file id="fl-3">
         <path>C:\Users\sarth\OneDrive\Documents\School\ECE319K\MSPM0_ValvanoWare\ECE319K_Lab9\Debug\.\</path>
         <kind>object</kind>
         <file>Clock.o</file>
         <name>Clock.o</name>
      </input_file>
      <input_file id="fl-4">
         <path>C:\Users\sarth\OneDrive\Documents\School\ECE319K\MSPM0_ValvanoWare\ECE319K_Lab9\Debug\.\</path>
         <kind>object</kind>
         <file>DAC5.o</file>
         <name>DAC5.o</name>
      </input_file>
      <input_file id="fl-5">
         <path>C:\Users\sarth\OneDrive\Documents\School\ECE319K\MSPM0_ValvanoWare\ECE319K_Lab9\Debug\.\</path>
         <kind>object</kind>
         <file>LED.o</file>
         <name>LED.o</name>
      </input_file>
      <input_file id="fl-6">
         <path>C:\Users\sarth\OneDrive\Documents\School\ECE319K\MSPM0_ValvanoWare\ECE319K_Lab9\Debug\.\</path>
         <kind>object</kind>
         <file>Lab9Main.o</file>
         <name>Lab9Main.o</name>
      </input_file>
      <input_file id="fl-7">
         <path>C:\Users\sarth\OneDrive\Documents\School\ECE319K\MSPM0_ValvanoWare\ECE319K_Lab9\Debug\.\</path>
         <kind>object</kind>
         <file>LaunchPad.o</file>
         <name>LaunchPad.o</name>
      </input_file>
      <input_file id="fl-8">
         <path>C:\Users\sarth\OneDrive\Documents\School\ECE319K\MSPM0_ValvanoWare\ECE319K_Lab9\Debug\.\</path>
         <kind>object</kind>
         <file>SPI.o</file>
         <name>SPI.o</name>
      </input_file>
      <input_file id="fl-9">
         <path>C:\Users\sarth\OneDrive\Documents\School\ECE319K\MSPM0_ValvanoWare\ECE319K_Lab9\Debug\.\</path>
         <kind>object</kind>
         <file>ST7735.o</file>
         <name>ST7735.o</name>
      </input_file>
      <input_file id="fl-a">
         <path>C:\Users\sarth\OneDrive\Documents\School\ECE319K\MSPM0_ValvanoWare\ECE319K_Lab9\Debug\.\</path>
         <kind>object</kind>
         <file>SmallFont.o</file>
         <name>SmallFont.o</name>
      </input_file>
      <input_file id="fl-b">
         <path>C:\Users\sarth\OneDrive\Documents\School\ECE319K\MSPM0_ValvanoWare\ECE319K_Lab9\Debug\.\</path>
         <kind>object</kind>
         <file>Sound.o</file>
         <name>Sound.o</name>
      </input_file>
      <input_file id="fl-c">
         <path>C:\Users\sarth\OneDrive\Documents\School\ECE319K\MSPM0_ValvanoWare\ECE319K_Lab9\Debug\.\</path>
         <kind>object</kind>
         <file>Sprite.o</file>
         <name>Sprite.o</name>
      </input_file>
      <input_file id="fl-d">
         <path>C:\Users\sarth\OneDrive\Documents\School\ECE319K\MSPM0_ValvanoWare\ECE319K_Lab9\Debug\.\</path>
         <kind>object</kind>
         <file>Switch.o</file>
         <name>Switch.o</name>
      </input_file>
      <input_file id="fl-e">
         <path>C:\Users\sarth\OneDrive\Documents\School\ECE319K\MSPM0_ValvanoWare\ECE319K_Lab9\Debug\.\</path>
         <kind>object</kind>
         <file>TExaS.o</file>
         <name>TExaS.o</name>
      </input_file>
      <input_file id="fl-f">
         <path>C:\Users\sarth\OneDrive\Documents\School\ECE319K\MSPM0_ValvanoWare\ECE319K_Lab9\Debug\.\</path>
         <kind>object</kind>
         <file>Timer.o</file>
         <name>Timer.o</name>
      </input_file>
      <input_file id="fl-10">
         <path>C:\Users\sarth\OneDrive\Documents\School\ECE319K\MSPM0_ValvanoWare\ECE319K_Lab9\Debug\.\images\pipedreams\</path>
         <kind>object</kind>
         <file>PipeSound.o</file>
         <name>PipeSound.o</name>
      </input_file>
      <input_file id="fl-11">
         <path>C:\Users\sarth\OneDrive\Documents\School\ECE319K\MSPM0_ValvanoWare\ECE319K_Lab9\Debug\.\ticlang\</path>
         <kind>object</kind>
         <file>startup_mspm0g3507_ticlang.o</file>
         <name>startup_mspm0g3507_ticlang.o</name>
      </input_file>
      <input_file id="fl-1d">
         <path>C:\Users\sarth\OneDrive\Documents\School\ECE319K\MSPM0_ValvanoWare\ECE319K_Lab9\Debug\</path>
         <kind>object</kind>
         <file>&lt;internal&gt;</file>
         <name>&lt;internal&gt;</name>
      </input_file>
      <input_file id="fl-2c">
         <path>C:\ti\ccs1280\ccs\tools\compiler\ti-cgt-armllvm_3.2.2.LTS\lib\armv6m-ti-none-eabi\c\</path>
         <kind>archive</kind>
         <file>libc.a</file>
         <name>printf.c.obj</name>
      </input_file>
      <input_file id="fl-2d">
         <path>C:\ti\ccs1280\ccs\tools\compiler\ti-cgt-armllvm_3.2.2.LTS\lib\armv6m-ti-none-eabi\c\</path>
         <kind>archive</kind>
         <file>libc.a</file>
         <name>_printfi.c.obj</name>
      </input_file>
      <input_file id="fl-2e">
         <path>C:\ti\ccs1280\ccs\tools\compiler\ti-cgt-armllvm_3.2.2.LTS\lib\armv6m-ti-none-eabi\c\</path>
         <kind>archive</kind>
         <file>libc.a</file>
         <name>fopen.c.obj</name>
      </input_file>
      <input_file id="fl-2f">
         <path>C:\ti\ccs1280\ccs\tools\compiler\ti-cgt-armllvm_3.2.2.LTS\lib\armv6m-ti-none-eabi\c\</path>
         <kind>archive</kind>
         <file>libc.a</file>
         <name>fputc.c.obj</name>
      </input_file>
      <input_file id="fl-30">
         <path>C:\ti\ccs1280\ccs\tools\compiler\ti-cgt-armllvm_3.2.2.LTS\lib\armv6m-ti-none-eabi\c\</path>
         <kind>archive</kind>
         <file>libc.a</file>
         <name>fputs.c.obj</name>
      </input_file>
      <input_file id="fl-31">
         <path>C:\ti\ccs1280\ccs\tools\compiler\ti-cgt-armllvm_3.2.2.LTS\lib\armv6m-ti-none-eabi\c\</path>
         <kind>archive</kind>
         <file>libc.a</file>
         <name>_io_perm.c.obj</name>
      </input_file>
      <input_file id="fl-32">
         <path>C:\ti\ccs1280\ccs\tools\compiler\ti-cgt-armllvm_3.2.2.LTS\lib\armv6m-ti-none-eabi\c\</path>
         <kind>archive</kind>
         <file>libc.a</file>
         <name>setvbuf.c.obj</name>
      </input_file>
      <input_file id="fl-33">
         <path>C:\ti\ccs1280\ccs\tools\compiler\ti-cgt-armllvm_3.2.2.LTS\lib\armv6m-ti-none-eabi\c\</path>
         <kind>archive</kind>
         <file>libc.a</file>
         <name>s_frexp.c.obj</name>
      </input_file>
      <input_file id="fl-34">
         <path>C:\ti\ccs1280\ccs\tools\compiler\ti-cgt-armllvm_3.2.2.LTS\lib\armv6m-ti-none-eabi\c\</path>
         <kind>archive</kind>
         <file>libc.a</file>
         <name>s_scalbn.c.obj</name>
      </input_file>
      <input_file id="fl-35">
         <path>C:\ti\ccs1280\ccs\tools\compiler\ti-cgt-armllvm_3.2.2.LTS\lib\armv6m-ti-none-eabi\c\</path>
         <kind>archive</kind>
         <file>libc.a</file>
         <name>aeabi_portable.c.obj</name>
      </input_file>
      <input_file id="fl-36">
         <path>C:\ti\ccs1280\ccs\tools\compiler\ti-cgt-armllvm_3.2.2.LTS\lib\armv6m-ti-none-eabi\c\</path>
         <kind>archive</kind>
         <file>libc.a</file>
         <name>exit.c.obj</name>
      </input_file>
      <input_file id="fl-37">
         <path>C:\ti\ccs1280\ccs\tools\compiler\ti-cgt-armllvm_3.2.2.LTS\lib\armv6m-ti-none-eabi\c\</path>
         <kind>archive</kind>
         <file>libc.a</file>
         <name>_lock.c.obj</name>
      </input_file>
      <input_file id="fl-38">
         <path>C:\ti\ccs1280\ccs\tools\compiler\ti-cgt-armllvm_3.2.2.LTS\lib\armv6m-ti-none-eabi\c\</path>
         <kind>archive</kind>
         <file>libc.a</file>
         <name>_ltoa.c.obj</name>
      </input_file>
      <input_file id="fl-39">
         <path>C:\ti\ccs1280\ccs\tools\compiler\ti-cgt-armllvm_3.2.2.LTS\lib\armv6m-ti-none-eabi\c\</path>
         <kind>archive</kind>
         <file>libc.a</file>
         <name>assert.c.obj</name>
      </input_file>
      <input_file id="fl-3a">
         <path>C:\ti\ccs1280\ccs\tools\compiler\ti-cgt-armllvm_3.2.2.LTS\lib\armv6m-ti-none-eabi\c\</path>
         <kind>archive</kind>
         <file>libc.a</file>
         <name>atoi.c.obj</name>
      </input_file>
      <input_file id="fl-3b">
         <path>C:\ti\ccs1280\ccs\tools\compiler\ti-cgt-armllvm_3.2.2.LTS\lib\armv6m-ti-none-eabi\c\</path>
         <kind>archive</kind>
         <file>libc.a</file>
         <name>defs.c.obj</name>
      </input_file>
      <input_file id="fl-3c">
         <path>C:\ti\ccs1280\ccs\tools\compiler\ti-cgt-armllvm_3.2.2.LTS\lib\armv6m-ti-none-eabi\c\</path>
         <kind>archive</kind>
         <file>libc.a</file>
         <name>memccpy.c.obj</name>
      </input_file>
      <input_file id="fl-3d">
         <path>C:\ti\ccs1280\ccs\tools\compiler\ti-cgt-armllvm_3.2.2.LTS\lib\armv6m-ti-none-eabi\c\</path>
         <kind>archive</kind>
         <file>libc.a</file>
         <name>memory.c.obj</name>
      </input_file>
      <input_file id="fl-3e">
         <path>C:\ti\ccs1280\ccs\tools\compiler\ti-cgt-armllvm_3.2.2.LTS\lib\armv6m-ti-none-eabi\c\</path>
         <kind>archive</kind>
         <file>libc.a</file>
         <name>abs.c.obj</name>
      </input_file>
      <input_file id="fl-3f">
         <path>C:\ti\ccs1280\ccs\tools\compiler\ti-cgt-armllvm_3.2.2.LTS\lib\armv6m-ti-none-eabi\c\</path>
         <kind>archive</kind>
         <file>libc.a</file>
         <name>boot_cortex_m.c.obj</name>
      </input_file>
      <input_file id="fl-40">
         <path>C:\ti\ccs1280\ccs\tools\compiler\ti-cgt-armllvm_3.2.2.LTS\lib\armv6m-ti-none-eabi\c\</path>
         <kind>archive</kind>
         <file>libc.a</file>
         <name>mathacl_init.c.obj</name>
      </input_file>
      <input_file id="fl-41">
         <path>C:\ti\ccs1280\ccs\tools\compiler\ti-cgt-armllvm_3.2.2.LTS\lib\armv6m-ti-none-eabi\c\</path>
         <kind>archive</kind>
         <file>libc.a</file>
         <name>autoinit.c.obj</name>
      </input_file>
      <input_file id="fl-42">
         <path>C:\ti\ccs1280\ccs\tools\compiler\ti-cgt-armllvm_3.2.2.LTS\lib\armv6m-ti-none-eabi\c\</path>
         <kind>archive</kind>
         <file>libc.a</file>
         <name>pre_init.c.obj</name>
      </input_file>
      <input_file id="fl-43">
         <path>C:\ti\ccs1280\ccs\tools\compiler\ti-cgt-armllvm_3.2.2.LTS\lib\armv6m-ti-none-eabi\c\</path>
         <kind>archive</kind>
         <file>libc.a</file>
         <name>cpy_tbl.c.obj</name>
      </input_file>
      <input_file id="fl-44">
         <path>C:\ti\ccs1280\ccs\tools\compiler\ti-cgt-armllvm_3.2.2.LTS\lib\armv6m-ti-none-eabi\c\</path>
         <kind>archive</kind>
         <file>libc.a</file>
         <name>copy_zero_init.c.obj</name>
      </input_file>
      <input_file id="fl-45">
         <path>C:\ti\ccs1280\ccs\tools\compiler\ti-cgt-armllvm_3.2.2.LTS\lib\armv6m-ti-none-eabi\c\</path>
         <kind>archive</kind>
         <file>libc.a</file>
         <name>copy_decompress_none.c.obj</name>
      </input_file>
      <input_file id="fl-46">
         <path>C:\ti\ccs1280\ccs\tools\compiler\ti-cgt-armllvm_3.2.2.LTS\lib\armv6m-ti-none-eabi\c\</path>
         <kind>archive</kind>
         <file>libc.a</file>
         <name>copy_decompress_lzss.c.obj</name>
      </input_file>
      <input_file id="fl-47">
         <path>C:\ti\ccs1280\ccs\tools\compiler\ti-cgt-armllvm_3.2.2.LTS\lib\armv6m-ti-none-eabi\c\</path>
         <kind>archive</kind>
         <file>libc.a</file>
         <name>wcslen.c.obj</name>
      </input_file>
      <input_file id="fl-48">
         <path>C:\ti\ccs1280\ccs\tools\compiler\ti-cgt-armllvm_3.2.2.LTS\lib\armv6m-ti-none-eabi\c\</path>
         <kind>archive</kind>
         <file>libc.a</file>
         <name>sprintf.c.obj</name>
      </input_file>
      <input_file id="fl-49">
         <path>C:\ti\ccs1280\ccs\tools\compiler\ti-cgt-armllvm_3.2.2.LTS\lib\armv6m-ti-none-eabi\c\</path>
         <kind>archive</kind>
         <file>libc.a</file>
         <name>fclose.c.obj</name>
      </input_file>
      <input_file id="fl-4a">
         <path>C:\ti\ccs1280\ccs\tools\compiler\ti-cgt-armllvm_3.2.2.LTS\lib\armv6m-ti-none-eabi\c\</path>
         <kind>archive</kind>
         <file>libc.a</file>
         <name>fflush.c.obj</name>
      </input_file>
      <input_file id="fl-4b">
         <path>C:\ti\ccs1280\ccs\tools\compiler\ti-cgt-armllvm_3.2.2.LTS\lib\armv6m-ti-none-eabi\c\</path>
         <kind>archive</kind>
         <file>libc.a</file>
         <name>fseek.c.obj</name>
      </input_file>
      <input_file id="fl-4c">
         <path>C:\ti\ccs1280\ccs\tools\compiler\ti-cgt-armllvm_3.2.2.LTS\lib\armv6m-ti-none-eabi\c\</path>
         <kind>archive</kind>
         <file>libc.a</file>
         <name>aeabi_ctype.S.obj</name>
      </input_file>
      <input_file id="fl-4d">
         <path>C:\ti\ccs1280\ccs\tools\compiler\ti-cgt-armllvm_3.2.2.LTS\lib\armv6m-ti-none-eabi\c\</path>
         <kind>archive</kind>
         <file>libc.a</file>
         <name>args_main.c.obj</name>
      </input_file>
      <input_file id="fl-b3">
         <path>C:\ti\ccs1280\ccs\tools\compiler\ti-cgt-armllvm_3.2.2.LTS\lib\armv6m-ti-none-eabi\c\</path>
         <kind>archive</kind>
         <file>libsysbm.a</file>
         <name>write.c.obj</name>
      </input_file>
      <input_file id="fl-b4">
         <path>C:\ti\ccs1280\ccs\tools\compiler\ti-cgt-armllvm_3.2.2.LTS\lib\armv6m-ti-none-eabi\c\</path>
         <kind>archive</kind>
         <file>libsysbm.a</file>
         <name>host_device.c.obj</name>
      </input_file>
      <input_file id="fl-b5">
         <path>C:\ti\ccs1280\ccs\tools\compiler\ti-cgt-armllvm_3.2.2.LTS\lib\armv6m-ti-none-eabi\c\</path>
         <kind>archive</kind>
         <file>libsysbm.a</file>
         <name>remove.c.obj</name>
      </input_file>
      <input_file id="fl-b6">
         <path>C:\ti\ccs1280\ccs\tools\compiler\ti-cgt-armllvm_3.2.2.LTS\lib\armv6m-ti-none-eabi\c\</path>
         <kind>archive</kind>
         <file>libsysbm.a</file>
         <name>open.c.obj</name>
      </input_file>
      <input_file id="fl-b7">
         <path>C:\ti\ccs1280\ccs\tools\compiler\ti-cgt-armllvm_3.2.2.LTS\lib\armv6m-ti-none-eabi\c\</path>
         <kind>archive</kind>
         <file>libsysbm.a</file>
         <name>lseek.c.obj</name>
      </input_file>
      <input_file id="fl-b8">
         <path>C:\ti\ccs1280\ccs\tools\compiler\ti-cgt-armllvm_3.2.2.LTS\lib\armv6m-ti-none-eabi\c\</path>
         <kind>archive</kind>
         <file>libsysbm.a</file>
         <name>close.c.obj</name>
      </input_file>
      <input_file id="fl-b9">
         <path>C:\ti\ccs1280\ccs\tools\compiler\ti-cgt-armllvm_3.2.2.LTS\lib\armv6m-ti-none-eabi\c\</path>
         <kind>archive</kind>
         <file>libsysbm.a</file>
         <name>add_device.c.obj</name>
      </input_file>
      <input_file id="fl-ba">
         <path>C:\ti\ccs1280\ccs\tools\compiler\ti-cgt-armllvm_3.2.2.LTS\lib\armv6m-ti-none-eabi\c\</path>
         <kind>archive</kind>
         <file>libsysbm.a</file>
         <name>unlink.c.obj</name>
      </input_file>
      <input_file id="fl-bb">
         <path>C:\ti\ccs1280\ccs\tools\compiler\ti-cgt-armllvm_3.2.2.LTS\lib\armv6m-ti-none-eabi\c\</path>
         <kind>archive</kind>
         <file>libsysbm.a</file>
         <name>hostclose.c.obj</name>
      </input_file>
      <input_file id="fl-bc">
         <path>C:\ti\ccs1280\ccs\tools\compiler\ti-cgt-armllvm_3.2.2.LTS\lib\armv6m-ti-none-eabi\c\</path>
         <kind>archive</kind>
         <file>libsysbm.a</file>
         <name>hostlseek.c.obj</name>
      </input_file>
      <input_file id="fl-bd">
         <path>C:\ti\ccs1280\ccs\tools\compiler\ti-cgt-armllvm_3.2.2.LTS\lib\armv6m-ti-none-eabi\c\</path>
         <kind>archive</kind>
         <file>libsysbm.a</file>
         <name>hostopen.c.obj</name>
      </input_file>
      <input_file id="fl-be">
         <path>C:\ti\ccs1280\ccs\tools\compiler\ti-cgt-armllvm_3.2.2.LTS\lib\armv6m-ti-none-eabi\c\</path>
         <kind>archive</kind>
         <file>libsysbm.a</file>
         <name>hostread.c.obj</name>
      </input_file>
      <input_file id="fl-bf">
         <path>C:\ti\ccs1280\ccs\tools\compiler\ti-cgt-armllvm_3.2.2.LTS\lib\armv6m-ti-none-eabi\c\</path>
         <kind>archive</kind>
         <file>libsysbm.a</file>
         <name>hostrename.c.obj</name>
      </input_file>
      <input_file id="fl-c0">
         <path>C:\ti\ccs1280\ccs\tools\compiler\ti-cgt-armllvm_3.2.2.LTS\lib\armv6m-ti-none-eabi\c\</path>
         <kind>archive</kind>
         <file>libsysbm.a</file>
         <name>hostunlink.c.obj</name>
      </input_file>
      <input_file id="fl-c1">
         <path>C:\ti\ccs1280\ccs\tools\compiler\ti-cgt-armllvm_3.2.2.LTS\lib\armv6m-ti-none-eabi\c\</path>
         <kind>archive</kind>
         <file>libsysbm.a</file>
         <name>hostwrite.c.obj</name>
      </input_file>
      <input_file id="fl-c2">
         <path>C:\ti\ccs1280\ccs\tools\compiler\ti-cgt-armllvm_3.2.2.LTS\lib\armv6m-ti-none-eabi\c\</path>
         <kind>archive</kind>
         <file>libsysbm.a</file>
         <name>trgmsg.c.obj</name>
      </input_file>
      <input_file id="fl-c3">
         <path>C:\ti\ccs1280\ccs\tools\compiler\ti-cgt-armllvm_3.2.2.LTS\lib\clang\15.0.7\lib\armv6m-ti-none-eabi\</path>
         <kind>archive</kind>
         <file>libclang_rt.builtins.a</file>
         <name>adddf3.S.obj</name>
      </input_file>
      <input_file id="fl-c4">
         <path>C:\ti\ccs1280\ccs\tools\compiler\ti-cgt-armllvm_3.2.2.LTS\lib\clang\15.0.7\lib\armv6m-ti-none-eabi\</path>
         <kind>archive</kind>
         <file>libclang_rt.builtins.a</file>
         <name>muldf3.S.obj</name>
      </input_file>
      <input_file id="fl-c5">
         <path>C:\ti\ccs1280\ccs\tools\compiler\ti-cgt-armllvm_3.2.2.LTS\lib\clang\15.0.7\lib\armv6m-ti-none-eabi\</path>
         <kind>archive</kind>
         <file>libclang_rt.builtins.a</file>
         <name>muldsi3.S.obj</name>
      </input_file>
      <input_file id="fl-c6">
         <path>C:\ti\ccs1280\ccs\tools\compiler\ti-cgt-armllvm_3.2.2.LTS\lib\clang\15.0.7\lib\armv6m-ti-none-eabi\</path>
         <kind>archive</kind>
         <file>libclang_rt.builtins.a</file>
         <name>divdf3.S.obj</name>
      </input_file>
      <input_file id="fl-c7">
         <path>C:\ti\ccs1280\ccs\tools\compiler\ti-cgt-armllvm_3.2.2.LTS\lib\clang\15.0.7\lib\armv6m-ti-none-eabi\</path>
         <kind>archive</kind>
         <file>libclang_rt.builtins.a</file>
         <name>fixdfsi.S.obj</name>
      </input_file>
      <input_file id="fl-c8">
         <path>C:\ti\ccs1280\ccs\tools\compiler\ti-cgt-armllvm_3.2.2.LTS\lib\clang\15.0.7\lib\armv6m-ti-none-eabi\</path>
         <kind>archive</kind>
         <file>libclang_rt.builtins.a</file>
         <name>floatsidf.S.obj</name>
      </input_file>
      <input_file id="fl-c9">
         <path>C:\ti\ccs1280\ccs\tools\compiler\ti-cgt-armllvm_3.2.2.LTS\lib\clang\15.0.7\lib\armv6m-ti-none-eabi\</path>
         <kind>archive</kind>
         <file>libclang_rt.builtins.a</file>
         <name>floatunsidf.S.obj</name>
      </input_file>
      <input_file id="fl-ca">
         <path>C:\ti\ccs1280\ccs\tools\compiler\ti-cgt-armllvm_3.2.2.LTS\lib\clang\15.0.7\lib\armv6m-ti-none-eabi\</path>
         <kind>archive</kind>
         <file>libclang_rt.builtins.a</file>
         <name>muldi3.S.obj</name>
      </input_file>
      <input_file id="fl-cb">
         <path>C:\ti\ccs1280\ccs\tools\compiler\ti-cgt-armllvm_3.2.2.LTS\lib\clang\15.0.7\lib\armv6m-ti-none-eabi\</path>
         <kind>archive</kind>
         <file>libclang_rt.builtins.a</file>
         <name>truncdfsf2.S.obj</name>
      </input_file>
      <input_file id="fl-cc">
         <path>C:\ti\ccs1280\ccs\tools\compiler\ti-cgt-armllvm_3.2.2.LTS\lib\clang\15.0.7\lib\armv6m-ti-none-eabi\</path>
         <kind>archive</kind>
         <file>libclang_rt.builtins.a</file>
         <name>aeabi_dcmp.S.obj</name>
      </input_file>
      <input_file id="fl-cd">
         <path>C:\ti\ccs1280\ccs\tools\compiler\ti-cgt-armllvm_3.2.2.LTS\lib\clang\15.0.7\lib\armv6m-ti-none-eabi\</path>
         <kind>archive</kind>
         <file>libclang_rt.builtins.a</file>
         <name>aeabi_idivmod.S.obj</name>
      </input_file>
      <input_file id="fl-ce">
         <path>C:\ti\ccs1280\ccs\tools\compiler\ti-cgt-armllvm_3.2.2.LTS\lib\clang\15.0.7\lib\armv6m-ti-none-eabi\</path>
         <kind>archive</kind>
         <file>libclang_rt.builtins.a</file>
         <name>aeabi_memcpy.S.obj</name>
      </input_file>
      <input_file id="fl-cf">
         <path>C:\ti\ccs1280\ccs\tools\compiler\ti-cgt-armllvm_3.2.2.LTS\lib\clang\15.0.7\lib\armv6m-ti-none-eabi\</path>
         <kind>archive</kind>
         <file>libclang_rt.builtins.a</file>
         <name>aeabi_memset.S.obj</name>
      </input_file>
      <input_file id="fl-d0">
         <path>C:\ti\ccs1280\ccs\tools\compiler\ti-cgt-armllvm_3.2.2.LTS\lib\clang\15.0.7\lib\armv6m-ti-none-eabi\</path>
         <kind>archive</kind>
         <file>libclang_rt.builtins.a</file>
         <name>aeabi_uidivmod.S.obj</name>
      </input_file>
      <input_file id="fl-d1">
         <path>C:\ti\ccs1280\ccs\tools\compiler\ti-cgt-armllvm_3.2.2.LTS\lib\clang\15.0.7\lib\armv6m-ti-none-eabi\</path>
         <kind>archive</kind>
         <file>libclang_rt.builtins.a</file>
         <name>aeabi_uldivmod.S.obj</name>
      </input_file>
      <input_file id="fl-d2">
         <path>C:\ti\ccs1280\ccs\tools\compiler\ti-cgt-armllvm_3.2.2.LTS\lib\clang\15.0.7\lib\armv6m-ti-none-eabi\</path>
         <kind>archive</kind>
         <file>libclang_rt.builtins.a</file>
         <name>udivmoddi4.S.obj</name>
      </input_file>
      <input_file id="fl-d3">
         <path>C:\ti\ccs1280\ccs\tools\compiler\ti-cgt-armllvm_3.2.2.LTS\lib\clang\15.0.7\lib\armv6m-ti-none-eabi\</path>
         <kind>archive</kind>
         <file>libclang_rt.builtins.a</file>
         <name>ashldi3.S.obj</name>
      </input_file>
      <input_file id="fl-d4">
         <path>C:\ti\ccs1280\ccs\tools\compiler\ti-cgt-armllvm_3.2.2.LTS\lib\clang\15.0.7\lib\armv6m-ti-none-eabi\</path>
         <kind>archive</kind>
         <file>libclang_rt.builtins.a</file>
         <name>comparedf2.c.obj</name>
      </input_file>
      <input_file id="fl-d5">
         <path>C:\ti\ccs1280\ccs\tools\compiler\ti-cgt-armllvm_3.2.2.LTS\lib\clang\15.0.7\lib\armv6m-ti-none-eabi\</path>
         <kind>archive</kind>
         <file>libclang_rt.builtins.a</file>
         <name>aeabi_div0.c.obj</name>
      </input_file>
      <input_file id="fl-d6">
         <path>C:\ti\ccs1280\ccs\tools\compiler\ti-cgt-armllvm_3.2.2.LTS\lib\armv6m-ti-none-eabi\c\</path>
         <kind>archive</kind>
         <file>libc.a</file>
         <name>getdevice.c.obj</name>
      </input_file>
      <input_file id="fl-d7">
         <path>C:\ti\ccs1280\ccs\tools\compiler\ti-cgt-armllvm_3.2.2.LTS\lib\armv6m-ti-none-eabi\c\</path>
         <kind>archive</kind>
         <file>libc.a</file>
         <name>memcpy16.S.obj</name>
      </input_file>
      <input_file id="fl-d8">
         <path>C:\ti\ccs1280\ccs\tools\compiler\ti-cgt-armllvm_3.2.2.LTS\lib\armv6m-ti-none-eabi\c\</path>
         <kind>archive</kind>
         <file>libc.a</file>
         <name>memset16.S.obj</name>
      </input_file>
   </input_file_list>
   <object_component_list>
      <object_component id="oc-18">
         <name>.intvecs</name>
         <load_address>0x0</load_address>
         <readonly>true</readonly>
         <run_address>0x0</run_address>
         <size>0xc0</size>
         <alignment>0x4</alignment>
         <input_file_ref idref="fl-11"/>
      </object_component>
      <object_component id="oc-e5">
         <name>.text.placeBlock</name>
         <load_address>0x107e0</load_address>
         <readonly>true</readonly>
         <executable>true</executable>
         <run_address>0x107e0</run_address>
         <size>0x9a8</size>
         <alignment>0x4</alignment>
         <input_file_ref idref="fl-c"/>
      </object_component>
      <object_component id="oc-e6">
         <name>.text.drop</name>
         <load_address>0x11188</load_address>
         <readonly>true</readonly>
         <executable>true</executable>
         <run_address>0x11188</run_address>
         <size>0x614</size>
         <alignment>0x4</alignment>
         <input_file_ref idref="fl-c"/>
      </object_component>
      <object_component id="oc-98">
         <name>.text.main</name>
         <load_address>0x1179c</load_address>
         <readonly>true</readonly>
         <executable>true</executable>
         <run_address>0x1179c</run_address>
         <size>0x3e0</size>
         <alignment>0x4</alignment>
         <input_file_ref idref="fl-6"/>
      </object_component>
      <object_component id="oc-1b1">
         <name>.text:__TI_printfi_minimal</name>
         <load_address>0x11b7c</load_address>
         <readonly>true</readonly>
         <executable>true</executable>
         <run_address>0x11b7c</run_address>
         <size>0x284</size>
         <alignment>0x4</alignment>
         <input_file_ref idref="fl-2d"/>
      </object_component>
      <object_component id="oc-d5">
         <name>.text.ST7735_DrawBitmap</name>
         <load_address>0x11e00</load_address>
         <readonly>true</readonly>
         <executable>true</executable>
         <run_address>0x11e00</run_address>
         <size>0x210</size>
         <alignment>0x4</alignment>
         <input_file_ref idref="fl-9"/>
      </object_component>
      <object_component id="oc-124">
         <name>.text.Clock_Init80MHz</name>
         <load_address>0x12010</load_address>
         <readonly>true</readonly>
         <executable>true</executable>
         <run_address>0x12010</run_address>
         <size>0x1b4</size>
         <alignment>0x4</alignment>
         <input_file_ref idref="fl-3"/>
      </object_component>
      <object_component id="oc-20e">
         <name>.text.ST7735_DrawCharS</name>
         <load_address>0x121c4</load_address>
         <readonly>true</readonly>
         <executable>true</executable>
         <run_address>0x121c4</run_address>
         <size>0x1a0</size>
         <alignment>0x4</alignment>
         <input_file_ref idref="fl-9"/>
      </object_component>
      <object_component id="oc-161">
         <name>.text.JPiece</name>
         <load_address>0x12364</load_address>
         <readonly>true</readonly>
         <executable>true</executable>
         <run_address>0x12364</run_address>
         <size>0x164</size>
         <alignment>0x2</alignment>
         <input_file_ref idref="fl-c"/>
      </object_component>
      <object_component id="oc-160">
         <name>.text.LPiece</name>
         <load_address>0x124c8</load_address>
         <readonly>true</readonly>
         <executable>true</executable>
         <run_address>0x124c8</run_address>
         <size>0x164</size>
         <alignment>0x2</alignment>
         <input_file_ref idref="fl-c"/>
      </object_component>
      <object_component id="oc-19b">
         <name>.text._openfile</name>
         <load_address>0x1262c</load_address>
         <readonly>true</readonly>
         <executable>true</executable>
         <run_address>0x1262c</run_address>
         <size>0x160</size>
         <alignment>0x4</alignment>
         <input_file_ref idref="fl-2e"/>
      </object_component>
      <object_component id="oc-20c">
         <name>.text.aligned_alloc</name>
         <load_address>0x1278c</load_address>
         <readonly>true</readonly>
         <executable>true</executable>
         <run_address>0x1278c</run_address>
         <size>0x12c</size>
         <alignment>0x4</alignment>
         <input_file_ref idref="fl-3d"/>
      </object_component>
      <object_component id="oc-14c">
         <name>.text.ST7735_FillRect</name>
         <load_address>0x128b8</load_address>
         <readonly>true</readonly>
         <executable>true</executable>
         <run_address>0x128b8</run_address>
         <size>0x118</size>
         <alignment>0x4</alignment>
         <input_file_ref idref="fl-9"/>
      </object_component>
      <object_component id="oc-7f">
         <name>.text.validX</name>
         <load_address>0x129d0</load_address>
         <readonly>true</readonly>
         <executable>true</executable>
         <run_address>0x129d0</run_address>
         <size>0x10a</size>
         <alignment>0x2</alignment>
         <input_file_ref idref="fl-c"/>
      </object_component>
      <object_component id="oc-c7">
         <name>.text.LED_Init</name>
         <load_address>0x12ada</load_address>
         <readonly>true</readonly>
         <executable>true</executable>
         <run_address>0x12ada</run_address>
         <size>0x2</size>
         <alignment>0x2</alignment>
         <input_file_ref idref="fl-5"/>
      </object_component>
      <object_component id="oc-1bf">
         <name>.text.fputs</name>
         <load_address>0x12adc</load_address>
         <readonly>true</readonly>
         <executable>true</executable>
         <run_address>0x12adc</run_address>
         <size>0x104</size>
         <alignment>0x4</alignment>
         <input_file_ref idref="fl-30"/>
      </object_component>
      <object_component id="oc-dd">
         <name>.text.swap</name>
         <load_address>0x12be0</load_address>
         <readonly>true</readonly>
         <executable>true</executable>
         <run_address>0x12be0</run_address>
         <size>0x100</size>
         <alignment>0x4</alignment>
         <input_file_ref idref="fl-6"/>
      </object_component>
      <object_component id="oc-1cf">
         <name>.text.SPI_Init</name>
         <load_address>0x12ce0</load_address>
         <readonly>true</readonly>
         <executable>true</executable>
         <run_address>0x12ce0</run_address>
         <size>0xf8</size>
         <alignment>0x4</alignment>
         <input_file_ref idref="fl-8"/>
      </object_component>
      <object_component id="oc-e8">
         <name>.text.processGrid</name>
         <load_address>0x12dd8</load_address>
         <readonly>true</readonly>
         <executable>true</executable>
         <run_address>0x12dd8</run_address>
         <size>0xf8</size>
         <alignment>0x4</alignment>
         <input_file_ref idref="fl-c"/>
      </object_component>
      <object_component id="oc-129">
         <name>.text.add_device</name>
         <load_address>0x12ed0</load_address>
         <readonly>true</readonly>
         <executable>true</executable>
         <run_address>0x12ed0</run_address>
         <size>0xec</size>
         <alignment>0x4</alignment>
         <input_file_ref idref="fl-b9"/>
      </object_component>
      <object_component id="oc-1a4">
         <name>.text.free</name>
         <load_address>0x12fbc</load_address>
         <readonly>true</readonly>
         <executable>true</executable>
         <run_address>0x12fbc</run_address>
         <size>0xec</size>
         <alignment>0x4</alignment>
         <input_file_ref idref="fl-3d"/>
      </object_component>
      <object_component id="oc-134">
         <name>.text.setvbuf</name>
         <load_address>0x130a8</load_address>
         <readonly>true</readonly>
         <executable>true</executable>
         <run_address>0x130a8</run_address>
         <size>0xdc</size>
         <alignment>0x4</alignment>
         <input_file_ref idref="fl-32"/>
      </object_component>
      <object_component id="oc-de">
         <name>.text.RandomPiece</name>
         <load_address>0x13184</load_address>
         <readonly>true</readonly>
         <executable>true</executable>
         <run_address>0x13184</run_address>
         <size>0xd0</size>
         <alignment>0x4</alignment>
         <input_file_ref idref="fl-6"/>
      </object_component>
      <object_component id="oc-1ab">
         <name>.text.ST7735_OutChar</name>
         <load_address>0x13254</load_address>
         <readonly>true</readonly>
         <executable>true</executable>
         <run_address>0x13254</run_address>
         <size>0xd0</size>
         <alignment>0x4</alignment>
         <input_file_ref idref="fl-9"/>
      </object_component>
      <object_component id="oc-d3">
         <name>.text.Rectangle</name>
         <load_address>0x13324</load_address>
         <readonly>true</readonly>
         <executable>true</executable>
         <run_address>0x13324</run_address>
         <size>0xce</size>
         <alignment>0x2</alignment>
         <input_file_ref idref="fl-c"/>
      </object_component>
      <object_component id="oc-37">
         <name>.text.SysTick_Handler</name>
         <load_address>0x133f2</load_address>
         <readonly>true</readonly>
         <executable>true</executable>
         <run_address>0x133f2</run_address>
         <size>0x2</size>
         <alignment>0x2</alignment>
         <input_file_ref idref="fl-b"/>
      </object_component>
      <object_component id="oc-41">
         <name>.text.TIMG12_IRQHandler</name>
         <load_address>0x133f4</load_address>
         <readonly>true</readonly>
         <executable>true</executable>
         <run_address>0x133f4</run_address>
         <size>0xbc</size>
         <alignment>0x4</alignment>
         <input_file_ref idref="fl-6"/>
      </object_component>
      <object_component id="oc-e7">
         <name>.text.drawShape</name>
         <load_address>0x134b0</load_address>
         <readonly>true</readonly>
         <executable>true</executable>
         <run_address>0x134b0</run_address>
         <size>0xac</size>
         <alignment>0x4</alignment>
         <input_file_ref idref="fl-6"/>
      </object_component>
      <object_component id="oc-1f4">
         <name>.text.open</name>
         <load_address>0x1355c</load_address>
         <readonly>true</readonly>
         <executable>true</executable>
         <run_address>0x1355c</run_address>
         <size>0xa8</size>
         <alignment>0x4</alignment>
         <input_file_ref idref="fl-b6"/>
      </object_component>
      <object_component id="oc-184">
         <name>.text.commandList</name>
         <load_address>0x13604</load_address>
         <readonly>true</readonly>
         <executable>true</executable>
         <run_address>0x13604</run_address>
         <size>0xa2</size>
         <alignment>0x2</alignment>
         <input_file_ref idref="fl-9"/>
      </object_component>
      <object_component id="oc-116">
         <name>.text.__aeabi_idiv0</name>
         <load_address>0x136a6</load_address>
         <readonly>true</readonly>
         <executable>true</executable>
         <run_address>0x136a6</run_address>
         <size>0x2</size>
         <alignment>0x2</alignment>
         <input_file_ref idref="fl-d5"/>
      </object_component>
      <object_component id="oc-c1">
         <name>.text.ST7735_InitPrintf</name>
         <load_address>0x136a8</load_address>
         <readonly>true</readonly>
         <executable>true</executable>
         <run_address>0x136a8</run_address>
         <size>0x9c</size>
         <alignment>0x4</alignment>
         <input_file_ref idref="fl-9"/>
      </object_component>
      <object_component id="oc-1c5">
         <name>.text.fputc</name>
         <load_address>0x13744</load_address>
         <readonly>true</readonly>
         <executable>true</executable>
         <run_address>0x13744</run_address>
         <size>0x9c</size>
         <alignment>0x4</alignment>
         <input_file_ref idref="fl-2f"/>
      </object_component>
      <object_component id="oc-128">
         <name>.text.ST7735_InitR</name>
         <load_address>0x137e0</load_address>
         <readonly>true</readonly>
         <executable>true</executable>
         <run_address>0x137e0</run_address>
         <size>0x98</size>
         <alignment>0x4</alignment>
         <input_file_ref idref="fl-9"/>
      </object_component>
      <object_component id="oc-cd">
         <name>.text.TimerG12_IntArm</name>
         <load_address>0x13878</load_address>
         <readonly>true</readonly>
         <executable>true</executable>
         <run_address>0x13878</run_address>
         <size>0x94</size>
         <alignment>0x4</alignment>
         <input_file_ref idref="fl-f"/>
      </object_component>
      <object_component id="oc-151">
         <name>.text.setAddrWindow</name>
         <load_address>0x1390c</load_address>
         <readonly>true</readonly>
         <executable>true</executable>
         <run_address>0x1390c</run_address>
         <size>0x88</size>
         <alignment>0x4</alignment>
         <input_file_ref idref="fl-9"/>
      </object_component>
      <object_component id="oc-20d">
         <name>.text.ST7735_DrawString</name>
         <load_address>0x13994</load_address>
         <readonly>true</readonly>
         <executable>true</executable>
         <run_address>0x13994</run_address>
         <size>0x84</size>
         <alignment>0x2</alignment>
         <input_file_ref idref="fl-9"/>
      </object_component>
      <object_component id="oc-15f">
         <name>.text.Square</name>
         <load_address>0x13a18</load_address>
         <readonly>true</readonly>
         <executable>true</executable>
         <run_address>0x13a18</run_address>
         <size>0x7e</size>
         <alignment>0x2</alignment>
         <input_file_ref idref="fl-c"/>
      </object_component>
      <object_component id="oc-1b9">
         <name>.text._nop</name>
         <load_address>0x13a96</load_address>
         <readonly>true</readonly>
         <executable>true</executable>
         <run_address>0x13a96</run_address>
         <size>0x2</size>
         <alignment>0x2</alignment>
         <input_file_ref idref="fl-37"/>
      </object_component>
      <object_component id="oc-bc">
         <name>.text.LaunchPad_Init</name>
         <load_address>0x13a98</load_address>
         <readonly>true</readonly>
         <executable>true</executable>
         <run_address>0x13a98</run_address>
         <size>0x7c</size>
         <alignment>0x4</alignment>
         <input_file_ref idref="fl-7"/>
      </object_component>
      <object_component id="oc-19e">
         <name>.text.__TI_closefile</name>
         <load_address>0x13b14</load_address>
         <readonly>true</readonly>
         <executable>true</executable>
         <run_address>0x13b14</run_address>
         <size>0x7c</size>
         <alignment>0x4</alignment>
         <input_file_ref idref="fl-49"/>
      </object_component>
      <object_component id="oc-cc">
         <name>.text.ADCinit</name>
         <load_address>0x13b90</load_address>
         <readonly>true</readonly>
         <executable>true</executable>
         <run_address>0x13b90</run_address>
         <size>0x78</size>
         <alignment>0x4</alignment>
         <input_file_ref idref="fl-1"/>
      </object_component>
      <object_component id="oc-1c">
         <name>.text:decompress:lzss</name>
         <load_address>0x13c08</load_address>
         <readonly>true</readonly>
         <executable>true</executable>
         <run_address>0x13c08</run_address>
         <size>0x78</size>
         <alignment>0x4</alignment>
         <input_file_ref idref="fl-46"/>
      </object_component>
      <object_component id="oc-27b">
         <name>.text.ST7735_DrawPixel</name>
         <load_address>0x13c80</load_address>
         <readonly>true</readonly>
         <executable>true</executable>
         <run_address>0x13c80</run_address>
         <size>0x70</size>
         <alignment>0x4</alignment>
         <input_file_ref idref="fl-9"/>
      </object_component>
      <object_component id="oc-1e2">
         <name>.text.HOSTlseek</name>
         <load_address>0x13cf0</load_address>
         <readonly>true</readonly>
         <executable>true</executable>
         <run_address>0x13cf0</run_address>
         <size>0x6c</size>
         <alignment>0x4</alignment>
         <input_file_ref idref="fl-bc"/>
      </object_component>
      <object_component id="oc-1ea">
         <name>.text.HOSTrename</name>
         <load_address>0x13d5c</load_address>
         <readonly>true</readonly>
         <executable>true</executable>
         <run_address>0x13d5c</run_address>
         <size>0x6c</size>
         <alignment>0x4</alignment>
         <input_file_ref idref="fl-bf"/>
      </object_component>
      <object_component id="oc-2ed">
         <name>.text.fseeko</name>
         <load_address>0x13dc8</load_address>
         <readonly>true</readonly>
         <executable>true</executable>
         <run_address>0x13dc8</run_address>
         <size>0x6c</size>
         <alignment>0x4</alignment>
         <input_file_ref idref="fl-4b"/>
      </object_component>
      <object_component id="oc-266">
         <name>.text.getdevice</name>
         <load_address>0x13e34</load_address>
         <readonly>true</readonly>
         <executable>true</executable>
         <run_address>0x13e34</run_address>
         <size>0x68</size>
         <alignment>0x4</alignment>
         <input_file_ref idref="fl-d6"/>
      </object_component>
      <object_component id="oc-237">
         <name>.text.__TI_wrt_ok</name>
         <load_address>0x13e9c</load_address>
         <readonly>true</readonly>
         <executable>true</executable>
         <run_address>0x13e9c</run_address>
         <size>0x64</size>
         <alignment>0x2</alignment>
         <input_file_ref idref="fl-31"/>
      </object_component>
      <object_component id="oc-e4">
         <name>.text.clearBlocks</name>
         <load_address>0x13f00</load_address>
         <readonly>true</readonly>
         <executable>true</executable>
         <run_address>0x13f00</run_address>
         <size>0x64</size>
         <alignment>0x4</alignment>
         <input_file_ref idref="fl-c"/>
      </object_component>
      <object_component id="oc-279">
         <name>.text.split</name>
         <load_address>0x13f64</load_address>
         <readonly>true</readonly>
         <executable>true</executable>
         <run_address>0x13f64</run_address>
         <size>0x64</size>
         <alignment>0x4</alignment>
         <input_file_ref idref="fl-3d"/>
      </object_component>
      <object_component id="oc-1d2">
         <name>.text.HOSTopen</name>
         <load_address>0x13fc8</load_address>
         <readonly>true</readonly>
         <executable>true</executable>
         <run_address>0x13fc8</run_address>
         <size>0x60</size>
         <alignment>0x4</alignment>
         <input_file_ref idref="fl-bd"/>
      </object_component>
      <object_component id="oc-d6">
         <name>.text.printf</name>
         <load_address>0x14028</load_address>
         <readonly>true</readonly>
         <executable>true</executable>
         <run_address>0x14028</run_address>
         <size>0x5c</size>
         <alignment>0x4</alignment>
         <input_file_ref idref="fl-2c"/>
      </object_component>
      <object_component id="oc-1da">
         <name>.text.HOSTread</name>
         <load_address>0x14084</load_address>
         <readonly>true</readonly>
         <executable>true</executable>
         <run_address>0x14084</run_address>
         <size>0x58</size>
         <alignment>0x4</alignment>
         <input_file_ref idref="fl-be"/>
      </object_component>
      <object_component id="oc-1de">
         <name>.text.HOSTwrite</name>
         <load_address>0x140dc</load_address>
         <readonly>true</readonly>
         <executable>true</executable>
         <run_address>0x140dc</run_address>
         <size>0x58</size>
         <alignment>0x4</alignment>
         <input_file_ref idref="fl-c1"/>
      </object_component>
      <object_component id="oc-ab">
         <name>.text.__aeabi_idivmod</name>
         <load_address>0x14134</load_address>
         <readonly>true</readonly>
         <executable>true</executable>
         <run_address>0x14134</run_address>
         <size>0x56</size>
         <alignment>0x4</alignment>
         <input_file_ref idref="fl-cd"/>
      </object_component>
      <object_component id="oc-1f8">
         <name>.text.__TI_doflush</name>
         <load_address>0x1418a</load_address>
         <readonly>true</readonly>
         <executable>true</executable>
         <run_address>0x1418a</run_address>
         <size>0x52</size>
         <alignment>0x2</alignment>
         <input_file_ref idref="fl-4a"/>
      </object_component>
      <object_component id="oc-1fe">
         <name>.text.close</name>
         <load_address>0x141dc</load_address>
         <readonly>true</readonly>
         <executable>true</executable>
         <run_address>0x141dc</run_address>
         <size>0x50</size>
         <alignment>0x4</alignment>
         <input_file_ref idref="fl-b8"/>
      </object_component>
      <object_component id="oc-1d6">
         <name>.text.HOSTclose</name>
         <load_address>0x1422c</load_address>
         <readonly>true</readonly>
         <executable>true</executable>
         <run_address>0x1422c</run_address>
         <size>0x48</size>
         <alignment>0x4</alignment>
         <input_file_ref idref="fl-bb"/>
      </object_component>
      <object_component id="oc-1e6">
         <name>.text.HOSTunlink</name>
         <load_address>0x14274</load_address>
         <readonly>true</readonly>
         <executable>true</executable>
         <run_address>0x14274</run_address>
         <size>0x48</size>
         <alignment>0x4</alignment>
         <input_file_ref idref="fl-c0"/>
      </object_component>
      <object_component id="oc-185">
         <name>.text.SPI_OutCommand</name>
         <load_address>0x142bc</load_address>
         <readonly>true</readonly>
         <executable>true</executable>
         <run_address>0x142bc</run_address>
         <size>0x48</size>
         <alignment>0x4</alignment>
         <input_file_ref idref="fl-8"/>
      </object_component>
      <object_component id="oc-73">
         <name>.text.ADCin</name>
         <load_address>0x14304</load_address>
         <readonly>true</readonly>
         <executable>true</executable>
         <run_address>0x14304</run_address>
         <size>0x44</size>
         <alignment>0x4</alignment>
         <input_file_ref idref="fl-1"/>
      </object_component>
      <object_component id="oc-247">
         <name>.text.SPI_Reset</name>
         <load_address>0x14348</load_address>
         <readonly>true</readonly>
         <executable>true</executable>
         <run_address>0x14348</run_address>
         <size>0x40</size>
         <alignment>0x4</alignment>
         <input_file_ref idref="fl-8"/>
      </object_component>
      <object_component id="oc-3c">
         <name>.text.TIMG7_IRQHandler</name>
         <load_address>0x14388</load_address>
         <readonly>true</readonly>
         <executable>true</executable>
         <run_address>0x14388</run_address>
         <size>0x40</size>
         <alignment>0x4</alignment>
         <input_file_ref idref="fl-e"/>
      </object_component>
      <object_component id="oc-a7">
         <name>.text.__aeabi_uidivmod</name>
         <load_address>0x143c8</load_address>
         <readonly>true</readonly>
         <executable>true</executable>
         <run_address>0x143c8</run_address>
         <size>0x40</size>
         <alignment>0x4</alignment>
         <input_file_ref idref="fl-d0"/>
      </object_component>
      <object_component id="oc-19a">
         <name>.text._search_fp</name>
         <load_address>0x14408</load_address>
         <readonly>true</readonly>
         <executable>true</executable>
         <run_address>0x14408</run_address>
         <size>0x40</size>
         <alignment>0x4</alignment>
         <input_file_ref idref="fl-2e"/>
      </object_component>
      <object_component id="oc-7e">
         <name>.text.BlockMove</name>
         <load_address>0x14448</load_address>
         <readonly>true</readonly>
         <executable>true</executable>
         <run_address>0x14448</run_address>
         <size>0x3c</size>
         <alignment>0x4</alignment>
         <input_file_ref idref="fl-1"/>
      </object_component>
      <object_component id="oc-104">
         <name>.text:__TI_auto_init_nobinit_nopinit</name>
         <load_address>0x14484</load_address>
         <readonly>true</readonly>
         <executable>true</executable>
         <run_address>0x14484</run_address>
         <size>0x3c</size>
         <alignment>0x4</alignment>
         <input_file_ref idref="fl-41"/>
      </object_component>
      <object_component id="oc-125">
         <name>.text.ActivatePortA_B</name>
         <load_address>0x144c0</load_address>
         <readonly>true</readonly>
         <executable>true</executable>
         <run_address>0x144c0</run_address>
         <size>0x38</size>
         <alignment>0x4</alignment>
         <input_file_ref idref="fl-7"/>
      </object_component>
      <object_component id="oc-152">
         <name>.text.SPI_OutData</name>
         <load_address>0x144f8</load_address>
         <readonly>true</readonly>
         <executable>true</executable>
         <run_address>0x144f8</run_address>
         <size>0x38</size>
         <alignment>0x4</alignment>
         <input_file_ref idref="fl-8"/>
      </object_component>
      <object_component id="oc-18e">
         <name>.text.finddevice</name>
         <load_address>0x14530</load_address>
         <readonly>true</readonly>
         <executable>true</executable>
         <run_address>0x14530</run_address>
         <size>0x38</size>
         <alignment>0x4</alignment>
         <input_file_ref idref="fl-d6"/>
      </object_component>
      <object_component id="oc-df">
         <name>.text.Clock_Delay1ms</name>
         <load_address>0x14568</load_address>
         <readonly>true</readonly>
         <executable>true</executable>
         <run_address>0x14568</run_address>
         <size>0x34</size>
         <alignment>0x4</alignment>
         <input_file_ref idref="fl-3"/>
      </object_component>
      <object_component id="oc-d4">
         <name>.text.ST7735_SetCursor</name>
         <load_address>0x1459c</load_address>
         <readonly>true</readonly>
         <executable>true</executable>
         <run_address>0x1459c</run_address>
         <size>0x34</size>
         <alignment>0x4</alignment>
         <input_file_ref idref="fl-9"/>
      </object_component>
      <object_component id="oc-13b">
         <name>.text.ST7735_write</name>
         <load_address>0x145d0</load_address>
         <readonly>true</readonly>
         <executable>true</executable>
         <run_address>0x145d0</run_address>
         <size>0x34</size>
         <alignment>0x2</alignment>
         <input_file_ref idref="fl-9"/>
      </object_component>
      <object_component id="oc-1a7">
         <name>.text.__TI_cleanup</name>
         <load_address>0x14604</load_address>
         <readonly>true</readonly>
         <executable>true</executable>
         <run_address>0x14604</run_address>
         <size>0x34</size>
         <alignment>0x4</alignment>
         <input_file_ref idref="fl-2e"/>
      </object_component>
      <object_component id="oc-24e">
         <name>.text.__TI_readmsg</name>
         <load_address>0x14638</load_address>
         <readonly>true</readonly>
         <executable>true</executable>
         <run_address>0x14638</run_address>
         <size>0x34</size>
         <alignment>0x4</alignment>
         <input_file_ref idref="fl-c2"/>
      </object_component>
      <object_component id="oc-248">
         <name>.text.__TI_writemsg</name>
         <load_address>0x1466c</load_address>
         <readonly>true</readonly>
         <executable>true</executable>
         <run_address>0x1466c</run_address>
         <size>0x34</size>
         <alignment>0x4</alignment>
         <input_file_ref idref="fl-c2"/>
      </object_component>
      <object_component id="oc-102">
         <name>.text.exit</name>
         <load_address>0x146a0</load_address>
         <readonly>true</readonly>
         <executable>true</executable>
         <run_address>0x146a0</run_address>
         <size>0x34</size>
         <alignment>0x4</alignment>
         <input_file_ref idref="fl-36"/>
      </object_component>
      <object_component id="oc-133">
         <name>.text.freopen</name>
         <load_address>0x146d4</load_address>
         <readonly>true</readonly>
         <executable>true</executable>
         <run_address>0x146d4</run_address>
         <size>0x34</size>
         <alignment>0x4</alignment>
         <input_file_ref idref="fl-2e"/>
      </object_component>
      <object_component id="oc-183">
         <name>.text.commonInit</name>
         <load_address>0x14708</load_address>
         <readonly>true</readonly>
         <executable>true</executable>
         <run_address>0x14708</run_address>
         <size>0x30</size>
         <alignment>0x4</alignment>
         <input_file_ref idref="fl-9"/>
      </object_component>
      <object_component id="oc-12d">
         <name>.text.fopen</name>
         <load_address>0x14738</load_address>
         <readonly>true</readonly>
         <executable>true</executable>
         <run_address>0x14738</run_address>
         <size>0x30</size>
         <alignment>0x4</alignment>
         <input_file_ref idref="fl-2e"/>
      </object_component>
      <object_component id="oc-d2">
         <name>.text.ST7735_FillScreen</name>
         <load_address>0x14768</load_address>
         <readonly>true</readonly>
         <executable>true</executable>
         <run_address>0x14768</run_address>
         <size>0x2c</size>
         <alignment>0x4</alignment>
         <input_file_ref idref="fl-9"/>
      </object_component>
      <object_component id="oc-271">
         <name>.text.unlink</name>
         <load_address>0x14794</load_address>
         <readonly>true</readonly>
         <executable>true</executable>
         <run_address>0x14794</run_address>
         <size>0x2c</size>
         <alignment>0x4</alignment>
         <input_file_ref idref="fl-ba"/>
      </object_component>
      <object_component id="oc-20b">
         <name>.text.free_list_insert</name>
         <load_address>0x147c0</load_address>
         <readonly>true</readonly>
         <executable>true</executable>
         <run_address>0x147c0</run_address>
         <size>0x28</size>
         <alignment>0x4</alignment>
         <input_file_ref idref="fl-3d"/>
      </object_component>
      <object_component id="oc-2f1">
         <name>.text.lseek</name>
         <load_address>0x147e8</load_address>
         <readonly>true</readonly>
         <executable>true</executable>
         <run_address>0x147e8</run_address>
         <size>0x28</size>
         <alignment>0x4</alignment>
         <input_file_ref idref="fl-b7"/>
      </object_component>
      <object_component id="oc-23d">
         <name>.text.write</name>
         <load_address>0x14810</load_address>
         <readonly>true</readonly>
         <executable>true</executable>
         <run_address>0x14810</run_address>
         <size>0x28</size>
         <alignment>0x4</alignment>
         <input_file_ref idref="fl-b3"/>
      </object_component>
      <object_component id="oc-61">
         <name>.text:_c_int00_noargs</name>
         <load_address>0x14838</load_address>
         <readonly>true</readonly>
         <executable>true</executable>
         <run_address>0x14838</run_address>
         <size>0x28</size>
         <alignment>0x4</alignment>
         <input_file_ref idref="fl-3f"/>
      </object_component>
      <object_component id="oc-212">
         <name>.text.memccpy</name>
         <load_address>0x14860</load_address>
         <readonly>true</readonly>
         <executable>true</executable>
         <run_address>0x14860</run_address>
         <size>0x22</size>
         <alignment>0x2</alignment>
         <input_file_ref idref="fl-3c"/>
      </object_component>
      <object_component id="oc-7d">
         <name>.text.Convert</name>
         <load_address>0x14884</load_address>
         <readonly>true</readonly>
         <executable>true</executable>
         <run_address>0x14884</run_address>
         <size>0x20</size>
         <alignment>0x4</alignment>
         <input_file_ref idref="fl-1"/>
      </object_component>
      <object_component id="oc-1cb">
         <name>.text.Random32</name>
         <load_address>0x148a4</load_address>
         <readonly>true</readonly>
         <executable>true</executable>
         <run_address>0x148a4</run_address>
         <size>0x20</size>
         <alignment>0x4</alignment>
         <input_file_ref idref="fl-6"/>
      </object_component>
      <object_component id="oc-2d5">
         <name>.text.pushColor</name>
         <load_address>0x148c4</load_address>
         <readonly>true</readonly>
         <executable>true</executable>
         <run_address>0x148c4</run_address>
         <size>0x1e</size>
         <alignment>0x2</alignment>
         <input_file_ref idref="fl-9"/>
      </object_component>
      <object_component id="oc-209">
         <name>.text.free_list_remove</name>
         <load_address>0x148e4</load_address>
         <readonly>true</readonly>
         <executable>true</executable>
         <run_address>0x148e4</run_address>
         <size>0x1c</size>
         <alignment>0x4</alignment>
         <input_file_ref idref="fl-3d"/>
      </object_component>
      <object_component id="oc-16f">
         <name>.text.Random</name>
         <load_address>0x14900</load_address>
         <readonly>true</readonly>
         <executable>true</executable>
         <run_address>0x14900</run_address>
         <size>0x18</size>
         <alignment>0x2</alignment>
         <input_file_ref idref="fl-6"/>
      </object_component>
      <object_component id="oc-c6">
         <name>.text.Switch_Init</name>
         <load_address>0x14918</load_address>
         <readonly>true</readonly>
         <executable>true</executable>
         <run_address>0x14918</run_address>
         <size>0x18</size>
         <alignment>0x4</alignment>
         <input_file_ref idref="fl-d"/>
      </object_component>
      <object_component id="oc-13e">
         <name>.text.ST7735_open</name>
         <load_address>0x14930</load_address>
         <readonly>true</readonly>
         <executable>true</executable>
         <run_address>0x14930</run_address>
         <size>0x16</size>
         <alignment>0x2</alignment>
         <input_file_ref idref="fl-9"/>
      </object_component>
      <object_component id="oc-13c">
         <name>.text.ST7735_read</name>
         <load_address>0x14946</load_address>
         <readonly>true</readonly>
         <executable>true</executable>
         <run_address>0x14946</run_address>
         <size>0x16</size>
         <alignment>0x2</alignment>
         <input_file_ref idref="fl-9"/>
      </object_component>
      <object_component id="oc-58">
         <name>.text:decompress:ZI:__TI_zero_init_nomemset</name>
         <load_address>0x1495c</load_address>
         <readonly>true</readonly>
         <executable>true</executable>
         <run_address>0x1495c</run_address>
         <size>0x16</size>
         <alignment>0x2</alignment>
         <input_file_ref idref="fl-44"/>
      </object_component>
      <object_component id="oc-78">
         <name>.text.Switch_In</name>
         <load_address>0x14974</load_address>
         <readonly>true</readonly>
         <executable>true</executable>
         <run_address>0x14974</run_address>
         <size>0x14</size>
         <alignment>0x4</alignment>
         <input_file_ref idref="fl-d"/>
      </object_component>
      <object_component id="oc-dc">
         <name>.text.rotate</name>
         <load_address>0x14988</load_address>
         <readonly>true</readonly>
         <executable>true</executable>
         <run_address>0x14988</run_address>
         <size>0x14</size>
         <alignment>0x2</alignment>
         <input_file_ref idref="fl-c"/>
      </object_component>
      <object_component id="oc-262">
         <name>.text.strcpy</name>
         <load_address>0x1499c</load_address>
         <readonly>true</readonly>
         <executable>true</executable>
         <run_address>0x1499c</run_address>
         <size>0x12</size>
         <alignment>0x2</alignment>
         <input_file_ref idref="fl-bf"/>
      </object_component>
      <object_component id="oc-b1">
         <name>.text:TI_memcpy_small</name>
         <load_address>0x149ae</load_address>
         <readonly>true</readonly>
         <executable>true</executable>
         <run_address>0x149ae</run_address>
         <size>0x12</size>
         <alignment>0x1</alignment>
         <input_file_ref idref="fl-d7"/>
      </object_component>
      <object_component id="oc-20">
         <name>.text:decompress:none</name>
         <load_address>0x149c0</load_address>
         <readonly>true</readonly>
         <executable>true</executable>
         <run_address>0x149c0</run_address>
         <size>0x12</size>
         <alignment>0x2</alignment>
         <input_file_ref idref="fl-45"/>
      </object_component>
      <object_component id="oc-149">
         <name>.text.Clock_Delay</name>
         <load_address>0x149d2</load_address>
         <readonly>true</readonly>
         <executable>true</executable>
         <run_address>0x149d2</run_address>
         <size>0x10</size>
         <alignment>0x2</alignment>
         <input_file_ref idref="fl-3"/>
      </object_component>
      <object_component id="oc-20a">
         <name>.text.OUTLINED_FUNCTION_0</name>
         <load_address>0x149e2</load_address>
         <readonly>true</readonly>
         <executable>true</executable>
         <run_address>0x149e2</run_address>
         <size>0xe</size>
         <alignment>0x2</alignment>
         <input_file_ref idref="fl-3d"/>
      </object_component>
      <object_component id="oc-13a">
         <name>.text.ST7735_lseek</name>
         <load_address>0x149f0</load_address>
         <readonly>true</readonly>
         <executable>true</executable>
         <run_address>0x149f0</run_address>
         <size>0xe</size>
         <alignment>0x2</alignment>
         <input_file_ref idref="fl-9"/>
      </object_component>
      <object_component id="oc-211">
         <name>.text.__aeabi_memset</name>
         <load_address>0x14a00</load_address>
         <readonly>true</readonly>
         <executable>true</executable>
         <run_address>0x14a00</run_address>
         <size>0xe</size>
         <alignment>0x4</alignment>
         <input_file_ref idref="fl-cf"/>
      </object_component>
      <object_component id="oc-210">
         <name>.text.strlen</name>
         <load_address>0x14a0e</load_address>
         <readonly>true</readonly>
         <executable>true</executable>
         <run_address>0x14a0e</run_address>
         <size>0xe</size>
         <alignment>0x2</alignment>
         <input_file_ref idref="fl-2d"/>
      </object_component>
      <object_component id="oc-263">
         <name>.text.strlen</name>
         <load_address>0x14a1c</load_address>
         <readonly>true</readonly>
         <executable>true</executable>
         <run_address>0x14a1c</run_address>
         <size>0xe</size>
         <alignment>0x2</alignment>
         <input_file_ref idref="fl-bf"/>
      </object_component>
      <object_component id="oc-11e">
         <name>.text:TI_memset_small</name>
         <load_address>0x14a2a</load_address>
         <readonly>true</readonly>
         <executable>true</executable>
         <run_address>0x14a2a</run_address>
         <size>0xe</size>
         <alignment>0x1</alignment>
         <input_file_ref idref="fl-d8"/>
      </object_component>
      <object_component id="oc-246">
         <name>.text.Clock_Freq</name>
         <load_address>0x14a38</load_address>
         <readonly>true</readonly>
         <executable>true</executable>
         <run_address>0x14a38</run_address>
         <size>0xc</size>
         <alignment>0x4</alignment>
         <input_file_ref idref="fl-3"/>
      </object_component>
      <object_component id="oc-138">
         <name>.text.ST7735_rename</name>
         <load_address>0x14a44</load_address>
         <readonly>true</readonly>
         <executable>true</executable>
         <run_address>0x14a44</run_address>
         <size>0xc</size>
         <alignment>0x2</alignment>
         <input_file_ref idref="fl-9"/>
      </object_component>
      <object_component id="oc-8f">
         <name>.text.__aeabi_memclr</name>
         <load_address>0x14a50</load_address>
         <readonly>true</readonly>
         <executable>true</executable>
         <run_address>0x14a50</run_address>
         <size>0xc</size>
         <alignment>0x4</alignment>
         <input_file_ref idref="fl-cf"/>
      </object_component>
      <object_component id="oc-1a6">
         <name>.text.malloc</name>
         <load_address>0x14a5c</load_address>
         <readonly>true</readonly>
         <executable>true</executable>
         <run_address>0x14a5c</run_address>
         <size>0xc</size>
         <alignment>0x2</alignment>
         <input_file_ref idref="fl-3d"/>
      </object_component>
      <object_component id="oc-bb">
         <name>.text.PLL_Init</name>
         <load_address>0x14a68</load_address>
         <readonly>true</readonly>
         <executable>true</executable>
         <run_address>0x14a68</run_address>
         <size>0xa</size>
         <alignment>0x2</alignment>
         <input_file_ref idref="fl-6"/>
      </object_component>
      <object_component id="oc-13f">
         <name>.text.ST7735_close</name>
         <load_address>0x14a72</load_address>
         <readonly>true</readonly>
         <executable>true</executable>
         <run_address>0x14a72</run_address>
         <size>0xa</size>
         <alignment>0x2</alignment>
         <input_file_ref idref="fl-9"/>
      </object_component>
      <object_component id="oc-139">
         <name>.text.ST7735_unlink</name>
         <load_address>0x14a7c</load_address>
         <readonly>true</readonly>
         <executable>true</executable>
         <run_address>0x14a7c</run_address>
         <size>0xa</size>
         <alignment>0x2</alignment>
         <input_file_ref idref="fl-9"/>
      </object_component>
      <object_component id="oc-51">
         <name>.text.__aeabi_memcpy</name>
         <load_address>0x14a88</load_address>
         <readonly>true</readonly>
         <executable>true</executable>
         <run_address>0x14a88</run_address>
         <size>0x8</size>
         <alignment>0x4</alignment>
         <input_file_ref idref="fl-ce"/>
      </object_component>
      <object_component id="oc-15b">
         <name>.text._outc</name>
         <load_address>0x14a90</load_address>
         <readonly>true</readonly>
         <executable>true</executable>
         <run_address>0x14a90</run_address>
         <size>0x8</size>
         <alignment>0x2</alignment>
         <input_file_ref idref="fl-2c"/>
      </object_component>
      <object_component id="oc-15a">
         <name>.text._outs</name>
         <load_address>0x14a98</load_address>
         <readonly>true</readonly>
         <executable>true</executable>
         <run_address>0x14a98</run_address>
         <size>0x8</size>
         <alignment>0x2</alignment>
         <input_file_ref idref="fl-2c"/>
      </object_component>
      <object_component id="oc-2c4">
         <name>.text.fseek</name>
         <load_address>0x14aa0</load_address>
         <readonly>true</readonly>
         <executable>true</executable>
         <run_address>0x14aa0</run_address>
         <size>0x8</size>
         <alignment>0x2</alignment>
         <input_file_ref idref="fl-4b"/>
      </object_component>
      <object_component id="oc-202">
         <name>.text.remove</name>
         <load_address>0x14aa8</load_address>
         <readonly>true</readonly>
         <executable>true</executable>
         <run_address>0x14aa8</run_address>
         <size>0x8</size>
         <alignment>0x2</alignment>
         <input_file_ref idref="fl-b5"/>
      </object_component>
      <object_component id="oc-35">
         <name>.text.Default_Handler</name>
         <load_address>0x14ab0</load_address>
         <readonly>true</readonly>
         <executable>true</executable>
         <run_address>0x14ab0</run_address>
         <size>0x4</size>
         <alignment>0x2</alignment>
         <input_file_ref idref="fl-11"/>
      </object_component>
      <object_component id="oc-36">
         <name>.text.HardFault_Handler</name>
         <load_address>0x14ab4</load_address>
         <readonly>true</readonly>
         <executable>true</executable>
         <run_address>0x14ab4</run_address>
         <size>0x4</size>
         <alignment>0x2</alignment>
         <input_file_ref idref="fl-11"/>
      </object_component>
      <object_component id="oc-31">
         <name>.text.Reset_Handler</name>
         <load_address>0x14ab8</load_address>
         <readonly>true</readonly>
         <executable>true</executable>
         <run_address>0x14ab8</run_address>
         <size>0x4</size>
         <alignment>0x2</alignment>
         <input_file_ref idref="fl-11"/>
      </object_component>
      <object_component id="oc-94">
         <name>.text._system_pre_init</name>
         <load_address>0x14abc</load_address>
         <readonly>true</readonly>
         <executable>true</executable>
         <run_address>0x14abc</run_address>
         <size>0x4</size>
         <alignment>0x2</alignment>
         <input_file_ref idref="fl-42"/>
      </object_component>
      <object_component id="oc-fd">
         <name>.text:abort</name>
         <load_address>0x14ac0</load_address>
         <readonly>true</readonly>
         <executable>true</executable>
         <run_address>0x14ac0</run_address>
         <size>0x4</size>
         <alignment>0x2</alignment>
         <input_file_ref idref="fl-36"/>
      </object_component>
      <object_component id="oc-33b">
         <name>.cinit..data.load</name>
         <load_address>0x14ac8</load_address>
         <readonly>true</readonly>
         <run_address>0x14ac8</run_address>
         <size>0x75</size>
         <alignment>0x1</alignment>
      </object_component>
      <object_component id="oc-339">
         <name>__TI_handler_table</name>
         <load_address>0x14b40</load_address>
         <readonly>true</readonly>
         <run_address>0x14b40</run_address>
         <size>0xc</size>
         <alignment>0x4</alignment>
      </object_component>
      <object_component id="oc-33c">
         <name>.cinit..bss.load</name>
         <load_address>0x14b4c</load_address>
         <readonly>true</readonly>
         <run_address>0x14b4c</run_address>
         <size>0x8</size>
         <alignment>0x4</alignment>
      </object_component>
      <object_component id="oc-33a">
         <name>__TI_cinit_table</name>
         <load_address>0x14b54</load_address>
         <readonly>true</readonly>
         <run_address>0x14b54</run_address>
         <size>0x10</size>
         <alignment>0x4</alignment>
      </object_component>
      <object_component id="oc-ed">
         <name>.rodata.startPage</name>
         <load_address>0xc0</load_address>
         <readonly>true</readonly>
         <run_address>0xc0</run_address>
         <size>0xa000</size>
         <alignment>0x2</alignment>
         <input_file_ref idref="fl-6"/>
      </object_component>
      <object_component id="oc-167">
         <name>.rodata.JPiece1</name>
         <load_address>0xa0c0</load_address>
         <readonly>true</readonly>
         <run_address>0xa0c0</run_address>
         <size>0x6c0</size>
         <alignment>0x2</alignment>
         <input_file_ref idref="fl-6"/>
      </object_component>
      <object_component id="oc-168">
         <name>.rodata.JPiece2</name>
         <load_address>0xa780</load_address>
         <readonly>true</readonly>
         <run_address>0xa780</run_address>
         <size>0x6c0</size>
         <alignment>0x2</alignment>
         <input_file_ref idref="fl-6"/>
      </object_component>
      <object_component id="oc-166">
         <name>.rodata.JPiece3</name>
         <load_address>0xae40</load_address>
         <readonly>true</readonly>
         <run_address>0xae40</run_address>
         <size>0x6c0</size>
         <alignment>0x2</alignment>
         <input_file_ref idref="fl-6"/>
      </object_component>
      <object_component id="oc-165">
         <name>.rodata.JPiece4</name>
         <load_address>0xb500</load_address>
         <readonly>true</readonly>
         <run_address>0xb500</run_address>
         <size>0x6c0</size>
         <alignment>0x2</alignment>
         <input_file_ref idref="fl-6"/>
      </object_component>
      <object_component id="oc-164">
         <name>.rodata.LJBlack1</name>
         <load_address>0xbbc0</load_address>
         <readonly>true</readonly>
         <run_address>0xbbc0</run_address>
         <size>0x6c0</size>
         <alignment>0x2</alignment>
         <input_file_ref idref="fl-6"/>
      </object_component>
      <object_component id="oc-163">
         <name>.rodata.LJBlack2</name>
         <load_address>0xc280</load_address>
         <readonly>true</readonly>
         <run_address>0xc280</run_address>
         <size>0x6c0</size>
         <alignment>0x2</alignment>
         <input_file_ref idref="fl-6"/>
      </object_component>
      <object_component id="oc-16b">
         <name>.rodata.LPiece1</name>
         <load_address>0xc940</load_address>
         <readonly>true</readonly>
         <run_address>0xc940</run_address>
         <size>0x6c0</size>
         <alignment>0x2</alignment>
         <input_file_ref idref="fl-6"/>
      </object_component>
      <object_component id="oc-16c">
         <name>.rodata.LPiece2</name>
         <load_address>0xd000</load_address>
         <readonly>true</readonly>
         <run_address>0xd000</run_address>
         <size>0x6c0</size>
         <alignment>0x2</alignment>
         <input_file_ref idref="fl-6"/>
      </object_component>
      <object_component id="oc-16a">
         <name>.rodata.LPiece3</name>
         <load_address>0xd6c0</load_address>
         <readonly>true</readonly>
         <run_address>0xd6c0</run_address>
         <size>0x6c0</size>
         <alignment>0x2</alignment>
         <input_file_ref idref="fl-6"/>
      </object_component>
      <object_component id="oc-169">
         <name>.rodata.LPiece4</name>
         <load_address>0xdd80</load_address>
         <readonly>true</readonly>
         <run_address>0xdd80</run_address>
         <size>0x6c0</size>
         <alignment>0x2</alignment>
         <input_file_ref idref="fl-6"/>
      </object_component>
      <object_component id="oc-27c">
         <name>.rodata.Font</name>
         <load_address>0xe440</load_address>
         <readonly>true</readonly>
         <run_address>0xe440</run_address>
         <size>0x4fb</size>
         <alignment>0x1</alignment>
         <input_file_ref idref="fl-9"/>
      </object_component>
      <object_component id="oc-ea">
         <name>.rodata.rectangleBlack1</name>
         <load_address>0xe93c</load_address>
         <readonly>true</readonly>
         <run_address>0xe93c</run_address>
         <size>0x480</size>
         <alignment>0x2</alignment>
         <input_file_ref idref="fl-6"/>
      </object_component>
      <object_component id="oc-e9">
         <name>.rodata.rectangleBlack2</name>
         <load_address>0xedbc</load_address>
         <readonly>true</readonly>
         <run_address>0xedbc</run_address>
         <size>0x480</size>
         <alignment>0x2</alignment>
         <input_file_ref idref="fl-6"/>
      </object_component>
      <object_component id="oc-eb">
         <name>.rodata.rectangleImage1</name>
         <load_address>0xf23c</load_address>
         <readonly>true</readonly>
         <run_address>0xf23c</run_address>
         <size>0x480</size>
         <alignment>0x2</alignment>
         <input_file_ref idref="fl-6"/>
      </object_component>
      <object_component id="oc-ec">
         <name>.rodata.rectangleImage2</name>
         <load_address>0xf6bc</load_address>
         <readonly>true</readonly>
         <run_address>0xf6bc</run_address>
         <size>0x480</size>
         <alignment>0x2</alignment>
         <input_file_ref idref="fl-6"/>
      </object_component>
      <object_component id="oc-16e">
         <name>.rodata.squareBlack</name>
         <load_address>0xfb3c</load_address>
         <readonly>true</readonly>
         <run_address>0xfb3c</run_address>
         <size>0x480</size>
         <alignment>0x2</alignment>
         <input_file_ref idref="fl-6"/>
      </object_component>
      <object_component id="oc-16d">
         <name>.rodata.squareImage</name>
         <load_address>0xffbc</load_address>
         <readonly>true</readonly>
         <run_address>0xffbc</run_address>
         <size>0x480</size>
         <alignment>0x2</alignment>
         <input_file_ref idref="fl-6"/>
      </object_component>
      <object_component id="oc-174">
         <name>.rodata.singleBlack</name>
         <load_address>0x1043c</load_address>
         <readonly>true</readonly>
         <run_address>0x1043c</run_address>
         <size>0x120</size>
         <alignment>0x2</alignment>
         <input_file_ref idref="fl-6"/>
      </object_component>
      <object_component id="oc-175">
         <name>.rodata.singleBlock</name>
         <load_address>0x1055c</load_address>
         <readonly>true</readonly>
         <run_address>0x1055c</run_address>
         <size>0x120</size>
         <alignment>0x2</alignment>
         <input_file_ref idref="fl-6"/>
      </object_component>
      <object_component id="oc-186">
         <name>.rodata.Rcmd1</name>
         <load_address>0x1067c</load_address>
         <readonly>true</readonly>
         <run_address>0x1067c</run_address>
         <size>0x3b</size>
         <alignment>0x1</alignment>
         <input_file_ref idref="fl-9"/>
      </object_component>
      <object_component id="oc-18b">
         <name>.rodata.Rcmd3</name>
         <load_address>0x106b7</load_address>
         <readonly>true</readonly>
         <run_address>0x106b7</run_address>
         <size>0x2b</size>
         <alignment>0x1</alignment>
         <input_file_ref idref="fl-9"/>
      </object_component>
      <object_component id="oc-20f">
         <name>.rodata.str1.7335694693116752461</name>
         <load_address>0x106e2</load_address>
         <readonly>true</readonly>
         <run_address>0x106e2</run_address>
         <size>0x16</size>
         <alignment>0x1</alignment>
         <input_file_ref idref="fl-9"/>
      </object_component>
      <object_component id="oc-fb">
         <name>.rodata.str1.130215324953753528721</name>
         <load_address>0x106f8</load_address>
         <readonly>true</readonly>
         <run_address>0x106f8</run_address>
         <size>0x14</size>
         <alignment>0x1</alignment>
         <input_file_ref idref="fl-6"/>
      </object_component>
      <object_component id="oc-216">
         <name>.rodata.str1.44690500295887128011</name>
         <load_address>0x1070c</load_address>
         <readonly>true</readonly>
         <run_address>0x1070c</run_address>
         <size>0x11</size>
         <alignment>0x1</alignment>
[...]
         <object_component_ref idref="oc-161"/>
      </symbol>
      <symbol id="sm-17e">
         <name>placeBlock</name>
         <value>0x107e1</value>
         <object_component_ref idref="oc-e5"/>
      </symbol>
      <symbol id="sm-17f">
         <name>clearBlocks</name>
         <value>0x13f01</value>
         <object_component_ref idref="oc-e4"/>
      </symbol>
      <symbol id="sm-180">
         <name>rotate</name>
         <value>0x14989</value>
         <object_component_ref idref="oc-dc"/>
      </symbol>
      <symbol id="sm-181">
         <name>drop</name>
         <value>0x11189</value>
         <object_component_ref idref="oc-e6"/>
      </symbol>
      <symbol id="sm-182">
         <name>validX</name>
         <value>0x129d1</value>
         <object_component_ref idref="oc-7f"/>
      </symbol>
      <symbol id="sm-183">
         <name>processGrid</name>
         <value>0x12dd9</value>
         <object_component_ref idref="oc-e8"/>
      </symbol>
      <symbol id="sm-190">
         <name>Switch_Init</name>
         <value>0x14919</value>
         <object_component_ref idref="oc-c6"/>
      </symbol>
      <symbol id="sm-191">
         <name>Switch_In</name>
         <value>0x14975</value>
         <object_component_ref idref="oc-78"/>
      </symbol>
      <symbol id="sm-19b">
         <name>TIMG7_IRQHandler</name>
         <value>0x14389</value>
         <object_component_ref idref="oc-3c"/>
      </symbol>
      <symbol id="sm-19c">
         <name>TExaSadc</name>
         <value>0x202005c8</value>
      </symbol>
      <symbol id="sm-19d">
         <name>TExaSLogic</name>
         <value>0x202005c4</value>
      </symbol>
      <symbol id="sm-1a7">
         <name>TimerG12_IntArm</name>
         <value>0x13879</value>
         <object_component_ref idref="oc-cd"/>
      </symbol>
      <symbol id="sm-1b5">
         <name>Default_Handler</name>
         <value>0x14ab1</value>
         <object_component_ref idref="oc-35"/>
      </symbol>
      <symbol id="sm-1b6">
         <name>Reset_Handler</name>
         <value>0x14ab9</value>
         <object_component_ref idref="oc-31"/>
      </symbol>
      <symbol id="sm-1b7">
         <name>HardFault_Handler</name>
         <value>0x14ab5</value>
         <object_component_ref idref="oc-36"/>
      </symbol>
      <symbol id="sm-1b8">
         <name>interruptVectors</name>
         <value>0x0</value>
         <object_component_ref idref="oc-18"/>
      </symbol>
      <symbol id="sm-1b9">
         <name>NMI_Handler</name>
         <value>0x14ab1</value>
         <object_component_ref idref="oc-35"/>
      </symbol>
      <symbol id="sm-1ba">
         <name>SVC_Handler</name>
         <value>0x14ab1</value>
         <object_component_ref idref="oc-35"/>
      </symbol>
      <symbol id="sm-1bb">
         <name>PendSV_Handler</name>
         <value>0x14ab1</value>
         <object_component_ref idref="oc-35"/>
      </symbol>
      <symbol id="sm-1bc">
         <name>GROUP0_IRQHandler</name>
         <value>0x14ab1</value>
         <object_component_ref idref="oc-35"/>
      </symbol>
      <symbol id="sm-1bd">
         <name>GROUP1_IRQHandler</name>
         <value>0x14ab1</value>
         <object_component_ref idref="oc-35"/>
      </symbol>
      <symbol id="sm-1be">
         <name>TIMG8_IRQHandler</name>
         <value>0x14ab1</value>
         <object_component_ref idref="oc-35"/>
      </symbol>
      <symbol id="sm-1bf">
         <name>UART3_IRQHandler</name>
         <value>0x14ab1</value>
         <object_component_ref idref="oc-35"/>
      </symbol>
      <symbol id="sm-1c0">
         <name>ADC0_IRQHandler</name>
         <value>0x14ab1</value>
         <object_component_ref idref="oc-35"/>
      </symbol>
      <symbol id="sm-1c1">
         <name>ADC1_IRQHandler</name>
         <value>0x14ab1</value>
         <object_component_ref idref="oc-35"/>
      </symbol>
      <symbol id="sm-1c2">
         <name>CANFD0_IRQHandler</name>
         <value>0x14ab1</value>
         <object_component_ref idref="oc-35"/>
      </symbol>
      <symbol id="sm-1c3">
         <name>DAC0_IRQHandler</name>
         <value>0x14ab1</value>
         <object_component_ref idref="oc-35"/>
      </symbol>
      <symbol id="sm-1c4">
         <name>SPI0_IRQHandler</name>
         <value>0x14ab1</value>
         <object_component_ref idref="oc-35"/>
      </symbol>
      <symbol id="sm-1c5">
         <name>SPI1_IRQHandler</name>
         <value>0x14ab1</value>
         <object_component_ref idref="oc-35"/>
      </symbol>
      <symbol id="sm-1c6">
         <name>UART1_IRQHandler</name>
         <value>0x14ab1</value>
         <object_component_ref idref="oc-35"/>
      </symbol>
      <symbol id="sm-1c7">
         <name>UART2_IRQHandler</name>
         <value>0x14ab1</value>
         <object_component_ref idref="oc-35"/>
      </symbol>
      <symbol id="sm-1c8">
         <name>UART0_IRQHandler</name>
         <value>0x14ab1</value>
         <object_component_ref idref="oc-35"/>
      </symbol>
      <symbol id="sm-1c9">
         <name>TIMG0_IRQHandler</name>
         <value>0x14ab1</value>
         <object_component_ref idref="oc-35"/>
      </symbol>
      <symbol id="sm-1ca">
         <name>TIMG6_IRQHandler</name>
         <value>0x14ab1</value>
         <object_component_ref idref="oc-35"/>
      </symbol>
      <symbol id="sm-1cb">
         <name>TIMA0_IRQHandler</name>
         <value>0x14ab1</value>
         <object_component_ref idref="oc-35"/>
      </symbol>
      <symbol id="sm-1cc">
         <name>TIMA1_IRQHandler</name>
         <value>0x14ab1</value>
         <object_component_ref idref="oc-35"/>
      </symbol>
      <symbol id="sm-1cd">
         <name>I2C0_IRQHandler</name>
         <value>0x14ab1</value>
         <object_component_ref idref="oc-35"/>
      </symbol>
      <symbol id="sm-1ce">
         <name>I2C1_IRQHandler</name>
         <value>0x14ab1</value>
         <object_component_ref idref="oc-35"/>
      </symbol>
      <symbol id="sm-1cf">
         <name>AES_IRQHandler</name>
         <value>0x14ab1</value>
         <object_component_ref idref="oc-35"/>
      </symbol>
      <symbol id="sm-1d0">
         <name>RTC_IRQHandler</name>
         <value>0x14ab1</value>
         <object_component_ref idref="oc-35"/>
      </symbol>
      <symbol id="sm-1d1">
         <name>DMA_IRQHandler</name>
         <value>0x14ab1</value>
         <object_component_ref idref="oc-35"/>
      </symbol>
      <symbol id="sm-1d2">
         <name>__TI_ATRegion0_src_addr</name>
         <value>0x0</value>
      </symbol>
      <symbol id="sm-1d3">
         <name>__TI_ATRegion0_trg_addr</name>
         <value>0x0</value>
      </symbol>
      <symbol id="sm-1d4">
         <name>__TI_ATRegion0_region_sz</name>
         <value>0x0</value>
      </symbol>
      <symbol id="sm-1d5">
         <name>__TI_ATRegion1_src_addr</name>
         <value>0x0</value>
      </symbol>
      <symbol id="sm-1d6">
         <name>__TI_ATRegion1_trg_addr</name>
         <value>0x0</value>
      </symbol>
      <symbol id="sm-1d7">
         <name>__TI_ATRegion1_region_sz</name>
         <value>0x0</value>
      </symbol>
      <symbol id="sm-1d8">
         <name>__TI_ATRegion2_src_addr</name>
         <value>0x0</value>
      </symbol>
      <symbol id="sm-1d9">
         <name>__TI_ATRegion2_trg_addr</name>
         <value>0x0</value>
      </symbol>
      <symbol id="sm-1da">
         <name>__TI_ATRegion2_region_sz</name>
         <value>0x0</value>
      </symbol>
      <symbol id="sm-1eb">
         <name>printf</name>
         <value>0x14029</value>
         <object_component_ref idref="oc-d6"/>
      </symbol>
      <symbol id="sm-201">
         <name>__TI_printfi_minimal</name>
         <value>0x11b7d</value>
         <object_component_ref idref="oc-1b1"/>
      </symbol>
      <symbol id="sm-21a">
         <name>fopen</name>
         <value>0x14739</value>
         <object_component_ref idref="oc-12d"/>
      </symbol>
      <symbol id="sm-21b">
         <name>__TI_cleanup</name>
         <value>0x14605</value>
         <object_component_ref idref="oc-1a7"/>
      </symbol>
      <symbol id="sm-21c">
         <name>freopen</name>
         <value>0x146d5</value>
         <object_component_ref idref="oc-133"/>
      </symbol>
      <symbol id="sm-227">
         <name>fputc</name>
         <value>0x13745</value>
         <object_component_ref idref="oc-1c5"/>
      </symbol>
      <symbol id="sm-232">
         <name>fputs</name>
         <value>0x12add</value>
         <object_component_ref idref="oc-1bf"/>
      </symbol>
      <symbol id="sm-23c">
         <name>__TI_wrt_ok</name>
         <value>0x13e9d</value>
         <object_component_ref idref="oc-237"/>
      </symbol>
      <symbol id="sm-246">
         <name>setvbuf</name>
         <value>0x130a9</value>
         <object_component_ref idref="oc-134"/>
      </symbol>
      <symbol id="sm-257">
         <name>abort</name>
         <value>0x14ac1</value>
         <object_component_ref idref="oc-fd"/>
      </symbol>
      <symbol id="sm-258">
         <name>C$$EXIT</name>
         <value>0x14ac0</value>
         <object_component_ref idref="oc-fd"/>
      </symbol>
      <symbol id="sm-259">
         <name>__TI_cleanup_ptr</name>
         <value>0x20200348</value>
         <object_component_ref idref="oc-178"/>
      </symbol>
      <symbol id="sm-25a">
         <name>__TI_dtors_ptr</name>
         <value>0x2020034c</value>
         <object_component_ref idref="oc-178"/>
      </symbol>
      <symbol id="sm-25b">
         <name>exit</name>
         <value>0x146a1</value>
         <object_component_ref idref="oc-102"/>
      </symbol>
      <symbol id="sm-264">
         <name>_nop</name>
         <value>0x13a97</value>
         <object_component_ref idref="oc-1b9"/>
      </symbol>
      <symbol id="sm-265">
         <name>_lock</name>
         <value>0x20200364</value>
         <object_component_ref idref="oc-158"/>
      </symbol>
      <symbol id="sm-266">
         <name>_unlock</name>
         <value>0x20200368</value>
         <object_component_ref idref="oc-15c"/>
      </symbol>
      <symbol id="sm-26e">
         <name>_ftable</name>
         <value>0x20200190</value>
         <object_component_ref idref="oc-142"/>
      </symbol>
      <symbol id="sm-26f">
         <name>__TI_ft_end</name>
         <value>0x20200360</value>
         <object_component_ref idref="oc-1f3"/>
      </symbol>
      <symbol id="sm-270">
         <name>__TI_tmpnams</name>
         <value>0x202004a8</value>
         <object_component_ref idref="oc-206"/>
      </symbol>
      <symbol id="sm-279">
         <name>memccpy</name>
         <value>0x14861</value>
         <object_component_ref idref="oc-212"/>
      </symbol>
      <symbol id="sm-29c">
         <name>malloc</name>
         <value>0x14a5d</value>
         <object_component_ref idref="oc-1a6"/>
      </symbol>
      <symbol id="sm-29d">
         <name>aligned_alloc</name>
         <value>0x1278d</value>
         <object_component_ref idref="oc-20c"/>
      </symbol>
      <symbol id="sm-29e">
         <name>free</name>
         <value>0x12fbd</value>
         <object_component_ref idref="oc-1a4"/>
      </symbol>
      <symbol id="sm-29f">
         <name>_sys_memory</name>
         <value>0x202005d0</value>
         <object_component_ref idref="oc-2f"/>
      </symbol>
      <symbol id="sm-2a0">
         <name>memalign</name>
         <value>0x1278d</value>
         <object_component_ref idref="oc-20c"/>
      </symbol>
      <symbol id="sm-2ac">
         <name>_c_int00_noargs</name>
         <value>0x14839</value>
         <object_component_ref idref="oc-61"/>
      </symbol>
      <symbol id="sm-2ad">
         <name>__stack</name>
         <value>0x20207e00</value>
         <object_component_ref idref="oc-1a"/>
      </symbol>
      <symbol id="sm-2b9">
         <name>__TI_auto_init_nobinit_nopinit</name>
         <value>0x14485</value>
         <object_component_ref idref="oc-104"/>
      </symbol>
      <symbol id="sm-2c1">
         <name>_system_pre_init</name>
         <value>0x14abd</value>
         <object_component_ref idref="oc-94"/>
      </symbol>
      <symbol id="sm-2cc">
         <name>__TI_zero_init_nomemset</name>
         <value>0x1495d</value>
         <object_component_ref idref="oc-58"/>
      </symbol>
      <symbol id="sm-2d5">
         <name>__TI_decompress_none</name>
         <value>0x149c1</value>
         <object_component_ref idref="oc-20"/>
      </symbol>
      <symbol id="sm-2e0">
         <name>__TI_decompress_lzss</name>
         <value>0x13c09</value>
         <object_component_ref idref="oc-1c"/>
      </symbol>
      <symbol id="sm-2ed">
         <name>__TI_closefile</name>
         <value>0x13b15</value>
         <object_component_ref idref="oc-19e"/>
      </symbol>
      <symbol id="sm-2f7">
         <name>__TI_doflush</name>
         <value>0x1418b</value>
         <object_component_ref idref="oc-1f8"/>
      </symbol>
      <symbol id="sm-304">
         <name>fseek</name>
         <value>0x14aa1</value>
         <object_component_ref idref="oc-2c4"/>
      </symbol>
      <symbol id="sm-305">
         <name>fseeko</name>
         <value>0x13dc9</value>
         <object_component_ref idref="oc-2ed"/>
      </symbol>
      <symbol id="sm-310">
         <name>write</name>
         <value>0x14811</value>
         <object_component_ref idref="oc-23d"/>
      </symbol>
      <symbol id="sm-315">
         <name>_device</name>
         <value>0x20200280</value>
         <object_component_ref idref="oc-195"/>
      </symbol>
      <symbol id="sm-316">
         <name>_stream</name>
         <value>0x202002f8</value>
         <object_component_ref idref="oc-268"/>
      </symbol>
      <symbol id="sm-31f">
         <name>remove</name>
         <value>0x14aa9</value>
         <object_component_ref idref="oc-202"/>
      </symbol>
      <symbol id="sm-32b">
         <name>open</name>
         <value>0x1355d</value>
         <object_component_ref idref="oc-1f4"/>
      </symbol>
      <symbol id="sm-335">
         <name>lseek</name>
         <value>0x147e9</value>
         <object_component_ref idref="oc-2f1"/>
      </symbol>
      <symbol id="sm-33f">
         <name>close</name>
         <value>0x141dd</value>
         <object_component_ref idref="oc-1fe"/>
      </symbol>
      <symbol id="sm-34b">
         <name>add_device</name>
         <value>0x12ed1</value>
         <object_component_ref idref="oc-129"/>
      </symbol>
      <symbol id="sm-355">
         <name>unlink</name>
         <value>0x14795</value>
         <object_component_ref idref="oc-271"/>
      </symbol>
      <symbol id="sm-35f">
         <name>HOSTclose</name>
         <value>0x1422d</value>
         <object_component_ref idref="oc-1d6"/>
      </symbol>
      <symbol id="sm-369">
         <name>HOSTlseek</name>
         <value>0x13cf1</value>
         <object_component_ref idref="oc-1e2"/>
      </symbol>
      <symbol id="sm-373">
         <name>HOSTopen</name>
         <value>0x13fc9</value>
         <object_component_ref idref="oc-1d2"/>
      </symbol>
      <symbol id="sm-374">
         <name>parmbuf</name>
         <value>0x202005a8</value>
         <object_component_ref idref="oc-24f"/>
      </symbol>
      <symbol id="sm-37e">
         <name>HOSTread</name>
         <value>0x14085</value>
         <object_component_ref idref="oc-1da"/>
      </symbol>
      <symbol id="sm-38f">
         <name>HOSTrename</name>
         <value>0x13d5d</value>
         <object_component_ref idref="oc-1ea"/>
      </symbol>
      <symbol id="sm-399">
         <name>HOSTunlink</name>
         <value>0x14275</value>
         <object_component_ref idref="oc-1e6"/>
      </symbol>
      <symbol id="sm-3a3">
         <name>HOSTwrite</name>
         <value>0x140dd</value>
         <object_component_ref idref="oc-1de"/>
      </symbol>
      <symbol id="sm-3b1">
         <name>C$$IO$$</name>
         <value>0x14699</value>
         <object_component_ref idref="oc-248"/>
      </symbol>
      <symbol id="sm-3b2">
         <name>__TI_writemsg</name>
         <value>0x1466d</value>
         <object_component_ref idref="oc-248"/>
      </symbol>
      <symbol id="sm-3b3">
         <name>__CIOBUF_</name>
         <value>0x20200388</value>
         <object_component_ref idref="oc-2cf"/>
      </symbol>
      <symbol id="sm-3b4">
         <name>__TI_readmsg</name>
         <value>0x14639</value>
         <object_component_ref idref="oc-24e"/>
      </symbol>
      <symbol id="sm-3b5">
         <name>_CIOBUF_</name>
         <value>0x20200388</value>
         <object_component_ref idref="oc-2cf"/>
      </symbol>
      <symbol id="sm-3bb">
         <name>__aeabi_idiv</name>
         <value>0x14135</value>
         <object_component_ref idref="oc-ab"/>
      </symbol>
      <symbol id="sm-3bc">
         <name>__aeabi_idivmod</name>
         <value>0x14135</value>
         <object_component_ref idref="oc-ab"/>
      </symbol>
      <symbol id="sm-3c2">
         <name>__aeabi_memcpy</name>
         <value>0x14a89</value>
         <object_component_ref idref="oc-51"/>
      </symbol>
      <symbol id="sm-3c3">
         <name>__aeabi_memcpy4</name>
         <value>0x14a89</value>
         <object_component_ref idref="oc-51"/>
      </symbol>
      <symbol id="sm-3c4">
         <name>__aeabi_memcpy8</name>
         <value>0x14a89</value>
         <object_component_ref idref="oc-51"/>
      </symbol>
      <symbol id="sm-3cd">
         <name>__aeabi_memset</name>
         <value>0x14a01</value>
         <object_component_ref idref="oc-211"/>
      </symbol>
      <symbol id="sm-3ce">
         <name>__aeabi_memset4</name>
         <value>0x14a01</value>
         <object_component_ref idref="oc-211"/>
      </symbol>
      <symbol id="sm-3cf">
         <name>__aeabi_memset8</name>
         <value>0x14a01</value>
         <object_component_ref idref="oc-211"/>
      </symbol>
      <symbol id="sm-3d0">
         <name>__aeabi_memclr</name>
         <value>0x14a51</value>
         <object_component_ref idref="oc-8f"/>
      </symbol>
      <symbol id="sm-3d1">
         <name>__aeabi_memclr4</name>
         <value>0x14a51</value>
         <object_component_ref idref="oc-8f"/>
      </symbol>
      <symbol id="sm-3d2">
         <name>__aeabi_memclr8</name>
         <value>0x14a51</value>
         <object_component_ref idref="oc-8f"/>
      </symbol>
      <symbol id="sm-3d8">
         <name>__aeabi_uidiv</name>
         <value>0x143c9</value>
         <object_component_ref idref="oc-a7"/>
      </symbol>
      <symbol id="sm-3d9">
         <name>__aeabi_uidivmod</name>
         <value>0x143c9</value>
         <object_component_ref idref="oc-a7"/>
      </symbol>
      <symbol id="sm-3e4">
         <name>__aeabi_idiv0</name>
         <value>0x136a7</value>
         <object_component_ref idref="oc-116"/>
      </symbol>
      <symbol id="sm-3f2">
         <name>finddevice</name>
         <value>0x14531</value>
         <object_component_ref idref="oc-18e"/>
      </symbol>
      <symbol id="sm-3f3">
         <name>getdevice</name>
         <value>0x13e35</value>
         <object_component_ref idref="oc-266"/>
      </symbol>
      <symbol id="sm-3fc">
         <name>TI_memcpy_small</name>
         <value>0x149af</value>
         <object_component_ref idref="oc-b1"/>
      </symbol>
      <symbol id="sm-405">
         <name>TI_memset_small</name>
         <value>0x14a2b</value>
         <object_component_ref idref="oc-11e"/>
      </symbol>
      <symbol id="sm-406">
         <name>__TI_static_base__</name>
         <value>0x0</value>
      </symbol>
      <symbol id="sm-409">
         <name>__mpu_init</name>
         <value>0x0</value>
      </symbol>
      <symbol id="sm-40a">
         <name>_system_post_cinit</name>
         <value>0x0</value>
      </symbol>
   </symbol_table>
   <title>Link successful</title>
</link_info>
