<?xml version="1.0" encoding="ISO-8859-1" ?>
<link_info>
   <banner>TI ARM Clang Linker PC v3.2.2.LTS</banner>
   <copyright>Copyright (c) 1996-2018 Texas Instruments Incorporated</copyright>
   <link_time>0x6748f541</link_time>
   <link_errors>0x0</link_errors>
   <output_file>C:\Users\sarth\OneDrive\Documents\School\ECE319K\MSPM0_ValvanoWare\ECE319K_Lab9\Debug\ECE319K_Lab9.out</output_file>
   <entry_point>
      <name>_c_int00_noargs</name>
      <address>0x296d</address>
   </entry_point>
   <input_file_list>
      <input_file id="fl-1">
         <path>C:\Users\sarth\OneDrive\Documents\School\ECE319K\MSPM0_ValvanoWare\ECE319K_Lab9\Debug\.\</path>
         <kind>object</kind>
         <file>ADC1.o</file>
         <name>ADC1.o</name>
      </input_file>
      <input_file id="fl-2">
         <path>C:\Users\sarth\OneDrive\Documents\School\ECE319K\MSPM0_ValvanoWare\ECE319K_Lab9\Debug\.\</path>
         <kind>object</kind>
         <file>Arabic.o</file>
         <name>Arabic.o</name>
      </input_file>
      <input_file id="fl-3">
         <path>C:\Users\sarth\OneDrive\Documents\School\ECE319K\MSPM0_ValvanoWare\ECE319K_Lab9\Debug\.\</path>
         <kind>object</kind>
         <file>Clock.o</file>
         <name>Clock.o</name>
      </input_file>
      <input_file id="fl-4">
         <path>C:\Users\sarth\OneDrive\Documents\School\ECE319K\MSPM0_ValvanoWare\ECE319K_Lab9\Debug\.\</path>
         <kind>object</kind>
         <file>DAC5.o</file>
         <name>DAC5.o</name>
      </input_file>
      <input_file id="fl-5">
         <path>C:\Users\sarth\OneDrive\Documents\School\ECE319K\MSPM0_ValvanoWare\ECE319K_Lab9\Debug\.\</path>
         <kind>object</kind>
         <file>LED.o</file>
         <name>LED.o</name>
      </input_file>
      <input_file id="fl-6">
         <path>C:\Users\sarth\OneDrive\Documents\School\ECE319K\MSPM0_ValvanoWare\ECE319K_Lab9\Debug\.\</path>
         <kind>object</kind>
         <file>Lab9Main.o</file>
         <name>Lab9Main.o</name>
      </input_file>
      <input_file id="fl-7">
         <path>C:\Users\sarth\OneDrive\Documents\School\ECE319K\MSPM0_ValvanoWare\ECE319K_Lab9\Debug\.\</path>
         <kind>object</kind>
         <file>LaunchPad.o</file>
         <name>LaunchPad.o</name>
      </input_file>
      <input_file id="fl-8">
         <path>C:\Users\sarth\OneDrive\Documents\School\ECE319K\MSPM0_ValvanoWare\ECE319K_Lab9\Debug\.\</path>
         <kind>object</kind>
         <file>SPI.o</file>
         <name>SPI.o</name>
      </input_file>
      <input_file id="fl-9">
         <path>C:\Users\sarth\OneDrive\Documents\School\ECE319K\MSPM0_ValvanoWare\ECE319K_Lab9\Debug\.\</path>
         <kind>object</kind>
         <file>ST7735.o</file>
         <name>ST7735.o</name>
      </input_file>
      <input_file id="fl-a">
         <path>C:\Users\sarth\OneDrive\Documents\School\ECE319K\MSPM0_ValvanoWare\ECE319K_Lab9\Debug\.\</path>
         <kind>object</kind>
         <file>SmallFont.o</file>
         <name>SmallFont.o</name>
      </input_file>
      <input_file id="fl-b">
         <path>C:\Users\sarth\OneDrive\Documents\School\ECE319K\MSPM0_ValvanoWare\ECE319K_Lab9\Debug\.\</path>
         <kind>object</kind>
         <file>Sound.o</file>
         <name>Sound.o</name>
      </input_file>
      <input_file id="fl-c">
         <path>C:\Users\sarth\OneDrive\Documents\School\ECE319K\MSPM0_ValvanoWare\ECE319K_Lab9\Debug\.\</path>
         <kind>object</kind>
         <file>Sprite.o</file>
         <name>Sprite.o</name>
      </input_file>
      <input_file id="fl-d">
         <path>C:\Users\sarth\OneDrive\Documents\School\ECE319K\MSPM0_ValvanoWare\ECE319K_Lab9\Debug\.\</path>
         <kind>object</kind>
         <file>Switch.o</file>
         <name>Switch.o</name>
      </input_file>
      <input_file id="fl-e">
         <path>C:\Users\sarth\OneDrive\Documents\School\ECE319K\MSPM0_ValvanoWare\ECE319K_Lab9\Debug\.\</path>
         <kind>object</kind>
         <file>TExaS.o</file>
         <name>TExaS.o</name>
      </input_file>
      <input_file id="fl-f">
         <path>C:\Users\sarth\OneDrive\Documents\School\ECE319K\MSPM0_ValvanoWare\ECE319K_Lab9\Debug\.\</path>
         <kind>object</kind>
         <file>Timer.o</file>
         <name>Timer.o</name>
      </input_file>
      <input_file id="fl-10">
         <path>C:\Users\sarth\OneDrive\Documents\School\ECE319K\MSPM0_ValvanoWare\ECE319K_Lab9\Debug\.\images\pipedreams\</path>
         <kind>object</kind>
         <file>PipeSound.o</file>
         <name>PipeSound.o</name>
      </input_file>
      <input_file id="fl-11">
         <path>C:\Users\sarth\OneDrive\Documents\School\ECE319K\MSPM0_ValvanoWare\ECE319K_Lab9\Debug\.\ticlang\</path>
         <kind>object</kind>
         <file>startup_mspm0g3507_ticlang.o</file>
         <name>startup_mspm0g3507_ticlang.o</name>
      </input_file>
      <input_file id="fl-1d">
         <path>C:\Users\sarth\OneDrive\Documents\School\ECE319K\MSPM0_ValvanoWare\ECE319K_Lab9\Debug\</path>
         <kind>object</kind>
         <file>&lt;internal&gt;</file>
         <name>&lt;internal&gt;</name>
      </input_file>
      <input_file id="fl-2c">
         <path>C:\ti\ccs1280\ccs\tools\compiler\ti-cgt-armllvm_3.2.2.LTS\lib\armv6m-ti-none-eabi\c\</path>
         <kind>archive</kind>
         <file>libc.a</file>
         <name>fopen.c.obj</name>
      </input_file>
      <input_file id="fl-2d">
         <path>C:\ti\ccs1280\ccs\tools\compiler\ti-cgt-armllvm_3.2.2.LTS\lib\armv6m-ti-none-eabi\c\</path>
         <kind>archive</kind>
         <file>libc.a</file>
         <name>setvbuf.c.obj</name>
      </input_file>
      <input_file id="fl-2e">
         <path>C:\ti\ccs1280\ccs\tools\compiler\ti-cgt-armllvm_3.2.2.LTS\lib\armv6m-ti-none-eabi\c\</path>
         <kind>archive</kind>
         <file>libc.a</file>
         <name>aeabi_portable.c.obj</name>
      </input_file>
      <input_file id="fl-2f">
         <path>C:\ti\ccs1280\ccs\tools\compiler\ti-cgt-armllvm_3.2.2.LTS\lib\armv6m-ti-none-eabi\c\</path>
         <kind>archive</kind>
         <file>libc.a</file>
         <name>exit.c.obj</name>
      </input_file>
      <input_file id="fl-30">
         <path>C:\ti\ccs1280\ccs\tools\compiler\ti-cgt-armllvm_3.2.2.LTS\lib\armv6m-ti-none-eabi\c\</path>
         <kind>archive</kind>
         <file>libc.a</file>
         <name>_lock.c.obj</name>
      </input_file>
      <input_file id="fl-31">
         <path>C:\ti\ccs1280\ccs\tools\compiler\ti-cgt-armllvm_3.2.2.LTS\lib\armv6m-ti-none-eabi\c\</path>
         <kind>archive</kind>
         <file>libc.a</file>
         <name>assert.c.obj</name>
      </input_file>
      <input_file id="fl-32">
         <path>C:\ti\ccs1280\ccs\tools\compiler\ti-cgt-armllvm_3.2.2.LTS\lib\armv6m-ti-none-eabi\c\</path>
         <kind>archive</kind>
         <file>libc.a</file>
         <name>defs.c.obj</name>
      </input_file>
      <input_file id="fl-33">
         <path>C:\ti\ccs1280\ccs\tools\compiler\ti-cgt-armllvm_3.2.2.LTS\lib\armv6m-ti-none-eabi\c\</path>
         <kind>archive</kind>
         <file>libc.a</file>
         <name>memory.c.obj</name>
      </input_file>
      <input_file id="fl-34">
         <path>C:\ti\ccs1280\ccs\tools\compiler\ti-cgt-armllvm_3.2.2.LTS\lib\armv6m-ti-none-eabi\c\</path>
         <kind>archive</kind>
         <file>libc.a</file>
         <name>abs.c.obj</name>
      </input_file>
      <input_file id="fl-35">
         <path>C:\ti\ccs1280\ccs\tools\compiler\ti-cgt-armllvm_3.2.2.LTS\lib\armv6m-ti-none-eabi\c\</path>
         <kind>archive</kind>
         <file>libc.a</file>
         <name>boot_cortex_m.c.obj</name>
      </input_file>
      <input_file id="fl-36">
         <path>C:\ti\ccs1280\ccs\tools\compiler\ti-cgt-armllvm_3.2.2.LTS\lib\armv6m-ti-none-eabi\c\</path>
         <kind>archive</kind>
         <file>libc.a</file>
         <name>mathacl_init.c.obj</name>
      </input_file>
      <input_file id="fl-37">
         <path>C:\ti\ccs1280\ccs\tools\compiler\ti-cgt-armllvm_3.2.2.LTS\lib\armv6m-ti-none-eabi\c\</path>
         <kind>archive</kind>
         <file>libc.a</file>
         <name>autoinit.c.obj</name>
      </input_file>
      <input_file id="fl-38">
         <path>C:\ti\ccs1280\ccs\tools\compiler\ti-cgt-armllvm_3.2.2.LTS\lib\armv6m-ti-none-eabi\c\</path>
         <kind>archive</kind>
         <file>libc.a</file>
         <name>pre_init.c.obj</name>
      </input_file>
      <input_file id="fl-39">
         <path>C:\ti\ccs1280\ccs\tools\compiler\ti-cgt-armllvm_3.2.2.LTS\lib\armv6m-ti-none-eabi\c\</path>
         <kind>archive</kind>
         <file>libc.a</file>
         <name>cpy_tbl.c.obj</name>
      </input_file>
      <input_file id="fl-3a">
         <path>C:\ti\ccs1280\ccs\tools\compiler\ti-cgt-armllvm_3.2.2.LTS\lib\armv6m-ti-none-eabi\c\</path>
         <kind>archive</kind>
         <file>libc.a</file>
         <name>copy_zero_init.c.obj</name>
      </input_file>
      <input_file id="fl-3b">
         <path>C:\ti\ccs1280\ccs\tools\compiler\ti-cgt-armllvm_3.2.2.LTS\lib\armv6m-ti-none-eabi\c\</path>
         <kind>archive</kind>
         <file>libc.a</file>
         <name>copy_decompress_none.c.obj</name>
      </input_file>
      <input_file id="fl-3c">
         <path>C:\ti\ccs1280\ccs\tools\compiler\ti-cgt-armllvm_3.2.2.LTS\lib\armv6m-ti-none-eabi\c\</path>
         <kind>archive</kind>
         <file>libc.a</file>
         <name>copy_decompress_lzss.c.obj</name>
      </input_file>
      <input_file id="fl-3d">
         <path>C:\ti\ccs1280\ccs\tools\compiler\ti-cgt-armllvm_3.2.2.LTS\lib\armv6m-ti-none-eabi\c\</path>
         <kind>archive</kind>
         <file>libc.a</file>
         <name>sprintf.c.obj</name>
      </input_file>
      <input_file id="fl-3e">
         <path>C:\ti\ccs1280\ccs\tools\compiler\ti-cgt-armllvm_3.2.2.LTS\lib\armv6m-ti-none-eabi\c\</path>
         <kind>archive</kind>
         <file>libc.a</file>
         <name>fclose.c.obj</name>
      </input_file>
      <input_file id="fl-3f">
         <path>C:\ti\ccs1280\ccs\tools\compiler\ti-cgt-armllvm_3.2.2.LTS\lib\armv6m-ti-none-eabi\c\</path>
         <kind>archive</kind>
         <file>libc.a</file>
         <name>fflush.c.obj</name>
      </input_file>
      <input_file id="fl-40">
         <path>C:\ti\ccs1280\ccs\tools\compiler\ti-cgt-armllvm_3.2.2.LTS\lib\armv6m-ti-none-eabi\c\</path>
         <kind>archive</kind>
         <file>libc.a</file>
         <name>fputs.c.obj</name>
      </input_file>
      <input_file id="fl-41">
         <path>C:\ti\ccs1280\ccs\tools\compiler\ti-cgt-armllvm_3.2.2.LTS\lib\armv6m-ti-none-eabi\c\</path>
         <kind>archive</kind>
         <file>libc.a</file>
         <name>_io_perm.c.obj</name>
      </input_file>
      <input_file id="fl-42">
         <path>C:\ti\ccs1280\ccs\tools\compiler\ti-cgt-armllvm_3.2.2.LTS\lib\armv6m-ti-none-eabi\c\</path>
         <kind>archive</kind>
         <file>libc.a</file>
         <name>args_main.c.obj</name>
      </input_file>
      <input_file id="fl-43">
         <path>C:\ti\ccs1280\ccs\tools\compiler\ti-cgt-armllvm_3.2.2.LTS\lib\armv6m-ti-none-eabi\c\</path>
         <kind>archive</kind>
         <file>libc.a</file>
         <name>_printfi.c.obj</name>
      </input_file>
      <input_file id="fl-44">
         <path>C:\ti\ccs1280\ccs\tools\compiler\ti-cgt-armllvm_3.2.2.LTS\lib\armv6m-ti-none-eabi\c\</path>
         <kind>archive</kind>
         <file>libc.a</file>
         <name>fseek.c.obj</name>
      </input_file>
      <input_file id="fl-45">
         <path>C:\ti\ccs1280\ccs\tools\compiler\ti-cgt-armllvm_3.2.2.LTS\lib\armv6m-ti-none-eabi\c\</path>
         <kind>archive</kind>
         <file>libc.a</file>
         <name>s_frexp.c.obj</name>
      </input_file>
      <input_file id="fl-46">
         <path>C:\ti\ccs1280\ccs\tools\compiler\ti-cgt-armllvm_3.2.2.LTS\lib\armv6m-ti-none-eabi\c\</path>
         <kind>archive</kind>
         <file>libc.a</file>
         <name>s_scalbn.c.obj</name>
      </input_file>
      <input_file id="fl-47">
         <path>C:\ti\ccs1280\ccs\tools\compiler\ti-cgt-armllvm_3.2.2.LTS\lib\armv6m-ti-none-eabi\c\</path>
         <kind>archive</kind>
         <file>libc.a</file>
         <name>_ltoa.c.obj</name>
      </input_file>
      <input_file id="fl-48">
         <path>C:\ti\ccs1280\ccs\tools\compiler\ti-cgt-armllvm_3.2.2.LTS\lib\armv6m-ti-none-eabi\c\</path>
         <kind>archive</kind>
         <file>libc.a</file>
         <name>atoi.c.obj</name>
      </input_file>
      <input_file id="fl-49">
         <path>C:\ti\ccs1280\ccs\tools\compiler\ti-cgt-armllvm_3.2.2.LTS\lib\armv6m-ti-none-eabi\c\</path>
         <kind>archive</kind>
         <file>libc.a</file>
         <name>memccpy.c.obj</name>
      </input_file>
      <input_file id="fl-4a">
         <path>C:\ti\ccs1280\ccs\tools\compiler\ti-cgt-armllvm_3.2.2.LTS\lib\armv6m-ti-none-eabi\c\</path>
         <kind>archive</kind>
         <file>libc.a</file>
         <name>wcslen.c.obj</name>
      </input_file>
      <input_file id="fl-4b">
         <path>C:\ti\ccs1280\ccs\tools\compiler\ti-cgt-armllvm_3.2.2.LTS\lib\armv6m-ti-none-eabi\c\</path>
         <kind>archive</kind>
         <file>libc.a</file>
         <name>aeabi_ctype.S.obj</name>
      </input_file>
      <input_file id="fl-b1">
         <path>C:\ti\ccs1280\ccs\tools\compiler\ti-cgt-armllvm_3.2.2.LTS\lib\armv6m-ti-none-eabi\c\</path>
         <kind>archive</kind>
         <file>libsysbm.a</file>
         <name>write.c.obj</name>
      </input_file>
      <input_file id="fl-b2">
         <path>C:\ti\ccs1280\ccs\tools\compiler\ti-cgt-armllvm_3.2.2.LTS\lib\armv6m-ti-none-eabi\c\</path>
         <kind>archive</kind>
         <file>libsysbm.a</file>
         <name>host_device.c.obj</name>
      </input_file>
      <input_file id="fl-b3">
         <path>C:\ti\ccs1280\ccs\tools\compiler\ti-cgt-armllvm_3.2.2.LTS\lib\armv6m-ti-none-eabi\c\</path>
         <kind>archive</kind>
         <file>libsysbm.a</file>
         <name>remove.c.obj</name>
      </input_file>
      <input_file id="fl-b4">
         <path>C:\ti\ccs1280\ccs\tools\compiler\ti-cgt-armllvm_3.2.2.LTS\lib\armv6m-ti-none-eabi\c\</path>
         <kind>archive</kind>
         <file>libsysbm.a</file>
         <name>open.c.obj</name>
      </input_file>
      <input_file id="fl-b5">
         <path>C:\ti\ccs1280\ccs\tools\compiler\ti-cgt-armllvm_3.2.2.LTS\lib\armv6m-ti-none-eabi\c\</path>
         <kind>archive</kind>
         <file>libsysbm.a</file>
         <name>lseek.c.obj</name>
      </input_file>
      <input_file id="fl-b6">
         <path>C:\ti\ccs1280\ccs\tools\compiler\ti-cgt-armllvm_3.2.2.LTS\lib\armv6m-ti-none-eabi\c\</path>
         <kind>archive</kind>
         <file>libsysbm.a</file>
         <name>close.c.obj</name>
      </input_file>
      <input_file id="fl-b7">
         <path>C:\ti\ccs1280\ccs\tools\compiler\ti-cgt-armllvm_3.2.2.LTS\lib\armv6m-ti-none-eabi\c\</path>
         <kind>archive</kind>
         <file>libsysbm.a</file>
         <name>add_device.c.obj</name>
      </input_file>
      <input_file id="fl-b8">
         <path>C:\ti\ccs1280\ccs\tools\compiler\ti-cgt-armllvm_3.2.2.LTS\lib\armv6m-ti-none-eabi\c\</path>
         <kind>archive</kind>
         <file>libsysbm.a</file>
         <name>unlink.c.obj</name>
      </input_file>
      <input_file id="fl-b9">
         <path>C:\ti\ccs1280\ccs\tools\compiler\ti-cgt-armllvm_3.2.2.LTS\lib\armv6m-ti-none-eabi\c\</path>
         <kind>archive</kind>
         <file>libsysbm.a</file>
         <name>hostclose.c.obj</name>
      </input_file>
      <input_file id="fl-ba">
         <path>C:\ti\ccs1280\ccs\tools\compiler\ti-cgt-armllvm_3.2.2.LTS\lib\armv6m-ti-none-eabi\c\</path>
         <kind>archive</kind>
         <file>libsysbm.a</file>
         <name>hostlseek.c.obj</name>
      </input_file>
      <input_file id="fl-bb">
         <path>C:\ti\ccs1280\ccs\tools\compiler\ti-cgt-armllvm_3.2.2.LTS\lib\armv6m-ti-none-eabi\c\</path>
         <kind>archive</kind>
         <file>libsysbm.a</file>
         <name>hostopen.c.obj</name>
      </input_file>
      <input_file id="fl-bc">
         <path>C:\ti\ccs1280\ccs\tools\compiler\ti-cgt-armllvm_3.2.2.LTS\lib\armv6m-ti-none-eabi\c\</path>
         <kind>archive</kind>
         <file>libsysbm.a</file>
         <name>hostread.c.obj</name>
      </input_file>
      <input_file id="fl-bd">
         <path>C:\ti\ccs1280\ccs\tools\compiler\ti-cgt-armllvm_3.2.2.LTS\lib\armv6m-ti-none-eabi\c\</path>
         <kind>archive</kind>
         <file>libsysbm.a</file>
         <name>hostrename.c.obj</name>
      </input_file>
      <input_file id="fl-be">
         <path>C:\ti\ccs1280\ccs\tools\compiler\ti-cgt-armllvm_3.2.2.LTS\lib\armv6m-ti-none-eabi\c\</path>
         <kind>archive</kind>
         <file>libsysbm.a</file>
         <name>hostunlink.c.obj</name>
      </input_file>
      <input_file id="fl-bf">
         <path>C:\ti\ccs1280\ccs\tools\compiler\ti-cgt-armllvm_3.2.2.LTS\lib\armv6m-ti-none-eabi\c\</path>
         <kind>archive</kind>
         <file>libsysbm.a</file>
         <name>hostwrite.c.obj</name>
      </input_file>
      <input_file id="fl-c0">
         <path>C:\ti\ccs1280\ccs\tools\compiler\ti-cgt-armllvm_3.2.2.LTS\lib\armv6m-ti-none-eabi\c\</path>
         <kind>archive</kind>
         <file>libsysbm.a</file>
         <name>trgmsg.c.obj</name>
      </input_file>
      <input_file id="fl-c1">
         <path>C:\ti\ccs1280\ccs\tools\compiler\ti-cgt-armllvm_3.2.2.LTS\lib\clang\15.0.7\lib\armv6m-ti-none-eabi\</path>
         <kind>archive</kind>
         <file>libclang_rt.builtins.a</file>
         <name>adddf3.S.obj</name>
      </input_file>
      <input_file id="fl-c2">
         <path>C:\ti\ccs1280\ccs\tools\compiler\ti-cgt-armllvm_3.2.2.LTS\lib\clang\15.0.7\lib\armv6m-ti-none-eabi\</path>
         <kind>archive</kind>
         <file>libclang_rt.builtins.a</file>
         <name>muldf3.S.obj</name>
      </input_file>
      <input_file id="fl-c3">
         <path>C:\ti\ccs1280\ccs\tools\compiler\ti-cgt-armllvm_3.2.2.LTS\lib\clang\15.0.7\lib\armv6m-ti-none-eabi\</path>
         <kind>archive</kind>
         <file>libclang_rt.builtins.a</file>
         <name>muldsi3.S.obj</name>
      </input_file>
      <input_file id="fl-c4">
         <path>C:\ti\ccs1280\ccs\tools\compiler\ti-cgt-armllvm_3.2.2.LTS\lib\clang\15.0.7\lib\armv6m-ti-none-eabi\</path>
         <kind>archive</kind>
         <file>libclang_rt.builtins.a</file>
         <name>divdf3.S.obj</name>
      </input_file>
      <input_file id="fl-c5">
         <path>C:\ti\ccs1280\ccs\tools\compiler\ti-cgt-armllvm_3.2.2.LTS\lib\clang\15.0.7\lib\armv6m-ti-none-eabi\</path>
         <kind>archive</kind>
         <file>libclang_rt.builtins.a</file>
         <name>fixdfsi.S.obj</name>
      </input_file>
      <input_file id="fl-c6">
         <path>C:\ti\ccs1280\ccs\tools\compiler\ti-cgt-armllvm_3.2.2.LTS\lib\clang\15.0.7\lib\armv6m-ti-none-eabi\</path>
         <kind>archive</kind>
         <file>libclang_rt.builtins.a</file>
         <name>floatsidf.S.obj</name>
      </input_file>
      <input_file id="fl-c7">
         <path>C:\ti\ccs1280\ccs\tools\compiler\ti-cgt-armllvm_3.2.2.LTS\lib\clang\15.0.7\lib\armv6m-ti-none-eabi\</path>
         <kind>archive</kind>
         <file>libclang_rt.builtins.a</file>
         <name>floatunsidf.S.obj</name>
      </input_file>
      <input_file id="fl-c8">
         <path>C:\ti\ccs1280\ccs\tools\compiler\ti-cgt-armllvm_3.2.2.LTS\lib\clang\15.0.7\lib\armv6m-ti-none-eabi\</path>
         <kind>archive</kind>
         <file>libclang_rt.builtins.a</file>
         <name>muldi3.S.obj</name>
      </input_file>
      <input_file id="fl-c9">
         <path>C:\ti\ccs1280\ccs\tools\compiler\ti-cgt-armllvm_3.2.2.LTS\lib\clang\15.0.7\lib\armv6m-ti-none-eabi\</path>
         <kind>archive</kind>
         <file>libclang_rt.builtins.a</file>
         <name>truncdfsf2.S.obj</name>
      </input_file>
      <input_file id="fl-ca">
         <path>C:\ti\ccs1280\ccs\tools\compiler\ti-cgt-armllvm_3.2.2.LTS\lib\clang\15.0.7\lib\armv6m-ti-none-eabi\</path>
         <kind>archive</kind>
         <file>libclang_rt.builtins.a</file>
         <name>aeabi_dcmp.S.obj</name>
      </input_file>
      <input_file id="fl-cb">
         <path>C:\ti\ccs1280\ccs\tools\compiler\ti-cgt-armllvm_3.2.2.LTS\lib\clang\15.0.7\lib\armv6m-ti-none-eabi\</path>
         <kind>archive</kind>
         <file>libclang_rt.builtins.a</file>
         <name>aeabi_idivmod.S.obj</name>
      </input_file>
      <input_file id="fl-cc">
         <path>C:\ti\ccs1280\ccs\tools\compiler\ti-cgt-armllvm_3.2.2.LTS\lib\clang\15.0.7\lib\armv6m-ti-none-eabi\</path>
         <kind>archive</kind>
         <file>libclang_rt.builtins.a</file>
         <name>aeabi_memcpy.S.obj</name>
      </input_file>
      <input_file id="fl-cd">
         <path>C:\ti\ccs1280\ccs\tools\compiler\ti-cgt-armllvm_3.2.2.LTS\lib\clang\15.0.7\lib\armv6m-ti-none-eabi\</path>
         <kind>archive</kind>
         <file>libclang_rt.builtins.a</file>
         <name>aeabi_memset.S.obj</name>
      </input_file>
      <input_file id="fl-ce">
         <path>C:\ti\ccs1280\ccs\tools\compiler\ti-cgt-armllvm_3.2.2.LTS\lib\clang\15.0.7\lib\armv6m-ti-none-eabi\</path>
         <kind>archive</kind>
         <file>libclang_rt.builtins.a</file>
         <name>aeabi_uidivmod.S.obj</name>
      </input_file>
      <input_file id="fl-cf">
         <path>C:\ti\ccs1280\ccs\tools\compiler\ti-cgt-armllvm_3.2.2.LTS\lib\clang\15.0.7\lib\armv6m-ti-none-eabi\</path>
         <kind>archive</kind>
         <file>libclang_rt.builtins.a</file>
         <name>aeabi_uldivmod.S.obj</name>
      </input_file>
      <input_file id="fl-d0">
         <path>C:\ti\ccs1280\ccs\tools\compiler\ti-cgt-armllvm_3.2.2.LTS\lib\clang\15.0.7\lib\armv6m-ti-none-eabi\</path>
         <kind>archive</kind>
         <file>libclang_rt.builtins.a</file>
         <name>udivmoddi4.S.obj</name>
      </input_file>
      <input_file id="fl-d1">
         <path>C:\ti\ccs1280\ccs\tools\compiler\ti-cgt-armllvm_3.2.2.LTS\lib\clang\15.0.7\lib\armv6m-ti-none-eabi\</path>
         <kind>archive</kind>
         <file>libclang_rt.builtins.a</file>
         <name>ashldi3.S.obj</name>
      </input_file>
      <input_file id="fl-d2">
         <path>C:\ti\ccs1280\ccs\tools\compiler\ti-cgt-armllvm_3.2.2.LTS\lib\clang\15.0.7\lib\armv6m-ti-none-eabi\</path>
         <kind>archive</kind>
         <file>libclang_rt.builtins.a</file>
         <name>comparedf2.c.obj</name>
      </input_file>
      <input_file id="fl-d3">
         <path>C:\ti\ccs1280\ccs\tools\compiler\ti-cgt-armllvm_3.2.2.LTS\lib\clang\15.0.7\lib\armv6m-ti-none-eabi\</path>
         <kind>archive</kind>
         <file>libclang_rt.builtins.a</file>
         <name>aeabi_div0.c.obj</name>
      </input_file>
      <input_file id="fl-d4">
         <path>C:\ti\ccs1280\ccs\tools\compiler\ti-cgt-armllvm_3.2.2.LTS\lib\armv6m-ti-none-eabi\c\</path>
         <kind>archive</kind>
         <file>libc.a</file>
         <name>getdevice.c.obj</name>
      </input_file>
      <input_file id="fl-d5">
         <path>C:\ti\ccs1280\ccs\tools\compiler\ti-cgt-armllvm_3.2.2.LTS\lib\armv6m-ti-none-eabi\c\</path>
         <kind>archive</kind>
         <file>libc.a</file>
         <name>memcpy16.S.obj</name>
      </input_file>
      <input_file id="fl-d6">
         <path>C:\ti\ccs1280\ccs\tools\compiler\ti-cgt-armllvm_3.2.2.LTS\lib\armv6m-ti-none-eabi\c\</path>
         <kind>archive</kind>
         <file>libc.a</file>
         <name>memset16.S.obj</name>
      </input_file>
   </input_file_list>
   <object_component_list>
      <object_component id="oc-18">
         <name>.intvecs</name>
         <load_address>0x0</load_address>
         <readonly>true</readonly>
         <run_address>0x0</run_address>
         <size>0xc0</size>
         <alignment>0x4</alignment>
         <input_file_ref idref="fl-11"/>
      </object_component>
      <object_component id="oc-db">
         <name>.text.placeBlock</name>
         <load_address>0xc0</load_address>
         <readonly>true</readonly>
         <executable>true</executable>
         <run_address>0xc0</run_address>
         <size>0x294</size>
         <alignment>0x4</alignment>
         <input_file_ref idref="fl-c"/>
      </object_component>
      <object_component id="oc-98">
         <name>.text.main</name>
         <load_address>0x354</load_address>
         <readonly>true</readonly>
         <executable>true</executable>
         <run_address>0x354</run_address>
         <size>0x264</size>
         <alignment>0x4</alignment>
         <input_file_ref idref="fl-6"/>
      </object_component>
      <object_component id="oc-d5">
         <name>.text.ST7735_DrawBitmap</name>
         <load_address>0x5b8</load_address>
         <readonly>true</readonly>
         <executable>true</executable>
         <run_address>0x5b8</run_address>
         <size>0x210</size>
         <alignment>0x4</alignment>
         <input_file_ref idref="fl-9"/>
      </object_component>
      <object_component id="oc-dc">
         <name>.text.drop</name>
         <load_address>0x7c8</load_address>
         <readonly>true</readonly>
         <executable>true</executable>
         <run_address>0x7c8</run_address>
         <size>0x1bc</size>
         <alignment>0x4</alignment>
         <input_file_ref idref="fl-c"/>
      </object_component>
      <object_component id="oc-10e">
         <name>.text.Clock_Init80MHz</name>
         <load_address>0x984</load_address>
         <readonly>true</readonly>
         <executable>true</executable>
         <run_address>0x984</run_address>
         <size>0x1b4</size>
         <alignment>0x4</alignment>
         <input_file_ref idref="fl-3"/>
      </object_component>
      <object_component id="oc-1ce">
         <name>.text.ST7735_DrawCharS</name>
         <load_address>0xb38</load_address>
         <readonly>true</readonly>
         <executable>true</executable>
         <run_address>0xb38</run_address>
         <size>0x1a0</size>
         <alignment>0x4</alignment>
         <input_file_ref idref="fl-9"/>
      </object_component>
      <object_component id="oc-16e">
         <name>.text._openfile</name>
         <load_address>0xcd8</load_address>
         <readonly>true</readonly>
         <executable>true</executable>
         <run_address>0xcd8</run_address>
         <size>0x160</size>
         <alignment>0x4</alignment>
         <input_file_ref idref="fl-2c"/>
      </object_component>
      <object_component id="oc-1cc">
         <name>.text.aligned_alloc</name>
         <load_address>0xe38</load_address>
         <readonly>true</readonly>
         <executable>true</executable>
         <run_address>0xe38</run_address>
         <size>0x12c</size>
         <alignment>0x4</alignment>
         <input_file_ref idref="fl-33"/>
      </object_component>
      <object_component id="oc-136">
         <name>.text.ST7735_FillRect</name>
         <load_address>0xf64</load_address>
         <readonly>true</readonly>
         <executable>true</executable>
         <run_address>0xf64</run_address>
         <size>0x118</size>
         <alignment>0x4</alignment>
         <input_file_ref idref="fl-9"/>
      </object_component>
      <object_component id="oc-18d">
         <name>.text.SPI_Init</name>
         <load_address>0x107c</load_address>
         <readonly>true</readonly>
         <executable>true</executable>
         <run_address>0x107c</run_address>
         <size>0xf8</size>
         <alignment>0x4</alignment>
         <input_file_ref idref="fl-8"/>
      </object_component>
      <object_component id="oc-113">
         <name>.text.add_device</name>
         <load_address>0x1174</load_address>
         <readonly>true</readonly>
         <executable>true</executable>
         <run_address>0x1174</run_address>
         <size>0xec</size>
         <alignment>0x4</alignment>
         <input_file_ref idref="fl-b7"/>
      </object_component>
      <object_component id="oc-177">
         <name>.text.free</name>
         <load_address>0x1260</load_address>
         <readonly>true</readonly>
         <executable>true</executable>
         <run_address>0x1260</run_address>
         <size>0xec</size>
         <alignment>0x4</alignment>
         <input_file_ref idref="fl-33"/>
      </object_component>
      <object_component id="oc-de">
         <name>.text.processGrid</name>
         <load_address>0x134c</load_address>
         <readonly>true</readonly>
         <executable>true</executable>
         <run_address>0x134c</run_address>
         <size>0xdc</size>
         <alignment>0x4</alignment>
         <input_file_ref idref="fl-c"/>
      </object_component>
      <object_component id="oc-11e">
         <name>.text.setvbuf</name>
         <load_address>0x1428</load_address>
         <readonly>true</readonly>
         <executable>true</executable>
         <run_address>0x1428</run_address>
         <size>0xdc</size>
         <alignment>0x4</alignment>
         <input_file_ref idref="fl-2d"/>
      </object_component>
      <object_component id="oc-17e">
         <name>.text.ST7735_OutChar</name>
         <load_address>0x1504</load_address>
         <readonly>true</readonly>
         <executable>true</executable>
         <run_address>0x1504</run_address>
         <size>0xd0</size>
         <alignment>0x4</alignment>
         <input_file_ref idref="fl-9"/>
      </object_component>
      <object_component id="oc-d3">
         <name>.text.Rectangle</name>
         <load_address>0x15d4</load_address>
         <readonly>true</readonly>
         <executable>true</executable>
         <run_address>0x15d4</run_address>
         <size>0xce</size>
         <alignment>0x2</alignment>
         <input_file_ref idref="fl-c"/>
      </object_component>
      <object_component id="oc-c7">
         <name>.text.LED_Init</name>
         <load_address>0x16a2</load_address>
         <readonly>true</readonly>
         <executable>true</executable>
         <run_address>0x16a2</run_address>
         <size>0x2</size>
         <alignment>0x2</alignment>
         <input_file_ref idref="fl-5"/>
      </object_component>
      <object_component id="oc-41">
         <name>.text.TIMG12_IRQHandler</name>
         <load_address>0x16a4</load_address>
         <readonly>true</readonly>
         <executable>true</executable>
         <run_address>0x16a4</run_address>
         <size>0xbc</size>
         <alignment>0x4</alignment>
         <input_file_ref idref="fl-6"/>
      </object_component>
      <object_component id="oc-dd">
         <name>.text.drawShape</name>
         <load_address>0x1760</load_address>
         <readonly>true</readonly>
         <executable>true</executable>
         <run_address>0x1760</run_address>
         <size>0xac</size>
         <alignment>0x4</alignment>
         <input_file_ref idref="fl-6"/>
      </object_component>
      <object_component id="oc-1b4">
         <name>.text.open</name>
         <load_address>0x180c</load_address>
         <readonly>true</readonly>
         <executable>true</executable>
         <run_address>0x180c</run_address>
         <size>0xa8</size>
         <alignment>0x4</alignment>
         <input_file_ref idref="fl-b4"/>
      </object_component>
      <object_component id="oc-156">
         <name>.text.commandList</name>
         <load_address>0x18b4</load_address>
         <readonly>true</readonly>
         <executable>true</executable>
         <run_address>0x18b4</run_address>
         <size>0xa2</size>
         <alignment>0x2</alignment>
         <input_file_ref idref="fl-9"/>
      </object_component>
      <object_component id="oc-37">
         <name>.text.SysTick_Handler</name>
         <load_address>0x1956</load_address>
         <readonly>true</readonly>
         <executable>true</executable>
         <run_address>0x1956</run_address>
         <size>0x2</size>
         <alignment>0x2</alignment>
         <input_file_ref idref="fl-b"/>
      </object_component>
      <object_component id="oc-c1">
         <name>.text.ST7735_InitPrintf</name>
         <load_address>0x1958</load_address>
         <readonly>true</readonly>
         <executable>true</executable>
         <run_address>0x1958</run_address>
         <size>0x9c</size>
         <alignment>0x4</alignment>
         <input_file_ref idref="fl-9"/>
      </object_component>
      <object_component id="oc-112">
         <name>.text.ST7735_InitR</name>
         <load_address>0x19f4</load_address>
         <readonly>true</readonly>
         <executable>true</executable>
         <run_address>0x19f4</run_address>
         <size>0x98</size>
         <alignment>0x4</alignment>
         <input_file_ref idref="fl-9"/>
      </object_component>
      <object_component id="oc-cd">
         <name>.text.TimerG12_IntArm</name>
         <load_address>0x1a8c</load_address>
         <readonly>true</readonly>
         <executable>true</executable>
         <run_address>0x1a8c</run_address>
         <size>0x94</size>
         <alignment>0x4</alignment>
         <input_file_ref idref="fl-f"/>
      </object_component>
      <object_component id="oc-139">
         <name>.text.setAddrWindow</name>
         <load_address>0x1b20</load_address>
         <readonly>true</readonly>
         <executable>true</executable>
         <run_address>0x1b20</run_address>
         <size>0x88</size>
         <alignment>0x4</alignment>
         <input_file_ref idref="fl-9"/>
      </object_component>
      <object_component id="oc-1cd">
         <name>.text.ST7735_DrawString</name>
         <load_address>0x1ba8</load_address>
         <readonly>true</readonly>
         <executable>true</executable>
         <run_address>0x1ba8</run_address>
         <size>0x84</size>
         <alignment>0x2</alignment>
         <input_file_ref idref="fl-9"/>
      </object_component>
      <object_component id="oc-df">
         <name>.text.Square</name>
         <load_address>0x1c2c</load_address>
         <readonly>true</readonly>
         <executable>true</executable>
         <run_address>0x1c2c</run_address>
         <size>0x7e</size>
         <alignment>0x2</alignment>
         <input_file_ref idref="fl-c"/>
      </object_component>
      <object_component id="oc-100">
         <name>.text.__aeabi_idiv0</name>
         <load_address>0x1caa</load_address>
         <readonly>true</readonly>
         <executable>true</executable>
         <run_address>0x1caa</run_address>
         <size>0x2</size>
         <alignment>0x2</alignment>
         <input_file_ref idref="fl-d3"/>
      </object_component>
      <object_component id="oc-bc">
         <name>.text.LaunchPad_Init</name>
         <load_address>0x1cac</load_address>
         <readonly>true</readonly>
         <executable>true</executable>
         <run_address>0x1cac</run_address>
         <size>0x7c</size>
         <alignment>0x4</alignment>
         <input_file_ref idref="fl-7"/>
      </object_component>
      <object_component id="oc-171">
         <name>.text.__TI_closefile</name>
         <load_address>0x1d28</load_address>
         <readonly>true</readonly>
         <executable>true</executable>
         <run_address>0x1d28</run_address>
         <size>0x7c</size>
         <alignment>0x4</alignment>
         <input_file_ref idref="fl-3e"/>
      </object_component>
      <object_component id="oc-cc">
         <name>.text.ADCinit</name>
         <load_address>0x1da4</load_address>
         <readonly>true</readonly>
         <executable>true</executable>
         <run_address>0x1da4</run_address>
         <size>0x78</size>
         <alignment>0x4</alignment>
         <input_file_ref idref="fl-1"/>
      </object_component>
      <object_component id="oc-1c">
         <name>.text:decompress:lzss</name>
         <load_address>0x1e1c</load_address>
         <readonly>true</readonly>
         <executable>true</executable>
         <run_address>0x1e1c</run_address>
         <size>0x78</size>
         <alignment>0x4</alignment>
         <input_file_ref idref="fl-3c"/>
      </object_component>
      <object_component id="oc-7f">
         <name>.text.validX</name>
         <load_address>0x1e94</load_address>
         <readonly>true</readonly>
         <executable>true</executable>
         <run_address>0x1e94</run_address>
         <size>0x72</size>
         <alignment>0x2</alignment>
         <input_file_ref idref="fl-c"/>
      </object_component>
      <object_component id="oc-184">
         <name>.text._nop</name>
         <load_address>0x1f06</load_address>
         <readonly>true</readonly>
         <executable>true</executable>
         <run_address>0x1f06</run_address>
         <size>0x2</size>
         <alignment>0x2</alignment>
         <input_file_ref idref="fl-30"/>
      </object_component>
      <object_component id="oc-209">
         <name>.text.ST7735_DrawPixel</name>
         <load_address>0x1f08</load_address>
         <readonly>true</readonly>
         <executable>true</executable>
         <run_address>0x1f08</run_address>
         <size>0x70</size>
         <alignment>0x4</alignment>
         <input_file_ref idref="fl-9"/>
      </object_component>
      <object_component id="oc-1a2">
         <name>.text.HOSTlseek</name>
         <load_address>0x1f78</load_address>
         <readonly>true</readonly>
         <executable>true</executable>
         <run_address>0x1f78</run_address>
         <size>0x6c</size>
         <alignment>0x4</alignment>
         <input_file_ref idref="fl-ba"/>
      </object_component>
      <object_component id="oc-1aa">
         <name>.text.HOSTrename</name>
         <load_address>0x1fe4</load_address>
         <readonly>true</readonly>
         <executable>true</executable>
         <run_address>0x1fe4</run_address>
         <size>0x6c</size>
         <alignment>0x4</alignment>
         <input_file_ref idref="fl-bd"/>
      </object_component>
      <object_component id="oc-1f0">
         <name>.text.getdevice</name>
         <load_address>0x2050</load_address>
         <readonly>true</readonly>
         <executable>true</executable>
         <run_address>0x2050</run_address>
         <size>0x68</size>
         <alignment>0x4</alignment>
         <input_file_ref idref="fl-d4"/>
      </object_component>
      <object_component id="oc-142">
         <name>.text.clearBlocks</name>
         <load_address>0x20b8</load_address>
         <readonly>true</readonly>
         <executable>true</executable>
         <run_address>0x20b8</run_address>
         <size>0x64</size>
         <alignment>0x4</alignment>
         <input_file_ref idref="fl-c"/>
      </object_component>
      <object_component id="oc-207">
         <name>.text.split</name>
         <load_address>0x211c</load_address>
         <readonly>true</readonly>
         <executable>true</executable>
         <run_address>0x211c</run_address>
         <size>0x64</size>
         <alignment>0x4</alignment>
         <input_file_ref idref="fl-33"/>
      </object_component>
      <object_component id="oc-192">
         <name>.text.HOSTopen</name>
         <load_address>0x2180</load_address>
         <readonly>true</readonly>
         <executable>true</executable>
         <run_address>0x2180</run_address>
         <size>0x60</size>
         <alignment>0x4</alignment>
         <input_file_ref idref="fl-bb"/>
      </object_component>
      <object_component id="oc-19a">
         <name>.text.HOSTread</name>
         <load_address>0x21e0</load_address>
         <readonly>true</readonly>
         <executable>true</executable>
         <run_address>0x21e0</run_address>
         <size>0x58</size>
         <alignment>0x4</alignment>
         <input_file_ref idref="fl-bc"/>
      </object_component>
      <object_component id="oc-19e">
         <name>.text.HOSTwrite</name>
         <load_address>0x2238</load_address>
         <readonly>true</readonly>
         <executable>true</executable>
         <run_address>0x2238</run_address>
         <size>0x58</size>
         <alignment>0x4</alignment>
         <input_file_ref idref="fl-bf"/>
      </object_component>
      <object_component id="oc-ab">
         <name>.text.__aeabi_idivmod</name>
         <load_address>0x2290</load_address>
         <readonly>true</readonly>
         <executable>true</executable>
         <run_address>0x2290</run_address>
         <size>0x56</size>
         <alignment>0x4</alignment>
         <input_file_ref idref="fl-cb"/>
      </object_component>
      <object_component id="oc-1b8">
         <name>.text.__TI_doflush</name>
         <load_address>0x22e6</load_address>
         <readonly>true</readonly>
         <executable>true</executable>
         <run_address>0x22e6</run_address>
         <size>0x52</size>
         <alignment>0x2</alignment>
         <input_file_ref idref="fl-3f"/>
      </object_component>
      <object_component id="oc-1be">
         <name>.text.close</name>
         <load_address>0x2338</load_address>
         <readonly>true</readonly>
         <executable>true</executable>
         <run_address>0x2338</run_address>
         <size>0x50</size>
         <alignment>0x4</alignment>
         <input_file_ref idref="fl-b6"/>
      </object_component>
      <object_component id="oc-196">
         <name>.text.HOSTclose</name>
         <load_address>0x2388</load_address>
         <readonly>true</readonly>
         <executable>true</executable>
         <run_address>0x2388</run_address>
         <size>0x48</size>
         <alignment>0x4</alignment>
         <input_file_ref idref="fl-b9"/>
      </object_component>
      <object_component id="oc-1a6">
         <name>.text.HOSTunlink</name>
         <load_address>0x23d0</load_address>
         <readonly>true</readonly>
         <executable>true</executable>
         <run_address>0x23d0</run_address>
         <size>0x48</size>
         <alignment>0x4</alignment>
         <input_file_ref idref="fl-be"/>
      </object_component>
      <object_component id="oc-157">
         <name>.text.SPI_OutCommand</name>
         <load_address>0x2418</load_address>
         <readonly>true</readonly>
         <executable>true</executable>
         <run_address>0x2418</run_address>
         <size>0x48</size>
         <alignment>0x4</alignment>
         <input_file_ref idref="fl-8"/>
      </object_component>
      <object_component id="oc-73">
         <name>.text.ADCin</name>
         <load_address>0x2460</load_address>
         <readonly>true</readonly>
         <executable>true</executable>
         <run_address>0x2460</run_address>
         <size>0x44</size>
         <alignment>0x4</alignment>
         <input_file_ref idref="fl-1"/>
      </object_component>
      <object_component id="oc-1d1">
         <name>.text.SPI_Reset</name>
         <load_address>0x24a4</load_address>
         <readonly>true</readonly>
         <executable>true</executable>
         <run_address>0x24a4</run_address>
         <size>0x40</size>
         <alignment>0x4</alignment>
         <input_file_ref idref="fl-8"/>
      </object_component>
      <object_component id="oc-3c">
         <name>.text.TIMG7_IRQHandler</name>
         <load_address>0x24e4</load_address>
         <readonly>true</readonly>
         <executable>true</executable>
         <run_address>0x24e4</run_address>
         <size>0x40</size>
         <alignment>0x4</alignment>
         <input_file_ref idref="fl-e"/>
      </object_component>
      <object_component id="oc-a7">
         <name>.text.__aeabi_uidivmod</name>
         <load_address>0x2524</load_address>
         <readonly>true</readonly>
         <executable>true</executable>
         <run_address>0x2524</run_address>
         <size>0x40</size>
         <alignment>0x4</alignment>
         <input_file_ref idref="fl-ce"/>
      </object_component>
      <object_component id="oc-16d">
         <name>.text._search_fp</name>
         <load_address>0x2564</load_address>
         <readonly>true</readonly>
         <executable>true</executable>
         <run_address>0x2564</run_address>
         <size>0x40</size>
         <alignment>0x4</alignment>
         <input_file_ref idref="fl-2c"/>
      </object_component>
      <object_component id="oc-7e">
         <name>.text.BlockMove</name>
         <load_address>0x25a4</load_address>
         <readonly>true</readonly>
         <executable>true</executable>
         <run_address>0x25a4</run_address>
         <size>0x3c</size>
         <alignment>0x4</alignment>
         <input_file_ref idref="fl-1"/>
      </object_component>
      <object_component id="oc-ee">
         <name>.text:__TI_auto_init_nobinit_nopinit</name>
         <load_address>0x25e0</load_address>
         <readonly>true</readonly>
         <executable>true</executable>
         <run_address>0x25e0</run_address>
         <size>0x3c</size>
         <alignment>0x4</alignment>
         <input_file_ref idref="fl-37"/>
      </object_component>
      <object_component id="oc-10f">
         <name>.text.ActivatePortA_B</name>
         <load_address>0x261c</load_address>
         <readonly>true</readonly>
         <executable>true</executable>
         <run_address>0x261c</run_address>
         <size>0x38</size>
         <alignment>0x4</alignment>
         <input_file_ref idref="fl-7"/>
      </object_component>
      <object_component id="oc-13a">
         <name>.text.SPI_OutData</name>
         <load_address>0x2654</load_address>
         <readonly>true</readonly>
         <executable>true</executable>
         <run_address>0x2654</run_address>
         <size>0x38</size>
         <alignment>0x4</alignment>
         <input_file_ref idref="fl-8"/>
      </object_component>
      <object_component id="oc-161">
         <name>.text.finddevice</name>
         <load_address>0x268c</load_address>
         <readonly>true</readonly>
         <executable>true</executable>
         <run_address>0x268c</run_address>
         <size>0x38</size>
         <alignment>0x4</alignment>
         <input_file_ref idref="fl-d4"/>
      </object_component>
      <object_component id="oc-d6">
         <name>.text.Clock_Delay1ms</name>
         <load_address>0x26c4</load_address>
         <readonly>true</readonly>
         <executable>true</executable>
         <run_address>0x26c4</run_address>
         <size>0x34</size>
         <alignment>0x4</alignment>
         <input_file_ref idref="fl-3"/>
      </object_component>
      <object_component id="oc-158">
         <name>.text.ST7735_SetCursor</name>
         <load_address>0x26f8</load_address>
         <readonly>true</readonly>
         <executable>true</executable>
         <run_address>0x26f8</run_address>
         <size>0x34</size>
         <alignment>0x4</alignment>
         <input_file_ref idref="fl-9"/>
      </object_component>
      <object_component id="oc-125">
         <name>.text.ST7735_write</name>
         <load_address>0x272c</load_address>
         <readonly>true</readonly>
         <executable>true</executable>
         <run_address>0x272c</run_address>
         <size>0x34</size>
         <alignment>0x2</alignment>
         <input_file_ref idref="fl-9"/>
      </object_component>
      <object_component id="oc-17a">
         <name>.text.__TI_cleanup</name>
         <load_address>0x2760</load_address>
         <readonly>true</readonly>
         <executable>true</executable>
         <run_address>0x2760</run_address>
         <size>0x34</size>
         <alignment>0x4</alignment>
         <input_file_ref idref="fl-2c"/>
      </object_component>
      <object_component id="oc-1d8">
         <name>.text.__TI_readmsg</name>
         <load_address>0x2794</load_address>
         <readonly>true</readonly>
         <executable>true</executable>
         <run_address>0x2794</run_address>
         <size>0x34</size>
         <alignment>0x4</alignment>
         <input_file_ref idref="fl-c0"/>
      </object_component>
      <object_component id="oc-1d2">
         <name>.text.__TI_writemsg</name>
         <load_address>0x27c8</load_address>
         <readonly>true</readonly>
         <executable>true</executable>
         <run_address>0x27c8</run_address>
         <size>0x34</size>
         <alignment>0x4</alignment>
         <input_file_ref idref="fl-c0"/>
      </object_component>
      <object_component id="oc-ec">
         <name>.text.exit</name>
         <load_address>0x27fc</load_address>
         <readonly>true</readonly>
         <executable>true</executable>
         <run_address>0x27fc</run_address>
         <size>0x34</size>
         <alignment>0x4</alignment>
         <input_file_ref idref="fl-2f"/>
      </object_component>
      <object_component id="oc-11d">
         <name>.text.freopen</name>
         <load_address>0x2830</load_address>
         <readonly>true</readonly>
         <executable>true</executable>
         <run_address>0x2830</run_address>
         <size>0x34</size>
         <alignment>0x4</alignment>
         <input_file_ref idref="fl-2c"/>
      </object_component>
      <object_component id="oc-155">
         <name>.text.commonInit</name>
         <load_address>0x2864</load_address>
         <readonly>true</readonly>
         <executable>true</executable>
         <run_address>0x2864</run_address>
         <size>0x30</size>
         <alignment>0x4</alignment>
         <input_file_ref idref="fl-9"/>
      </object_component>
      <object_component id="oc-117">
         <name>.text.fopen</name>
         <load_address>0x2894</load_address>
         <readonly>true</readonly>
         <executable>true</executable>
         <run_address>0x2894</run_address>
         <size>0x30</size>
         <alignment>0x4</alignment>
         <input_file_ref idref="fl-2c"/>
      </object_component>
      <object_component id="oc-d2">
         <name>.text.ST7735_FillScreen</name>
         <load_address>0x28c4</load_address>
         <readonly>true</readonly>
         <executable>true</executable>
         <run_address>0x28c4</run_address>
         <size>0x2c</size>
         <alignment>0x4</alignment>
         <input_file_ref idref="fl-9"/>
      </object_component>
      <object_component id="oc-1ff">
         <name>.text.unlink</name>
         <load_address>0x28f0</load_address>
         <readonly>true</readonly>
         <executable>true</executable>
         <run_address>0x28f0</run_address>
         <size>0x2c</size>
         <alignment>0x4</alignment>
         <input_file_ref idref="fl-b8"/>
      </object_component>
      <object_component id="oc-1cb">
         <name>.text.free_list_insert</name>
         <load_address>0x291c</load_address>
         <readonly>true</readonly>
         <executable>true</executable>
         <run_address>0x291c</run_address>
         <size>0x28</size>
         <alignment>0x4</alignment>
         <input_file_ref idref="fl-33"/>
      </object_component>
      <object_component id="oc-1f6">
         <name>.text.write</name>
         <load_address>0x2944</load_address>
         <readonly>true</readonly>
         <executable>true</executable>
         <run_address>0x2944</run_address>
         <size>0x28</size>
         <alignment>0x4</alignment>
         <input_file_ref idref="fl-b1"/>
      </object_component>
      <object_component id="oc-61">
         <name>.text:_c_int00_noargs</name>
         <load_address>0x296c</load_address>
         <readonly>true</readonly>
         <executable>true</executable>
         <run_address>0x296c</run_address>
         <size>0x28</size>
         <alignment>0x4</alignment>
         <input_file_ref idref="fl-35"/>
      </object_component>
      <object_component id="oc-7d">
         <name>.text.Convert</name>
         <load_address>0x2994</load_address>
         <readonly>true</readonly>
         <executable>true</executable>
         <run_address>0x2994</run_address>
         <size>0x20</size>
         <alignment>0x4</alignment>
         <input_file_ref idref="fl-1"/>
      </object_component>
      <object_component id="oc-214">
         <name>.text.pushColor</name>
         <load_address>0x29b4</load_address>
         <readonly>true</readonly>
         <executable>true</executable>
         <run_address>0x29b4</run_address>
         <size>0x1e</size>
         <alignment>0x2</alignment>
         <input_file_ref idref="fl-9"/>
      </object_component>
      <object_component id="oc-1c9">
         <name>.text.free_list_remove</name>
         <load_address>0x29d4</load_address>
         <readonly>true</readonly>
         <executable>true</executable>
         <run_address>0x29d4</run_address>
         <size>0x1c</size>
         <alignment>0x4</alignment>
         <input_file_ref idref="fl-33"/>
      </object_component>
      <object_component id="oc-128">
         <name>.text.ST7735_open</name>
         <load_address>0x29f0</load_address>
         <readonly>true</readonly>
         <executable>true</executable>
         <run_address>0x29f0</run_address>
         <size>0x16</size>
         <alignment>0x2</alignment>
         <input_file_ref idref="fl-9"/>
      </object_component>
      <object_component id="oc-126">
         <name>.text.ST7735_read</name>
         <load_address>0x2a06</load_address>
         <readonly>true</readonly>
         <executable>true</executable>
         <run_address>0x2a06</run_address>
         <size>0x16</size>
         <alignment>0x2</alignment>
         <input_file_ref idref="fl-9"/>
      </object_component>
      <object_component id="oc-58">
         <name>.text:decompress:ZI:__TI_zero_init_nomemset</name>
         <load_address>0x2a1c</load_address>
         <readonly>true</readonly>
         <executable>true</executable>
         <run_address>0x2a1c</run_address>
         <size>0x16</size>
         <alignment>0x2</alignment>
         <input_file_ref idref="fl-3a"/>
      </object_component>
      <object_component id="oc-d4">
         <name>.text.rotate</name>
         <load_address>0x2a32</load_address>
         <readonly>true</readonly>
         <executable>true</executable>
         <run_address>0x2a32</run_address>
         <size>0x14</size>
         <alignment>0x2</alignment>
         <input_file_ref idref="fl-c"/>
      </object_component>
      <object_component id="oc-1ec">
         <name>.text.strcpy</name>
         <load_address>0x2a46</load_address>
         <readonly>true</readonly>
         <executable>true</executable>
         <run_address>0x2a46</run_address>
         <size>0x12</size>
         <alignment>0x2</alignment>
         <input_file_ref idref="fl-bd"/>
      </object_component>
      <object_component id="oc-b1">
         <name>.text:TI_memcpy_small</name>
         <load_address>0x2a58</load_address>
         <readonly>true</readonly>
         <executable>true</executable>
         <run_address>0x2a58</run_address>
         <size>0x12</size>
         <alignment>0x1</alignment>
         <input_file_ref idref="fl-d5"/>
      </object_component>
      <object_component id="oc-20">
         <name>.text:decompress:none</name>
         <load_address>0x2a6a</load_address>
         <readonly>true</readonly>
         <executable>true</executable>
         <run_address>0x2a6a</run_address>
         <size>0x12</size>
         <alignment>0x2</alignment>
         <input_file_ref idref="fl-3b"/>
      </object_component>
      <object_component id="oc-133">
         <name>.text.Clock_Delay</name>
         <load_address>0x2a7c</load_address>
         <readonly>true</readonly>
         <executable>true</executable>
         <run_address>0x2a7c</run_address>
         <size>0x10</size>
         <alignment>0x2</alignment>
         <input_file_ref idref="fl-3"/>
      </object_component>
      <object_component id="oc-78">
         <name>.text.Switch_In</name>
         <load_address>0x2a8c</load_address>
         <readonly>true</readonly>
         <executable>true</executable>
         <run_address>0x2a8c</run_address>
         <size>0x10</size>
         <alignment>0x4</alignment>
         <input_file_ref idref="fl-d"/>
      </object_component>
      <object_component id="oc-c6">
         <name>.text.Switch_Init</name>
         <load_address>0x2a9c</load_address>
         <readonly>true</readonly>
         <executable>true</executable>
         <run_address>0x2a9c</run_address>
         <size>0x10</size>
         <alignment>0x4</alignment>
         <input_file_ref idref="fl-d"/>
      </object_component>
      <object_component id="oc-1ca">
         <name>.text.OUTLINED_FUNCTION_0</name>
         <load_address>0x2aac</load_address>
         <readonly>true</readonly>
         <executable>true</executable>
         <run_address>0x2aac</run_address>
         <size>0xe</size>
         <alignment>0x2</alignment>
         <input_file_ref idref="fl-33"/>
      </object_component>
      <object_component id="oc-124">
         <name>.text.ST7735_lseek</name>
         <load_address>0x2aba</load_address>
         <readonly>true</readonly>
         <executable>true</executable>
         <run_address>0x2aba</run_address>
         <size>0xe</size>
         <alignment>0x2</alignment>
         <input_file_ref idref="fl-9"/>
      </object_component>
      <object_component id="oc-1ed">
         <name>.text.strlen</name>
         <load_address>0x2ac8</load_address>
         <readonly>true</readonly>
         <executable>true</executable>
         <run_address>0x2ac8</run_address>
         <size>0xe</size>
         <alignment>0x2</alignment>
         <input_file_ref idref="fl-bd"/>
      </object_component>
      <object_component id="oc-108">
         <name>.text:TI_memset_small</name>
         <load_address>0x2ad6</load_address>
         <readonly>true</readonly>
         <executable>true</executable>
         <run_address>0x2ad6</run_address>
         <size>0xe</size>
         <alignment>0x1</alignment>
         <input_file_ref idref="fl-d6"/>
      </object_component>
      <object_component id="oc-1d0">
         <name>.text.Clock_Freq</name>
         <load_address>0x2ae4</load_address>
         <readonly>true</readonly>
         <executable>true</executable>
         <run_address>0x2ae4</run_address>
         <size>0xc</size>
         <alignment>0x4</alignment>
         <input_file_ref idref="fl-3"/>
      </object_component>
      <object_component id="oc-122">
         <name>.text.ST7735_rename</name>
         <load_address>0x2af0</load_address>
         <readonly>true</readonly>
         <executable>true</executable>
         <run_address>0x2af0</run_address>
         <size>0xc</size>
         <alignment>0x2</alignment>
         <input_file_ref idref="fl-9"/>
      </object_component>
      <object_component id="oc-8f">
         <name>.text.__aeabi_memclr</name>
         <load_address>0x2afc</load_address>
         <readonly>true</readonly>
         <executable>true</executable>
         <run_address>0x2afc</run_address>
         <size>0xc</size>
         <alignment>0x4</alignment>
         <input_file_ref idref="fl-cd"/>
      </object_component>
      <object_component id="oc-179">
         <name>.text.malloc</name>
         <load_address>0x2b08</load_address>
         <readonly>true</readonly>
         <executable>true</executable>
         <run_address>0x2b08</run_address>
         <size>0xc</size>
         <alignment>0x2</alignment>
         <input_file_ref idref="fl-33"/>
      </object_component>
      <object_component id="oc-bb">
         <name>.text.PLL_Init</name>
         <load_address>0x2b14</load_address>
         <readonly>true</readonly>
         <executable>true</executable>
         <run_address>0x2b14</run_address>
         <size>0xa</size>
         <alignment>0x2</alignment>
         <input_file_ref idref="fl-6"/>
      </object_component>
      <object_component id="oc-129">
         <name>.text.ST7735_close</name>
         <load_address>0x2b1e</load_address>
         <readonly>true</readonly>
         <executable>true</executable>
         <run_address>0x2b1e</run_address>
         <size>0xa</size>
         <alignment>0x2</alignment>
         <input_file_ref idref="fl-9"/>
      </object_component>
      <object_component id="oc-123">
         <name>.text.ST7735_unlink</name>
         <load_address>0x2b28</load_address>
         <readonly>true</readonly>
         <executable>true</executable>
         <run_address>0x2b28</run_address>
         <size>0xa</size>
         <alignment>0x2</alignment>
         <input_file_ref idref="fl-9"/>
      </object_component>
      <object_component id="oc-51">
         <name>.text.__aeabi_memcpy</name>
         <load_address>0x2b34</load_address>
         <readonly>true</readonly>
         <executable>true</executable>
         <run_address>0x2b34</run_address>
         <size>0x8</size>
         <alignment>0x4</alignment>
         <input_file_ref idref="fl-cc"/>
      </object_component>
      <object_component id="oc-1c2">
         <name>.text.remove</name>
         <load_address>0x2b3c</load_address>
         <readonly>true</readonly>
         <executable>true</executable>
         <run_address>0x2b3c</run_address>
         <size>0x8</size>
         <alignment>0x2</alignment>
         <input_file_ref idref="fl-b3"/>
      </object_component>
      <object_component id="oc-35">
         <name>.text.Default_Handler</name>
         <load_address>0x2b44</load_address>
         <readonly>true</readonly>
         <executable>true</executable>
         <run_address>0x2b44</run_address>
         <size>0x4</size>
         <alignment>0x2</alignment>
         <input_file_ref idref="fl-11"/>
      </object_component>
      <object_component id="oc-36">
         <name>.text.HardFault_Handler</name>
         <load_address>0x2b48</load_address>
         <readonly>true</readonly>
         <executable>true</executable>
         <run_address>0x2b48</run_address>
         <size>0x4</size>
         <alignment>0x2</alignment>
         <input_file_ref idref="fl-11"/>
      </object_component>
      <object_component id="oc-31">
         <name>.text.Reset_Handler</name>
         <load_address>0x2b4c</load_address>
         <readonly>true</readonly>
         <executable>true</executable>
         <run_address>0x2b4c</run_address>
         <size>0x4</size>
         <alignment>0x2</alignment>
         <input_file_ref idref="fl-11"/>
      </object_component>
      <object_component id="oc-94">
         <name>.text._system_pre_init</name>
         <load_address>0x2b50</load_address>
         <readonly>true</readonly>
         <executable>true</executable>
         <run_address>0x2b50</run_address>
         <size>0x4</size>
         <alignment>0x2</alignment>
         <input_file_ref idref="fl-38"/>
      </object_component>
      <object_component id="oc-e7">
         <name>.text:abort</name>
         <load_address>0x2b54</load_address>
         <readonly>true</readonly>
         <executable>true</executable>
         <run_address>0x2b54</run_address>
         <size>0x4</size>
         <alignment>0x2</alignment>
         <input_file_ref idref="fl-2f"/>
      </object_component>
      <object_component id="oc-256">
         <name>.cinit..data.load</name>
         <load_address>0x4e48</load_address>
         <readonly>true</readonly>
         <run_address>0x4e48</run_address>
         <size>0x6c</size>
         <alignment>0x1</alignment>
      </object_component>
      <object_component id="oc-254">
         <name>__TI_handler_table</name>
         <load_address>0x4eb4</load_address>
         <readonly>true</readonly>
         <run_address>0x4eb4</run_address>
         <size>0xc</size>
         <alignment>0x4</alignment>
      </object_component>
      <object_component id="oc-257">
         <name>.cinit..bss.load</name>
         <load_address>0x4ec0</load_address>
         <readonly>true</readonly>
         <run_address>0x4ec0</run_address>
         <size>0x8</size>
         <alignment>0x4</alignment>
      </object_component>
      <object_component id="oc-255">
         <name>__TI_cinit_table</name>
         <load_address>0x4ec8</load_address>
         <readonly>true</readonly>
         <run_address>0x4ec8</run_address>
         <size>0x10</size>
         <alignment>0x4</alignment>
      </object_component>
      <object_component id="oc-20a">
         <name>.rodata.Font</name>
         <load_address>0x2b58</load_address>
         <readonly>true</readonly>
         <run_address>0x2b58</run_address>
         <size>0x4fb</size>
         <alignment>0x1</alignment>
         <input_file_ref idref="fl-9"/>
      </object_component>
      <object_component id="oc-e1">
         <name>.rodata.rectangleBlack1</name>
         <load_address>0x3054</load_address>
         <readonly>true</readonly>
         <run_address>0x3054</run_address>
         <size>0x480</size>
         <alignment>0x2</alignment>
         <input_file_ref idref="fl-6"/>
      </object_component>
      <object_component id="oc-e0">
         <name>.rodata.rectangleBlack2</name>
         <load_address>0x34d4</load_address>
         <readonly>true</readonly>
         <run_address>0x34d4</run_address>
         <size>0x480</size>
         <alignment>0x2</alignment>
         <input_file_ref idref="fl-6"/>
      </object_component>
      <object_component id="oc-e2">
         <name>.rodata.rectangleImage1</name>
         <load_address>0x3954</load_address>
         <readonly>true</readonly>
         <run_address>0x3954</run_address>
         <size>0x480</size>
         <alignment>0x2</alignment>
         <input_file_ref idref="fl-6"/>
      </object_component>
      <object_component id="oc-e3">
         <name>.rodata.rectangleImage2</name>
         <load_address>0x3dd4</load_address>
         <readonly>true</readonly>
         <run_address>0x3dd4</run_address>
         <size>0x480</size>
         <alignment>0x2</alignment>
         <input_file_ref idref="fl-6"/>
      </object_component>
      <object_component id="oc-e6">
         <name>.rodata.squareBlack</name>
         <load_address>0x4254</load_address>
         <readonly>true</readonly>
         <run_address>0x4254</run_address>
         <size>0x480</size>
         <alignment>0x2</alignment>
         <input_file_ref idref="fl-6"/>
      </object_component>
      <object_component id="oc-e5">
         <name>.rodata.squareImage</name>
         <load_address>0x46d4</load_address>
         <readonly>true</readonly>
         <run_address>0x46d4</run_address>
         <size>0x480</size>
         <alignment>0x2</alignment>
         <input_file_ref idref="fl-6"/>
      </object_component>
      <object_component id="oc-143">
         <name>.rodata.singleBlack</name>
         <load_address>0x4b54</load_address>
         <readonly>true</readonly>
         <run_address>0x4b54</run_address>
         <size>0x120</size>
         <alignment>0x2</alignment>
         <input_file_ref idref="fl-6"/>
      </object_component>
      <object_component id="oc-144">
         <name>.rodata.singleBlock</name>
         <load_address>0x4c74</load_address>
         <readonly>true</readonly>
         <run_address>0x4c74</run_address>
         <size>0x120</size>
         <alignment>0x2</alignment>
         <input_file_ref idref="fl-6"/>
      </object_component>
      <object_component id="oc-159">
         <name>.rodata.Rcmd1</name>
         <load_address>0x4d94</load_address>
         <readonly>true</readonly>
         <run_address>0x4d94</run_address>
         <size>0x3b</size>
         <alignment>0x1</alignment>
         <input_file_ref idref="fl-9"/>
      </object_component>
      <object_component id="oc-15e">
         <name>.rodata.Rcmd3</name>
         <load_address>0x4dcf</load_address>
         <readonly>true</readonly>
         <run_address>0x4dcf</run_address>
         <size>0x2b</size>
         <alignment>0x1</alignment>
         <input_file_ref idref="fl-9"/>
      </object_component>
      <object_component id="oc-1cf">
         <name>.rodata.str1.7335694693116752461</name>
         <load_address>0x4dfa</load_address>
         <readonly>true</readonly>
         <run_address>0x4dfa</run_address>
         <size>0x16</size>
         <alignment>0x1</alignment>
         <input_file_ref idref="fl-9"/>
      </object_component>
      <object_component id="oc-15b">
         <name>.rodata.Rcmd2green</name>
         <load_address>0x4e10</load_address>
         <readonly>true</readonly>
         <run_address>0x4e10</run_address>
         <size>0xd</size>
         <alignment>0x1</alignment>
         <input_file_ref idref="fl-9"/>
      </object_component>
      <object_component id="oc-15a">
         <name>.rodata.Rcmd2red</name>
         <load_address>0x4e1d</load_address>
         <readonly>true</readonly>
         <run_address>0x4e1d</run_address>
         <size>0xd</size>
         <alignment>0x1</alignment>
         <input_file_ref idref="fl-9"/>
      </object_component>
      <object_component id="oc-12e">
         <name>.rodata.str1.121498127939212016191</name>
         <load_address>0x4e2a</load_address>
         <readonly>true</readonly>
         <run_address>0x4e2a</run_address>
         <size>0x8</size>
         <alignment>0x1</alignment>
         <input_file_ref idref="fl-9"/>
      </object_component>
      <object_component id="oc-12a">
         <name>.rodata.str1.177458448621276003531</name>
         <load_address>0x4e32</load_address>
         <readonly>true</readonly>
         <run_address>0x4e32</run_address>
         <size>0x7</size>
         <alignment>0x1</alignment>
         <input_file_ref idref="fl-9"/>
      </object_component>
      <object_component id="oc-127">
         <name>.rodata.str1.68723918200564200511</name>
         <load_address>0x4e39</load_address>
         <readonly>true</readonly>
         <run_address>0x4e39</run_address>
         <size>0x7</size>
         <alignment>0x1</alignment>
         <input_file_ref idref="fl-9"/>
      </object_component>
      <object_component id="oc-12b">
         <name>.rodata.str1.41208212166664079551</name>
         <load_address>0x4e40</load_address>
         <readonly>true</readonly>
         <run_address>0x4e40</run_address>
         <size>0x2</size>
         <alignment>0x1</alignment>
         <input_file_ref idref="fl-9"/>
      </object_component>
      <object_component id="oc-21e">
         <name>.binit</name>
         <load_address>0x0</load_address>
         <readonly>true</readonly>
         <run_address>0x0</run_address>
         <size>0x0</size>
         <alignment>0x4</alignment>
      </object_component>
      <object_component id="oc-13f">
         <name>.data.BusFreq</name>
         <load_address>0x20200350</load_address>
         <readwrite>true</readwrite>
         <run_address>0x20200350</run_address>
         <size>0x4</size>
         <alignment>0x4</alignment>
         <input_file_ref idref="fl-3"/>
      </object_component>
      <object_component id="oc-e4">
         <name>.data.blocks</name>
         <load_address>0x20200000</load_address>
         <readwrite>true</readwrite>
         <run_address>0x20200000</run_address>
         <size>0x190</size>
         <alignment>0x4</alignment>
         <input_file_ref idref="fl-6"/>
      </object_component>
      <object_component id="oc-18e">
         <name>.data.StX</name>
         <load_address>0x20200354</load_address>
         <readwrite>true</readwrite>
         <run_address>0x20200354</run_address>
         <size>0x4</size>
         <alignment>0x4</alignment>
         <input_file_ref idref="fl-9"/>
      </object_component>
      <object_component id="oc-18f">
         <name>.data.StY</name>
         <load_address>0x20200358</load_address>
         <readwrite>true</readwrite>
         <run_address>0x20200358</run_address>
         <size>0x4</size>
         <alignment>0x4</alignment>
         <input_file_ref idref="fl-9"/>
      </object_component>
      <object_component id="oc-160">
         <name>.data.StTextColor</name>
         <load_address>0x20200368</load_address>
         <readwrite>true</readwrite>
         <run_address>0x20200368</run_address>
         <size>0x2</size>
         <alignment>0x2</alignment>
         <input_file_ref idref="fl-9"/>
      </object_component>
      <object_component id="oc-137">
         <name>.data._width</name>
         <load_address>0x2020036c</load_address>
         <readwrite>true</readwrite>
         <run_address>0x2020036c</run_address>
         <size>0x2</size>
         <alignment>0x2</alignment>
         <input_file_ref idref="fl-9"/>
      </object_component>
      <object_component id="oc-138">
         <name>.data._height</name>
         <load_address>0x2020036a</load_address>
         <readwrite>true</readwrite>
         <run_address>0x2020036a</run_address>
         <size>0x2</size>
         <alignment>0x2</alignment>
         <input_file_ref idref="fl-9"/>
      </object_component>
      <object_component id="oc-149">
         <name>.data..L_MergedGlobals</name>
         <load_address>0x20200348</load_address>
         <readwrite>true</readwrite>
         <run_address>0x20200348</run_address>
         <size>0x8</size>
         <alignment>0x4</alignment>
         <input_file_ref idref="fl-2f"/>
      </object_component>
      <object_component id="oc-147">
         <name>.data._lock</name>
         <load_address>0x20200360</load_address>
         <readwrite>true</readwrite>
         <run_address>0x20200360</run_address>
         <size>0x4</size>
         <alignment>0x4</alignment>
         <input_file_ref idref="fl-30"/>
      </object_component>
      <object_component id="oc-14a">
         <name>.data._unlock</name>
         <load_address>0x20200364</load_address>
         <readwrite>true</readwrite>
         <run_address>0x20200364</run_address>
         <size>0x4</size>
         <alignment>0x4</alignment>
         <input_file_ref idref="fl-30"/>
      </object_component>
      <object_component id="oc-12c">
         <name>.data._ftable</name>
         <load_address>0x20200190</load_address>
         <readwrite>true</readwrite>
         <run_address>0x20200190</run_address>
         <size>0xf0</size>
         <alignment>0x4</alignment>
         <input_file_ref idref="fl-32"/>
      </object_component>
      <object_component id="oc-1b3">
         <name>.data.__TI_ft_end</name>
         <load_address>0x2020035c</load_address>
         <readwrite>true</readwrite>
         <run_address>0x2020035c</run_address>
         <size>0x4</size>
         <alignment>0x4</alignment>
         <input_file_ref idref="fl-32"/>
      </object_component>
      <object_component id="oc-208">
         <name>.data.memory_is_initialized</name>
         <load_address>0x20200374</load_address>
         <readwrite>true</readwrite>
         <run_address>0x20200374</run_address>
         <size>0x1</size>
         <alignment>0x4</alignment>
         <input_file_ref idref="fl-33"/>
      </object_component>
      <object_component id="oc-168">
         <name>.data._device</name>
         <load_address>0x20200280</load_address>
         <readwrite>true</readwrite>
         <run_address>0x20200280</run_address>
         <size>0x78</size>
         <alignment>0x4</alignment>
         <input_file_ref idref="fl-b2"/>
      </object_component>
      <object_component id="oc-1f2">
         <name>.data._stream</name>
         <load_address>0x202002f8</load_address>
         <readwrite>true</readwrite>
         <run_address>0x202002f8</run_address>
         <size>0x50</size>
         <alignment>0x4</alignment>
         <input_file_ref idref="fl-b2"/>
      </object_component>
      <object_component id="oc-1f1">
         <name>.data.open.stream_init</name>
         <load_address>0x20200378</load_address>
         <readwrite>true</readwrite>
         <run_address>0x20200378</run_address>
         <size>0x1</size>
         <alignment>0x4</alignment>
         <input_file_ref idref="fl-b4"/>
      </object_component>
      <object_component id="oc-167">
         <name>.data.add_device.device_init</name>
         <load_address>0x20200370</load_address>
         <readwrite>true</readwrite>
         <run_address>0x20200370</run_address>
         <size>0x1</size>
         <alignment>0x4</alignment>
         <input_file_ref idref="fl-b7"/>
      </object_component>
      <object_component id="oc-15c">
         <name>.bss.ColStart</name>
         <uninitialized>true</uninitialized>
         <readwrite>true</readwrite>
         <run_address>0x202005c0</run_address>
         <size>0x1</size>
         <alignment>0x1</alignment>
         <input_file_ref idref="fl-9"/>
      </object_component>
      <object_component id="oc-15d">
         <name>.bss.RowStart</name>
         <uninitialized>true</uninitialized>
         <readwrite>true</readwrite>
         <run_address>0x202005c1</run_address>
         <size>0x1</size>
         <alignment>0x1</alignment>
         <input_file_ref idref="fl-9"/>
      </object_component>
      <object_component id="oc-15f">
         <name>.bss.TabColor</name>
         <uninitialized>true</uninitialized>
         <readwrite>true</readwrite>
         <run_address>0x202005c2</run_address>
         <size>0x1</size>
         <alignment>0x1</alignment>
         <input_file_ref idref="fl-9"/>
      </object_component>
      <object_component id="oc-1c6">
         <name>.bss.__TI_tmpnams</name>
         <uninitialized>true</uninitialized>
         <readwrite>true</readwrite>
         <run_address>0x2020049c</run_address>
         <size>0xa0</size>
         <alignment>0x1</alignment>
         <input_file_ref idref="fl-32"/>
      </object_component>
      <object_component id="oc-206">
         <name>.bss.sys_free</name>
         <uninitialized>true</uninitialized>
         <readwrite>true</readwrite>
         <run_address>0x202005a4</run_address>
         <size>0x4</size>
         <alignment>0x4</alignment>
         <input_file_ref idref="fl-33"/>
      </object_component>
      <object_component id="oc-1d9">
         <name>.bss.parmbuf</name>
         <uninitialized>true</uninitialized>
         <readwrite>true</readwrite>
         <run_address>0x2020059c</run_address>
         <size>0x8</size>
         <alignment>0x1</alignment>
         <input_file_ref idref="fl-bb"/>
      </object_component>
      <object_component id="oc-20b">
         <name>.bss:_CIOBUF_</name>
         <uninitialized>true</uninitialized>
         <readwrite>true</readwrite>
         <run_address>0x2020037c</run_address>
         <size>0x120</size>
         <alignment>0x4</alignment>
         <input_file_ref idref="fl-c0"/>
      </object_component>
      <object_component id="oc-84">
         <name>.common:Data</name>
         <uninitialized>true</uninitialized>
         <readwrite>true</readwrite>
         <run_address>0x202005a8</run_address>
         <size>0x4</size>
         <alignment>0x4</alignment>
      </object_component>
      <object_component id="oc-85">
         <name>.common:Switch</name>
         <uninitialized>true</uninitialized>
         <readwrite>true</readwrite>
         <run_address>0x202005b4</run_address>
         <size>0x4</size>
         <alignment>0x4</alignment>
      </object_component>
      <object_component id="oc-86">
         <name>.common:Position</name>
         <uninitialized>true</uninitialized>
         <readwrite>true</readwrite>
         <run_address>0x202005b0</run_address>
         <size>0x4</size>
         <alignment>0x4</alignment>
      </object_component>
      <object_component id="oc-87">
         <name>.common:piece</name>
         <uninitialized>true</uninitialized>
         <readwrite>true</readwrite>
         <run_address>0x2020053c</run_address>
         <size>0x60</size>
         <alignment>0x4</alignment>
      </object_component>
      <object_component id="oc-88">
         <name>.common:Flag</name>
         <uninitialized>true</uninitialized>
         <readwrite>true</readwrite>
         <run_address>0x202005ac</run_address>
         <size>0x4</size>
         <alignment>0x4</alignment>
      </object_component>
      <object_component id="oc-6f">
         <name>.common:TExaSadc</name>
         <uninitialized>true</uninitialized>
         <readwrite>true</readwrite>
[...]
         <name>ST7735_DrawString</name>
         <value>0x1ba9</value>
         <object_component_ref idref="oc-1cd"/>
      </symbol>
      <symbol id="sm-116">
         <name>ST7735_OutChar</name>
         <value>0x1505</value>
         <object_component_ref idref="oc-17e"/>
      </symbol>
      <symbol id="sm-117">
         <name>ST7735_open</name>
         <value>0x29f1</value>
         <object_component_ref idref="oc-128"/>
      </symbol>
      <symbol id="sm-118">
         <name>ST7735_close</name>
         <value>0x2b1f</value>
         <object_component_ref idref="oc-129"/>
      </symbol>
      <symbol id="sm-119">
         <name>ST7735_read</name>
         <value>0x2a07</value>
         <object_component_ref idref="oc-126"/>
      </symbol>
      <symbol id="sm-11a">
         <name>ST7735_write</name>
         <value>0x272d</value>
         <object_component_ref idref="oc-125"/>
      </symbol>
      <symbol id="sm-11b">
         <name>ST7735_lseek</name>
         <value>0x2abb</value>
         <object_component_ref idref="oc-124"/>
      </symbol>
      <symbol id="sm-11c">
         <name>ST7735_unlink</name>
         <value>0x2b29</value>
         <object_component_ref idref="oc-123"/>
      </symbol>
      <symbol id="sm-11d">
         <name>ST7735_rename</name>
         <value>0x2af1</value>
         <object_component_ref idref="oc-122"/>
      </symbol>
      <symbol id="sm-11e">
         <name>ST7735_InitPrintf</name>
         <value>0x1959</value>
         <object_component_ref idref="oc-c1"/>
      </symbol>
      <symbol id="sm-128">
         <name>SysTick_Handler</name>
         <value>0x1957</value>
         <object_component_ref idref="oc-37"/>
      </symbol>
      <symbol id="sm-143">
         <name>Square</name>
         <value>0x1c2d</value>
         <object_component_ref idref="oc-df"/>
      </symbol>
      <symbol id="sm-144">
         <name>Rectangle</name>
         <value>0x15d5</value>
         <object_component_ref idref="oc-d3"/>
      </symbol>
      <symbol id="sm-145">
         <name>placeBlock</name>
         <value>0xc1</value>
         <object_component_ref idref="oc-db"/>
      </symbol>
      <symbol id="sm-146">
         <name>clearBlocks</name>
         <value>0x20b9</value>
         <object_component_ref idref="oc-142"/>
      </symbol>
      <symbol id="sm-147">
         <name>rotate</name>
         <value>0x2a33</value>
         <object_component_ref idref="oc-d4"/>
      </symbol>
      <symbol id="sm-148">
         <name>drop</name>
         <value>0x7c9</value>
         <object_component_ref idref="oc-dc"/>
      </symbol>
      <symbol id="sm-149">
         <name>validX</name>
         <value>0x1e95</value>
         <object_component_ref idref="oc-7f"/>
      </symbol>
      <symbol id="sm-14a">
         <name>processGrid</name>
         <value>0x134d</value>
         <object_component_ref idref="oc-de"/>
      </symbol>
      <symbol id="sm-157">
         <name>Switch_Init</name>
         <value>0x2a9d</value>
         <object_component_ref idref="oc-c6"/>
      </symbol>
      <symbol id="sm-158">
         <name>Switch_In</name>
         <value>0x2a8d</value>
         <object_component_ref idref="oc-78"/>
      </symbol>
      <symbol id="sm-162">
         <name>TIMG7_IRQHandler</name>
         <value>0x24e5</value>
         <object_component_ref idref="oc-3c"/>
      </symbol>
      <symbol id="sm-163">
         <name>TExaSadc</name>
         <value>0x202005bc</value>
      </symbol>
      <symbol id="sm-164">
         <name>TExaSLogic</name>
         <value>0x202005b8</value>
      </symbol>
      <symbol id="sm-16e">
         <name>TimerG12_IntArm</name>
         <value>0x1a8d</value>
         <object_component_ref idref="oc-cd"/>
      </symbol>
      <symbol id="sm-17c">
         <name>Default_Handler</name>
         <value>0x2b45</value>
         <object_component_ref idref="oc-35"/>
      </symbol>
      <symbol id="sm-17d">
         <name>Reset_Handler</name>
         <value>0x2b4d</value>
         <object_component_ref idref="oc-31"/>
      </symbol>
      <symbol id="sm-17e">
         <name>HardFault_Handler</name>
         <value>0x2b49</value>
         <object_component_ref idref="oc-36"/>
      </symbol>
      <symbol id="sm-17f">
         <name>interruptVectors</name>
         <value>0x0</value>
         <object_component_ref idref="oc-18"/>
      </symbol>
      <symbol id="sm-180">
         <name>NMI_Handler</name>
         <value>0x2b45</value>
         <object_component_ref idref="oc-35"/>
      </symbol>
      <symbol id="sm-181">
         <name>SVC_Handler</name>
         <value>0x2b45</value>
         <object_component_ref idref="oc-35"/>
      </symbol>
      <symbol id="sm-182">
         <name>PendSV_Handler</name>
         <value>0x2b45</value>
         <object_component_ref idref="oc-35"/>
      </symbol>
      <symbol id="sm-183">
         <name>GROUP0_IRQHandler</name>
         <value>0x2b45</value>
         <object_component_ref idref="oc-35"/>
      </symbol>
      <symbol id="sm-184">
         <name>GROUP1_IRQHandler</name>
         <value>0x2b45</value>
         <object_component_ref idref="oc-35"/>
      </symbol>
      <symbol id="sm-185">
         <name>TIMG8_IRQHandler</name>
         <value>0x2b45</value>
         <object_component_ref idref="oc-35"/>
      </symbol>
      <symbol id="sm-186">
         <name>UART3_IRQHandler</name>
         <value>0x2b45</value>
         <object_component_ref idref="oc-35"/>
      </symbol>
      <symbol id="sm-187">
         <name>ADC0_IRQHandler</name>
         <value>0x2b45</value>
         <object_component_ref idref="oc-35"/>
      </symbol>
      <symbol id="sm-188">
         <name>ADC1_IRQHandler</name>
         <value>0x2b45</value>
         <object_component_ref idref="oc-35"/>
      </symbol>
      <symbol id="sm-189">
         <name>CANFD0_IRQHandler</name>
         <value>0x2b45</value>
         <object_component_ref idref="oc-35"/>
      </symbol>
      <symbol id="sm-18a">
         <name>DAC0_IRQHandler</name>
         <value>0x2b45</value>
         <object_component_ref idref="oc-35"/>
      </symbol>
      <symbol id="sm-18b">
         <name>SPI0_IRQHandler</name>
         <value>0x2b45</value>
         <object_component_ref idref="oc-35"/>
      </symbol>
      <symbol id="sm-18c">
         <name>SPI1_IRQHandler</name>
         <value>0x2b45</value>
         <object_component_ref idref="oc-35"/>
      </symbol>
      <symbol id="sm-18d">
         <name>UART1_IRQHandler</name>
         <value>0x2b45</value>
         <object_component_ref idref="oc-35"/>
      </symbol>
      <symbol id="sm-18e">
         <name>UART2_IRQHandler</name>
         <value>0x2b45</value>
         <object_component_ref idref="oc-35"/>
      </symbol>
      <symbol id="sm-18f">
         <name>UART0_IRQHandler</name>
         <value>0x2b45</value>
         <object_component_ref idref="oc-35"/>
      </symbol>
      <symbol id="sm-190">
         <name>TIMG0_IRQHandler</name>
         <value>0x2b45</value>
         <object_component_ref idref="oc-35"/>
      </symbol>
      <symbol id="sm-191">
         <name>TIMG6_IRQHandler</name>
         <value>0x2b45</value>
         <object_component_ref idref="oc-35"/>
      </symbol>
      <symbol id="sm-192">
         <name>TIMA0_IRQHandler</name>
         <value>0x2b45</value>
         <object_component_ref idref="oc-35"/>
      </symbol>
      <symbol id="sm-193">
         <name>TIMA1_IRQHandler</name>
         <value>0x2b45</value>
         <object_component_ref idref="oc-35"/>
      </symbol>
      <symbol id="sm-194">
         <name>I2C0_IRQHandler</name>
         <value>0x2b45</value>
         <object_component_ref idref="oc-35"/>
      </symbol>
      <symbol id="sm-195">
         <name>I2C1_IRQHandler</name>
         <value>0x2b45</value>
         <object_component_ref idref="oc-35"/>
      </symbol>
      <symbol id="sm-196">
         <name>AES_IRQHandler</name>
         <value>0x2b45</value>
         <object_component_ref idref="oc-35"/>
      </symbol>
      <symbol id="sm-197">
         <name>RTC_IRQHandler</name>
         <value>0x2b45</value>
         <object_component_ref idref="oc-35"/>
      </symbol>
      <symbol id="sm-198">
         <name>DMA_IRQHandler</name>
         <value>0x2b45</value>
         <object_component_ref idref="oc-35"/>
      </symbol>
      <symbol id="sm-199">
         <name>__TI_ATRegion0_src_addr</name>
         <value>0x0</value>
      </symbol>
      <symbol id="sm-19a">
         <name>__TI_ATRegion0_trg_addr</name>
         <value>0x0</value>
      </symbol>
      <symbol id="sm-19b">
         <name>__TI_ATRegion0_region_sz</name>
         <value>0x0</value>
      </symbol>
      <symbol id="sm-19c">
         <name>__TI_ATRegion1_src_addr</name>
         <value>0x0</value>
      </symbol>
      <symbol id="sm-19d">
         <name>__TI_ATRegion1_trg_addr</name>
         <value>0x0</value>
      </symbol>
      <symbol id="sm-19e">
         <name>__TI_ATRegion1_region_sz</name>
         <value>0x0</value>
      </symbol>
      <symbol id="sm-19f">
         <name>__TI_ATRegion2_src_addr</name>
         <value>0x0</value>
      </symbol>
      <symbol id="sm-1a0">
         <name>__TI_ATRegion2_trg_addr</name>
         <value>0x0</value>
      </symbol>
      <symbol id="sm-1a1">
         <name>__TI_ATRegion2_region_sz</name>
         <value>0x0</value>
      </symbol>
      <symbol id="sm-1ba">
         <name>fopen</name>
         <value>0x2895</value>
         <object_component_ref idref="oc-117"/>
      </symbol>
      <symbol id="sm-1bb">
         <name>__TI_cleanup</name>
         <value>0x2761</value>
         <object_component_ref idref="oc-17a"/>
      </symbol>
      <symbol id="sm-1bc">
         <name>freopen</name>
         <value>0x2831</value>
         <object_component_ref idref="oc-11d"/>
      </symbol>
      <symbol id="sm-1c6">
         <name>setvbuf</name>
         <value>0x1429</value>
         <object_component_ref idref="oc-11e"/>
      </symbol>
      <symbol id="sm-1d5">
         <name>abort</name>
         <value>0x2b55</value>
         <object_component_ref idref="oc-e7"/>
      </symbol>
      <symbol id="sm-1d6">
         <name>C$$EXIT</name>
         <value>0x2b54</value>
         <object_component_ref idref="oc-e7"/>
      </symbol>
      <symbol id="sm-1d7">
         <name>__TI_cleanup_ptr</name>
         <value>0x20200348</value>
         <object_component_ref idref="oc-149"/>
      </symbol>
      <symbol id="sm-1d8">
         <name>__TI_dtors_ptr</name>
         <value>0x2020034c</value>
         <object_component_ref idref="oc-149"/>
      </symbol>
      <symbol id="sm-1d9">
         <name>exit</name>
         <value>0x27fd</value>
         <object_component_ref idref="oc-ec"/>
      </symbol>
      <symbol id="sm-1e2">
         <name>_nop</name>
         <value>0x1f07</value>
         <object_component_ref idref="oc-184"/>
      </symbol>
      <symbol id="sm-1e3">
         <name>_lock</name>
         <value>0x20200360</value>
         <object_component_ref idref="oc-147"/>
      </symbol>
      <symbol id="sm-1e4">
         <name>_unlock</name>
         <value>0x20200364</value>
         <object_component_ref idref="oc-14a"/>
      </symbol>
      <symbol id="sm-1ea">
         <name>_ftable</name>
         <value>0x20200190</value>
         <object_component_ref idref="oc-12c"/>
      </symbol>
      <symbol id="sm-1eb">
         <name>__TI_ft_end</name>
         <value>0x2020035c</value>
         <object_component_ref idref="oc-1b3"/>
      </symbol>
      <symbol id="sm-1ec">
         <name>__TI_tmpnams</name>
         <value>0x2020049c</value>
         <object_component_ref idref="oc-1c6"/>
      </symbol>
      <symbol id="sm-20f">
         <name>malloc</name>
         <value>0x2b09</value>
         <object_component_ref idref="oc-179"/>
      </symbol>
      <symbol id="sm-210">
         <name>aligned_alloc</name>
         <value>0xe39</value>
         <object_component_ref idref="oc-1cc"/>
      </symbol>
      <symbol id="sm-211">
         <name>free</name>
         <value>0x1261</value>
         <object_component_ref idref="oc-177"/>
      </symbol>
      <symbol id="sm-212">
         <name>_sys_memory</name>
         <value>0x202005c8</value>
         <object_component_ref idref="oc-2f"/>
      </symbol>
      <symbol id="sm-213">
         <name>memalign</name>
         <value>0xe39</value>
         <object_component_ref idref="oc-1cc"/>
      </symbol>
      <symbol id="sm-21f">
         <name>_c_int00_noargs</name>
         <value>0x296d</value>
         <object_component_ref idref="oc-61"/>
      </symbol>
      <symbol id="sm-220">
         <name>__stack</name>
         <value>0x20207e00</value>
         <object_component_ref idref="oc-1a"/>
      </symbol>
      <symbol id="sm-22c">
         <name>__TI_auto_init_nobinit_nopinit</name>
         <value>0x25e1</value>
         <object_component_ref idref="oc-ee"/>
      </symbol>
      <symbol id="sm-234">
         <name>_system_pre_init</name>
         <value>0x2b51</value>
         <object_component_ref idref="oc-94"/>
      </symbol>
      <symbol id="sm-23f">
         <name>__TI_zero_init_nomemset</name>
         <value>0x2a1d</value>
         <object_component_ref idref="oc-58"/>
      </symbol>
      <symbol id="sm-248">
         <name>__TI_decompress_none</name>
         <value>0x2a6b</value>
         <object_component_ref idref="oc-20"/>
      </symbol>
      <symbol id="sm-253">
         <name>__TI_decompress_lzss</name>
         <value>0x1e1d</value>
         <object_component_ref idref="oc-1c"/>
      </symbol>
      <symbol id="sm-25f">
         <name>__TI_closefile</name>
         <value>0x1d29</value>
         <object_component_ref idref="oc-171"/>
      </symbol>
      <symbol id="sm-269">
         <name>__TI_doflush</name>
         <value>0x22e7</value>
         <object_component_ref idref="oc-1b8"/>
      </symbol>
      <symbol id="sm-27e">
         <name>write</name>
         <value>0x2945</value>
         <object_component_ref idref="oc-1f6"/>
      </symbol>
      <symbol id="sm-283">
         <name>_device</name>
         <value>0x20200280</value>
         <object_component_ref idref="oc-168"/>
      </symbol>
      <symbol id="sm-284">
         <name>_stream</name>
         <value>0x202002f8</value>
         <object_component_ref idref="oc-1f2"/>
      </symbol>
      <symbol id="sm-28d">
         <name>remove</name>
         <value>0x2b3d</value>
         <object_component_ref idref="oc-1c2"/>
      </symbol>
      <symbol id="sm-299">
         <name>open</name>
         <value>0x180d</value>
         <object_component_ref idref="oc-1b4"/>
      </symbol>
      <symbol id="sm-2a4">
         <name>close</name>
         <value>0x2339</value>
         <object_component_ref idref="oc-1be"/>
      </symbol>
      <symbol id="sm-2b0">
         <name>add_device</name>
         <value>0x1175</value>
         <object_component_ref idref="oc-113"/>
      </symbol>
      <symbol id="sm-2ba">
         <name>unlink</name>
         <value>0x28f1</value>
         <object_component_ref idref="oc-1ff"/>
      </symbol>
      <symbol id="sm-2c4">
         <name>HOSTclose</name>
         <value>0x2389</value>
         <object_component_ref idref="oc-196"/>
      </symbol>
      <symbol id="sm-2ce">
         <name>HOSTlseek</name>
         <value>0x1f79</value>
         <object_component_ref idref="oc-1a2"/>
      </symbol>
      <symbol id="sm-2d8">
         <name>HOSTopen</name>
         <value>0x2181</value>
         <object_component_ref idref="oc-192"/>
      </symbol>
      <symbol id="sm-2d9">
         <name>parmbuf</name>
         <value>0x2020059c</value>
         <object_component_ref idref="oc-1d9"/>
      </symbol>
      <symbol id="sm-2e3">
         <name>HOSTread</name>
         <value>0x21e1</value>
         <object_component_ref idref="oc-19a"/>
      </symbol>
      <symbol id="sm-2f4">
         <name>HOSTrename</name>
         <value>0x1fe5</value>
         <object_component_ref idref="oc-1aa"/>
      </symbol>
      <symbol id="sm-2fe">
         <name>HOSTunlink</name>
         <value>0x23d1</value>
         <object_component_ref idref="oc-1a6"/>
      </symbol>
      <symbol id="sm-308">
         <name>HOSTwrite</name>
         <value>0x2239</value>
         <object_component_ref idref="oc-19e"/>
      </symbol>
      <symbol id="sm-316">
         <name>C$$IO$$</name>
         <value>0x27f5</value>
         <object_component_ref idref="oc-1d2"/>
      </symbol>
      <symbol id="sm-317">
         <name>__TI_writemsg</name>
         <value>0x27c9</value>
         <object_component_ref idref="oc-1d2"/>
      </symbol>
      <symbol id="sm-318">
         <name>__CIOBUF_</name>
         <value>0x2020037c</value>
         <object_component_ref idref="oc-20b"/>
      </symbol>
      <symbol id="sm-319">
         <name>__TI_readmsg</name>
         <value>0x2795</value>
         <object_component_ref idref="oc-1d8"/>
      </symbol>
      <symbol id="sm-31a">
         <name>_CIOBUF_</name>
         <value>0x2020037c</value>
         <object_component_ref idref="oc-20b"/>
      </symbol>
      <symbol id="sm-320">
         <name>__aeabi_idiv</name>
         <value>0x2291</value>
         <object_component_ref idref="oc-ab"/>
      </symbol>
      <symbol id="sm-321">
         <name>__aeabi_idivmod</name>
         <value>0x2291</value>
         <object_component_ref idref="oc-ab"/>
      </symbol>
      <symbol id="sm-327">
         <name>__aeabi_memcpy</name>
         <value>0x2b35</value>
         <object_component_ref idref="oc-51"/>
      </symbol>
      <symbol id="sm-328">
         <name>__aeabi_memcpy4</name>
         <value>0x2b35</value>
         <object_component_ref idref="oc-51"/>
      </symbol>
      <symbol id="sm-329">
         <name>__aeabi_memcpy8</name>
         <value>0x2b35</value>
         <object_component_ref idref="oc-51"/>
      </symbol>
      <symbol id="sm-330">
         <name>__aeabi_memclr</name>
         <value>0x2afd</value>
         <object_component_ref idref="oc-8f"/>
      </symbol>
      <symbol id="sm-331">
         <name>__aeabi_memclr4</name>
         <value>0x2afd</value>
         <object_component_ref idref="oc-8f"/>
      </symbol>
      <symbol id="sm-332">
         <name>__aeabi_memclr8</name>
         <value>0x2afd</value>
         <object_component_ref idref="oc-8f"/>
      </symbol>
      <symbol id="sm-338">
         <name>__aeabi_uidiv</name>
         <value>0x2525</value>
         <object_component_ref idref="oc-a7"/>
      </symbol>
      <symbol id="sm-339">
         <name>__aeabi_uidivmod</name>
         <value>0x2525</value>
         <object_component_ref idref="oc-a7"/>
      </symbol>
      <symbol id="sm-344">
         <name>__aeabi_idiv0</name>
         <value>0x1cab</value>
         <object_component_ref idref="oc-100"/>
      </symbol>
      <symbol id="sm-352">
         <name>finddevice</name>
         <value>0x268d</value>
         <object_component_ref idref="oc-161"/>
      </symbol>
      <symbol id="sm-353">
         <name>getdevice</name>
         <value>0x2051</value>
         <object_component_ref idref="oc-1f0"/>
      </symbol>
      <symbol id="sm-35c">
         <name>TI_memcpy_small</name>
         <value>0x2a59</value>
         <object_component_ref idref="oc-b1"/>
      </symbol>
      <symbol id="sm-365">
         <name>TI_memset_small</name>
         <value>0x2ad7</value>
         <object_component_ref idref="oc-108"/>
      </symbol>
      <symbol id="sm-366">
         <name>__TI_static_base__</name>
         <value>0x0</value>
      </symbol>
      <symbol id="sm-369">
         <name>__mpu_init</name>
         <value>0x0</value>
      </symbol>
      <symbol id="sm-36a">
         <name>_system_post_cinit</name>
         <value>0x0</value>
      </symbol>
   </symbol_table>
   <title>Link successful</title>
</link_info>
