******************************************************************************
            TI ARM Clang Linker PC v3.2.2                      
******************************************************************************
>> Linked Sun Dec  1 22:32:00 2024

OUTPUT FILE NAME:   <ECE319K_Lab9.out>
ENTRY POINT SYMBOL: "_c_int00_noargs"  address: 0000f3d9


MEMORY CONFIGURATION

         name            origin    length      used     unused   attr    fill
----------------------  --------  ---------  --------  --------  ----  --------
  FLASH                 00000000   00020000  0000f6c8  00010938  R  X
  SRAM                  20200000   00008000  000009c4  0000763c  RW X
  BCR_CONFIG            41c00000   00000080  00000000  00000080  R   
  BSL_CONFIG            41c00100   00000080  00000000  00000080  R   


SEGMENT ALLOCATION MAP

run origin  load origin   length   init length attrs members
----------  ----------- ---------- ----------- ----- -------
00000000    00000000    0000f6c8   0000f6c8    r-x
  00000000    00000000    000000c0   000000c0    r-- .intvecs
  000000c0    000000c0    0000c370   0000c370    r-- .rodata
  0000c430    0000c430    00003200   00003200    r-x .text
  0000f630    0000f630    00000098   00000098    r-- .cinit
20200000    20200000    000007c8   00000000    rw-
  20200000    20200000    0000037d   00000000    rw- .data
  20200380    20200380    00000247   00000000    rw- .bss
  202005c8    202005c8    00000200   00000000    rw- .sysmem
20207e00    20207e00    00000200   00000000    rw-
  20207e00    20207e00    00000200   00000000    rw- .stack


SECTION ALLOCATION MAP

 output                                  attributes/
section   page    origin      length       input sections
--------  ----  ----------  ----------   ----------------
.intvecs   0    00000000    000000c0     
                  00000000    000000c0     startup_mspm0g3507_ticlang.o (.intvecs)

.text      0    0000c430    00003200     
                  0000c430    00000374     Lab9Main.o (.text.main)
                  0000c7a4    00000284     libc.a : _printfi.c.obj (.text:__TI_printfi_minimal)
                  0000ca28    00000268     Sprite.o (.text.placeBlock)
                  0000cc90    00000210     ST7735.o (.text.ST7735_DrawBitmap)
                  0000cea0    000001bc     Sprite.o (.text.drop)
                  0000d05c    000001b4     Clock.o (.text.Clock_Init80MHz)
                  0000d210    000001a0     ST7735.o (.text.ST7735_DrawCharS)
                  0000d3b0    00000160     libc.a : fopen.c.obj (.text._openfile)
                  0000d510    0000012c            : memory.c.obj (.text.aligned_alloc)
                  0000d63c    00000118     ST7735.o (.text.ST7735_FillRect)
                  0000d754    00000104     libc.a : fputs.c.obj (.text.fputs)
                  0000d858    000000f8     SPI.o (.text.SPI_Init)
                  0000d950    000000ec     libsysbm.a : add_device.c.obj (.text.add_device)
                  0000da3c    000000ec     libc.a : memory.c.obj (.text.free)
                  0000db28    000000dc     Sprite.o (.text.processGrid)
                  0000dc04    000000dc     libc.a : setvbuf.c.obj (.text.setvbuf)
                  0000dce0    000000d0     ST7735.o (.text.ST7735_OutChar)
                  0000ddb0    000000ce     Sprite.o (.text.Rectangle)
                  0000de7e    00000002     LED.o (.text.LED_Init)
                  0000de80    000000bc     Lab9Main.o (.text.TIMG12_IRQHandler)
                  0000df3c    000000ac     Lab9Main.o (.text.drawShape)
                  0000dfe8    000000a8     libsysbm.a : open.c.obj (.text.open)
                  0000e090    000000a2     ST7735.o (.text.commandList)
                  0000e132    00000002     Sound.o (.text.SysTick_Handler)
                  0000e134    000000a0     Lab9Main.o (.text.swap)
                  0000e1d4    0000009c     ST7735.o (.text.ST7735_InitPrintf)
                  0000e270    0000009c     libc.a : fputc.c.obj (.text.fputc)
                  0000e30c    00000098     ST7735.o (.text.ST7735_InitR)
                  0000e3a4    00000094     Timer.o (.text.TimerG12_IntArm)
                  0000e438    00000088     ST7735.o (.text.setAddrWindow)
                  0000e4c0    00000084     ST7735.o (.text.ST7735_DrawString)
                  0000e544    0000007e     Sprite.o (.text.Square)
                  0000e5c2    00000002     libclang_rt.builtins.a : aeabi_div0.c.obj (.text.__aeabi_idiv0)
                  0000e5c4    0000007c     LaunchPad.o (.text.LaunchPad_Init)
                  0000e640    0000007c     libc.a : fclose.c.obj (.text.__TI_closefile)
                  0000e6bc    00000078     ADC1.o (.text.ADCinit)
                  0000e734    00000078     libc.a : copy_decompress_lzss.c.obj (.text:decompress:lzss)
                  0000e7ac    00000072     Sprite.o (.text.validX)
                  0000e81e    00000002     libc.a : _lock.c.obj (.text._nop)
                  0000e820    00000070     ST7735.o (.text.ST7735_DrawPixel)
                  0000e890    0000006c     libsysbm.a : hostlseek.c.obj (.text.HOSTlseek)
                  0000e8fc    0000006c                : hostrename.c.obj (.text.HOSTrename)
                  0000e968    0000006c     libc.a : fseek.c.obj (.text.fseeko)
                  0000e9d4    00000068            : getdevice.c.obj (.text.getdevice)
                  0000ea3c    00000064            : _io_perm.c.obj (.text.__TI_wrt_ok)
                  0000eaa0    00000064     Sprite.o (.text.clearBlocks)
                  0000eb04    00000064     libc.a : memory.c.obj (.text.split)
                  0000eb68    00000060     libsysbm.a : hostopen.c.obj (.text.HOSTopen)
                  0000ebc8    0000005c     libc.a : printf.c.obj (.text.printf)
                  0000ec24    00000058     libsysbm.a : hostread.c.obj (.text.HOSTread)
                  0000ec7c    00000058                : hostwrite.c.obj (.text.HOSTwrite)
                  0000ecd4    00000056     libclang_rt.builtins.a : aeabi_idivmod.S.obj (.text.__aeabi_idivmod)
                  0000ed2a    00000052     libc.a : fflush.c.obj (.text.__TI_doflush)
                  0000ed7c    00000050     libsysbm.a : close.c.obj (.text.close)
                  0000edcc    00000048                : hostclose.c.obj (.text.HOSTclose)
                  0000ee14    00000048                : hostunlink.c.obj (.text.HOSTunlink)
                  0000ee5c    00000048     SPI.o (.text.SPI_OutCommand)
                  0000eea4    00000044     ADC1.o (.text.ADCin)
                  0000eee8    00000040     SPI.o (.text.SPI_Reset)
                  0000ef28    00000040     TExaS.o (.text.TIMG7_IRQHandler)
                  0000ef68    00000040     libclang_rt.builtins.a : aeabi_uidivmod.S.obj (.text.__aeabi_uidivmod)
                  0000efa8    00000040     libc.a : fopen.c.obj (.text._search_fp)
                  0000efe8    0000003c     ADC1.o (.text.BlockMove)
                  0000f024    0000003c     libc.a : autoinit.c.obj (.text:__TI_auto_init_nobinit_nopinit)
                  0000f060    00000038     LaunchPad.o (.text.ActivatePortA_B)
                  0000f098    00000038     SPI.o (.text.SPI_OutData)
                  0000f0d0    00000038     libc.a : getdevice.c.obj (.text.finddevice)
                  0000f108    00000034     Clock.o (.text.Clock_Delay1ms)
                  0000f13c    00000034     ST7735.o (.text.ST7735_SetCursor)
                  0000f170    00000034     ST7735.o (.text.ST7735_write)
                  0000f1a4    00000034     libc.a : fopen.c.obj (.text.__TI_cleanup)
                  0000f1d8    00000034     libsysbm.a : trgmsg.c.obj (.text.__TI_readmsg)
                  0000f20c    00000034                : trgmsg.c.obj (.text.__TI_writemsg)
                  0000f240    00000034     libc.a : exit.c.obj (.text.exit)
                  0000f274    00000034            : fopen.c.obj (.text.freopen)
                  0000f2a8    00000030     ST7735.o (.text.commonInit)
                  0000f2d8    00000030     libc.a : fopen.c.obj (.text.fopen)
                  0000f308    0000002c     ST7735.o (.text.ST7735_FillScreen)
                  0000f334    0000002c     libsysbm.a : unlink.c.obj (.text.unlink)
                  0000f360    00000028     libc.a : memory.c.obj (.text.free_list_insert)
                  0000f388    00000028     libsysbm.a : lseek.c.obj (.text.lseek)
                  0000f3b0    00000028                : write.c.obj (.text.write)
                  0000f3d8    00000028     libc.a : boot_cortex_m.c.obj (.text:_c_int00_noargs)
                  0000f400    00000022            : memccpy.c.obj (.text.memccpy)
                  0000f422    00000002     --HOLE-- [fill = 0]
                  0000f424    00000020     ADC1.o (.text.Convert)
                  0000f444    0000001e     ST7735.o (.text.pushColor)
                  0000f462    00000002     --HOLE-- [fill = 0]
                  0000f464    0000001c     libc.a : memory.c.obj (.text.free_list_remove)
                  0000f480    00000018     Switch.o (.text.Switch_Init)
                  0000f498    00000016     ST7735.o (.text.ST7735_open)
                  0000f4ae    00000016     ST7735.o (.text.ST7735_read)
                  0000f4c4    00000016     libc.a : copy_zero_init.c.obj (.text:decompress:ZI:__TI_zero_init_nomemset)
                  0000f4da    00000002     --HOLE-- [fill = 0]
                  0000f4dc    00000014     Switch.o (.text.Switch_In)
                  0000f4f0    00000014     Sprite.o (.text.rotate)
                  0000f504    00000012     libsysbm.a : hostrename.c.obj (.text.strcpy)
                  0000f516    00000012     libc.a : memcpy16.S.obj (.text:TI_memcpy_small)
                  0000f528    00000012            : copy_decompress_none.c.obj (.text:decompress:none)
                  0000f53a    00000010     Clock.o (.text.Clock_Delay)
                  0000f54a    0000000e     libc.a : memory.c.obj (.text.OUTLINED_FUNCTION_0)
                  0000f558    0000000e     ST7735.o (.text.ST7735_lseek)
                  0000f566    00000002     --HOLE-- [fill = 0]
                  0000f568    0000000e     libclang_rt.builtins.a : aeabi_memset.S.obj (.text.__aeabi_memset)
                  0000f576    0000000e     libc.a : _printfi.c.obj (.text.strlen)
                  0000f584    0000000e     libsysbm.a : hostrename.c.obj (.text.strlen)
                  0000f592    0000000e     libc.a : memset16.S.obj (.text:TI_memset_small)
                  0000f5a0    0000000c     Clock.o (.text.Clock_Freq)
                  0000f5ac    0000000c     ST7735.o (.text.ST7735_rename)
                  0000f5b8    0000000c     libclang_rt.builtins.a : aeabi_memset.S.obj (.text.__aeabi_memclr)
                  0000f5c4    0000000c     libc.a : memory.c.obj (.text.malloc)
                  0000f5d0    0000000a     Lab9Main.o (.text.PLL_Init)
                  0000f5da    0000000a     ST7735.o (.text.ST7735_close)
                  0000f5e4    0000000a     ST7735.o (.text.ST7735_unlink)
                  0000f5ee    00000002     --HOLE-- [fill = 0]
                  0000f5f0    00000008     libclang_rt.builtins.a : aeabi_memcpy.S.obj (.text.__aeabi_memcpy)
                  0000f5f8    00000008     libc.a : printf.c.obj (.text._outc)
                  0000f600    00000008            : printf.c.obj (.text._outs)
                  0000f608    00000008            : fseek.c.obj (.text.fseek)
                  0000f610    00000008     libsysbm.a : remove.c.obj (.text.remove)
                  0000f618    00000004     startup_mspm0g3507_ticlang.o (.text.Default_Handler)
                  0000f61c    00000004     startup_mspm0g3507_ticlang.o (.text.HardFault_Handler)
                  0000f620    00000004     startup_mspm0g3507_ticlang.o (.text.Reset_Handler)
                  0000f624    00000004     libc.a : pre_init.c.obj (.text._system_pre_init)
                  0000f628    00000004            : exit.c.obj (.text:abort)
                  0000f62c    00000004     --HOLE-- [fill = 0]

.cinit     0    0000f630    00000098     
                  0000f630    00000071     (.cinit..data.load) [load image, compression = lzss]
                  0000f6a1    00000003     --HOLE-- [fill = 0]
                  0000f6a4    0000000c     (__TI_handler_table)
                  0000f6b0    00000008     (.cinit..bss.load) [load image, compression = zero_init]
                  0000f6b8    00000010     (__TI_cinit_table)

.rodata    0    000000c0    0000c370     
                  000000c0    0000a000     Lab9Main.o (.rodata.startPage)
                  0000a0c0    000004fb     ST7735.o (.rodata.Font)
                  0000a5bb    00000001     --HOLE-- [fill = 0]
                  0000a5bc    00000480     Lab9Main.o (.rodata.rectangleBlack1)
                  0000aa3c    00000480     Lab9Main.o (.rodata.rectangleBlack2)
                  0000aebc    00000480     Lab9Main.o (.rodata.rectangleImage1)
                  0000b33c    00000480     Lab9Main.o (.rodata.rectangleImage2)
                  0000b7bc    00000480     Lab9Main.o (.rodata.squareBlack)
                  0000bc3c    00000480     Lab9Main.o (.rodata.squareImage)
                  0000c0bc    00000120     Lab9Main.o (.rodata.singleBlack)
                  0000c1dc    00000120     Lab9Main.o (.rodata.singleBlock)
                  0000c2fc    0000003b     ST7735.o (.rodata.Rcmd1)
                  0000c337    0000002b     ST7735.o (.rodata.Rcmd3)
                  0000c362    00000025     Lab9Main.o (.rodata.str1.90599160581273653951)
                  0000c387    00000016     ST7735.o (.rodata.str1.7335694693116752461)
                  0000c39d    00000011     libc.a : _printfi.c.obj (.rodata.str1.44690500295887128011)
                  0000c3ae    0000000d     ST7735.o (.rodata.Rcmd2green)
                  0000c3bb    0000000d     ST7735.o (.rodata.Rcmd2red)
                  0000c3c8    0000000d     Lab9Main.o (.rodata.str1.34244414569600010931)
                  0000c3d5    0000000b     Lab9Main.o (.rodata.str1.68612456344931424701)
                  0000c3e0    0000000a     Lab9Main.o (.rodata.str1.104063509789725155691)
                  0000c3ea    0000000a     Lab9Main.o (.rodata.str1.140936939954907027641)
                  0000c3f4    0000000a     Lab9Main.o (.rodata.str1.166608143588835004401)
                  0000c3fe    0000000a     Lab9Main.o (.rodata.str1.37815664167421151901)
                  0000c408    0000000a     Lab9Main.o (.rodata.str1.61225035454356512161)
                  0000c412    00000008     ST7735.o (.rodata.str1.121498127939212016191)
                  0000c41a    00000007     ST7735.o (.rodata.str1.177458448621276003531)
                  0000c421    00000007     ST7735.o (.rodata.str1.68723918200564200511)
                  0000c428    00000002     ST7735.o (.rodata.str1.41208212166664079551)
                  0000c42a    00000006     --HOLE-- [fill = 0]

.init_array 
*          0    00000000    00000000     UNINITIALIZED

.binit     0    00000000    00000000     

.data      0    20200000    0000037d     UNINITIALIZED
                  20200000    00000190     Lab9Main.o (.data.blocks)
                  20200190    000000f0     libc.a : defs.c.obj (.data._ftable)
                  20200280    00000078     libsysbm.a : host_device.c.obj (.data._device)
                  202002f8    00000050                : host_device.c.obj (.data._stream)
                  20200348    00000008     libc.a : exit.c.obj (.data..L_MergedGlobals)
                  20200350    00000004     Clock.o (.data.BusFreq)
                  20200354    00000004     ST7735.o (.data.StX)
                  20200358    00000004     ST7735.o (.data.StY)
                  2020035c    00000004     libc.a : defs.c.obj (.data.__TI_ft_end)
                  20200360    00000004            : _lock.c.obj (.data._lock)
                  20200364    00000004            : _lock.c.obj (.data._unlock)
                  20200368    00000004     Lab9Main.o (.data.stored)
                  2020036c    00000002     ST7735.o (.data.StTextColor)
                  2020036e    00000002     ST7735.o (.data._height)
                  20200370    00000002     ST7735.o (.data._width)
                  20200372    00000002     --HOLE--
                  20200374    00000001     libsysbm.a : add_device.c.obj (.data.add_device.device_init)
                  20200375    00000003     --HOLE--
                  20200378    00000001     libc.a : memory.c.obj (.data.memory_is_initialized)
                  20200379    00000003     --HOLE--
                  2020037c    00000001     libsysbm.a : open.c.obj (.data.open.stream_init)

.bss       0    20200380    00000247     UNINITIALIZED
                  20200380    00000120     libsysbm.a : trgmsg.c.obj (.bss:_CIOBUF_)
                  202004a0    000000a0     libc.a : defs.c.obj (.bss.__TI_tmpnams)
                  20200540    00000060     (.common:piece)
                  202005a0    00000008     libsysbm.a : hostopen.c.obj (.bss.parmbuf)
                  202005a8    00000004     libc.a : memory.c.obj (.bss.sys_free)
                  202005ac    00000004     (.common:Data)
                  202005b0    00000004     (.common:Flag)
                  202005b4    00000004     (.common:Position)
                  202005b8    00000004     (.common:Switch)
                  202005bc    00000004     (.common:TExaSLogic)
                  202005c0    00000004     (.common:TExaSadc)
                  202005c4    00000001     ST7735.o (.bss.ColStart)
                  202005c5    00000001     ST7735.o (.bss.RowStart)
                  202005c6    00000001     ST7735.o (.bss.TabColor)

.sysmem    0    202005c8    00000200     UNINITIALIZED
                  202005c8    00000010     libc.a : memory.c.obj (.sysmem)
                  202005d8    000001f0     --HOLE--

.stack     0    20207e00    00000200     UNINITIALIZED
                  20207e00    00000004     libc.a : boot_cortex_m.c.obj (.stack)
                  20207e04    000001fc     --HOLE--

__llvm_prf_cnts 
*          0    20200000    00000000     UNINITIALIZED

__llvm_prf_bits 
*          0    20200000    00000000     UNINITIALIZED

MODULE SUMMARY

       Module                         code    ro data   rw data
       ------                         ----    -------   -------
    .\
       Lab9Main.o                     1414    48559     516    
       ST7735.o                       2598    1449      17     
       Sprite.o                       1846    0         0      
       Clock.o                        516     0         4      
       SPI.o                          440     0         0      
       ADC1.o                         280     0         0      
       LaunchPad.o                    180     0         0      
       Timer.o                        148     0         0      
       TExaS.o                        64      0         8      
       Switch.o                       44      0         0      
       LED.o                          2       0         0      
       Sound.o                        2       0         0      
    +--+------------------------------+-------+---------+---------+
       Total:                         7534    50008     545    
                                                               
    .\ticlang\
       startup_mspm0g3507_ticlang.o   12      192       0      
    +--+------------------------------+-------+---------+---------+
       Total:                         12      192       0      
                                                               
    C:\ti\ccs1280\ccs\tools\compiler\ti-cgt-armllvm_3.2.2.LTS\lib\armv6m-ti-none-eabi/c/libc.a
       memory.c.obj                   730     0         5      
       _printfi.c.obj                 658     17        0      
       fopen.c.obj                    568     0         0      
       defs.c.obj                     0       0         404    
       fputs.c.obj                    260     0         0      
       setvbuf.c.obj                  220     0         0      
       getdevice.c.obj                160     0         0      
       fputc.c.obj                    156     0         0      
       fclose.c.obj                   124     0         0      
       copy_decompress_lzss.c.obj     120     0         0      
       fseek.c.obj                    116     0         0      
       printf.c.obj                   108     0         0      
       _io_perm.c.obj                 100     0         0      
       fflush.c.obj                   82      0         0      
       exit.c.obj                     56      0         8      
       autoinit.c.obj                 60      0         0      
       boot_cortex_m.c.obj            40      0         0      
       memccpy.c.obj                  34      0         0      
       copy_zero_init.c.obj           22      0         0      
       copy_decompress_none.c.obj     18      0         0      
       memcpy16.S.obj                 18      0         0      
       memset16.S.obj                 14      0         0      
       _lock.c.obj                    2       0         8      
       pre_init.c.obj                 4       0         0      
    +--+------------------------------+-------+---------+---------+
       Total:                         3670    17        425    
                                                               
    C:\ti\ccs1280\ccs\tools\compiler\ti-cgt-armllvm_3.2.2.LTS\lib\armv6m-ti-none-eabi/c/libsysbm.a
       trgmsg.c.obj                   104     0         288    
       add_device.c.obj               236     0         1      
       host_device.c.obj              0       0         200    
       open.c.obj                     168     0         1      
       hostrename.c.obj               140     0         0      
       hostlseek.c.obj                108     0         0      
       hostopen.c.obj                 96      0         8      
       hostread.c.obj                 88      0         0      
       hostwrite.c.obj                88      0         0      
       close.c.obj                    80      0         0      
       hostclose.c.obj                72      0         0      
       hostunlink.c.obj               72      0         0      
       unlink.c.obj                   44      0         0      
       lseek.c.obj                    40      0         0      
       write.c.obj                    40      0         0      
       remove.c.obj                   8       0         0      
    +--+------------------------------+-------+---------+---------+
       Total:                         1384    0         498    
                                                               
    C:\ti\ccs1280\ccs\tools\compiler\ti-cgt-armllvm_3.2.2.LTS\lib\clang/15.0.7/lib/armv6m-ti-none-eabi/libclang_rt.builtins.a
       aeabi_idivmod.S.obj            86      0         0      
       aeabi_uidivmod.S.obj           64      0         0      
       aeabi_memset.S.obj             26      0         0      
       aeabi_memcpy.S.obj             8       0         0      
       aeabi_div0.c.obj               2       0         0      
    +--+------------------------------+-------+---------+---------+
       Total:                         186     0         0      
                                                               
       Heap:                          0       0         512    
       Stack:                         0       0         512    
       Linker Generated:              0       149       0      
    +--+------------------------------+-------+---------+---------+
       Grand Total:                   12786   50366     2492   


LINKER GENERATED COPY TABLES

__TI_cinit_table @ 0000f6b8 records: 2, size/record: 8, table size: 16
	.data: load addr=0000f630, load size=00000071 bytes, run addr=20200000, run size=0000037d bytes, compression=lzss
	.bss: load addr=0000f6b0, load size=00000008 bytes, run addr=20200380, run size=00000247 bytes, compression=zero_init


LINKER GENERATED HANDLER TABLE

__TI_handler_table @ 0000f6a4 records: 3, size/record: 4, table size: 12
	index: 0, handler: __TI_decompress_lzss
	index: 1, handler: __TI_decompress_none
	index: 2, handler: __TI_zero_init


GLOBAL SYMBOLS: SORTED ALPHABETICALLY BY Name 

address   name                          
-------   ----                          
0000f619  ADC0_IRQHandler               
0000f619  ADC1_IRQHandler               
0000eea5  ADCin                         
0000e6bd  ADCinit                       
0000f619  AES_IRQHandler                
0000f061  ActivatePortA_B               
0000efe9  BlockMove                     
20200350  BusFreq                       
0000f628  C$$EXIT                       
0000f239  C$$IO$$                       
0000f619  CANFD0_IRQHandler             
0000f53b  Clock_Delay                   
0000f109  Clock_Delay1ms                
0000f5a1  Clock_Freq                    
0000d05d  Clock_Init80MHz               
0000f425  Convert                       
0000f619  DAC0_IRQHandler               
0000f619  DMA_IRQHandler                
202005ac  Data                          
0000f619  Default_Handler               
202005b0  Flag                          
0000f619  GROUP0_IRQHandler             
0000f619  GROUP1_IRQHandler             
0000edcd  HOSTclose                     
0000e891  HOSTlseek                     
0000eb69  HOSTopen                      
0000ec25  HOSTread                      
0000e8fd  HOSTrename                    
0000ee15  HOSTunlink                    
0000ec7d  HOSTwrite                     
0000f61d  HardFault_Handler             
0000f619  I2C0_IRQHandler               
0000f619  I2C1_IRQHandler               
0000de7f  LED_Init                      
0000e5c5  LaunchPad_Init                
0000f619  NMI_Handler                   
0000f5d1  PLL_Init                      
0000f619  PendSV_Handler                
202005b4  Position                      
0000f619  RTC_IRQHandler                
0000ddb1  Rectangle                     
0000f621  Reset_Handler                 
0000f619  SPI0_IRQHandler               
0000f619  SPI1_IRQHandler               
0000d859  SPI_Init                      
0000ee5d  SPI_OutCommand                
0000f099  SPI_OutData                   
0000eee9  SPI_Reset                     
0000cc91  ST7735_DrawBitmap             
0000d211  ST7735_DrawCharS              
0000e821  ST7735_DrawPixel              
0000e4c1  ST7735_DrawString             
0000d63d  ST7735_FillRect               
0000f309  ST7735_FillScreen             
0000e1d5  ST7735_InitPrintf             
0000e30d  ST7735_InitR                  
0000dce1  ST7735_OutChar                
0000f13d  ST7735_SetCursor              
0000f5db  ST7735_close                  
0000f559  ST7735_lseek                  
0000f499  ST7735_open                   
0000f4af  ST7735_read                   
0000f5ad  ST7735_rename                 
0000f5e5  ST7735_unlink                 
0000f171  ST7735_write                  
0000f619  SVC_Handler                   
0000e545  Square                        
2020036c  StTextColor                   
20200354  StX                           
20200358  StY                           
202005b8  Switch                        
0000f4dd  Switch_In                     
0000f481  Switch_Init                   
0000e133  SysTick_Handler               
202005bc  TExaSLogic                    
202005c0  TExaSadc                      
0000f619  TIMA0_IRQHandler              
0000f619  TIMA1_IRQHandler              
0000f619  TIMG0_IRQHandler              
0000de81  TIMG12_IRQHandler             
0000f619  TIMG6_IRQHandler              
0000ef29  TIMG7_IRQHandler              
0000f619  TIMG8_IRQHandler              
0000f517  TI_memcpy_small               
0000f593  TI_memset_small               
0000e3a5  TimerG12_IntArm               
0000f619  UART0_IRQHandler              
0000f619  UART1_IRQHandler              
0000f619  UART2_IRQHandler              
0000f619  UART3_IRQHandler              
20200380  _CIOBUF_                      
20200380  __CIOBUF_                     
20208000  __STACK_END                   
00000200  __STACK_SIZE                  
00000200  __SYSMEM_SIZE                 
00000000  __TI_ATRegion0_region_sz      
00000000  __TI_ATRegion0_src_addr       
00000000  __TI_ATRegion0_trg_addr       
00000000  __TI_ATRegion1_region_sz      
00000000  __TI_ATRegion1_src_addr       
00000000  __TI_ATRegion1_trg_addr       
00000000  __TI_ATRegion2_region_sz      
00000000  __TI_ATRegion2_src_addr       
00000000  __TI_ATRegion2_trg_addr       
0000f6b8  __TI_CINIT_Base               
0000f6c8  __TI_CINIT_Limit              
0000f6c8  __TI_CINIT_Warm               
0000f6a4  __TI_Handler_Table_Base       
0000f6b0  __TI_Handler_Table_Limit      
0000f025  __TI_auto_init_nobinit_nopinit
0000f1a5  __TI_cleanup                  
20200348  __TI_cleanup_ptr              
0000e641  __TI_closefile                
0000e735  __TI_decompress_lzss          
0000f529  __TI_decompress_none          
0000ed2b  __TI_doflush                  
2020034c  __TI_dtors_ptr                
2020035c  __TI_ft_end                   
ffffffff  __TI_pprof_out_hndl           
0000c7a5  __TI_printfi_minimal          
ffffffff  __TI_prof_data_size           
ffffffff  __TI_prof_data_start          
0000f1d9  __TI_readmsg                  
00000000  __TI_static_base__            
202004a0  __TI_tmpnams                  
0000f20d  __TI_writemsg                 
0000ea3d  __TI_wrt_ok                   
0000f4c5  __TI_zero_init_nomemset       
0000ecd5  __aeabi_idiv                  
0000e5c3  __aeabi_idiv0                 
0000ecd5  __aeabi_idivmod               
0000f5b9  __aeabi_memclr                
0000f5b9  __aeabi_memclr4               
0000f5b9  __aeabi_memclr8               
0000f5f1  __aeabi_memcpy                
0000f5f1  __aeabi_memcpy4               
0000f5f1  __aeabi_memcpy8               
0000f569  __aeabi_memset                
0000f569  __aeabi_memset4               
0000f569  __aeabi_memset8               
0000ef69  __aeabi_uidiv                 
0000ef69  __aeabi_uidivmod              
ffffffff  __binit__                     
UNDEFED   __mpu_init                    
20207e00  __stack                       
20200000  __start___llvm_prf_bits       
20200000  __start___llvm_prf_cnts       
20200000  __stop___llvm_prf_bits        
20200000  __stop___llvm_prf_cnts        
0000f3d9  _c_int00_noargs               
20200280  _device                       
20200190  _ftable                       
20200360  _lock                         
0000e81f  _nop                          
202002f8  _stream                       
202005c8  _sys_memory                   
UNDEFED   _system_post_cinit            
0000f625  _system_pre_init              
20200364  _unlock                       
0000f629  abort                         
0000d951  add_device                    
0000d511  aligned_alloc                 
ffffffff  binit                         
20200000  blocks                        
0000eaa1  clearBlocks                   
0000ed7d  close                         
0000df3d  drawShape                     
0000cea1  drop                          
0000f241  exit                          
0000f0d1  finddevice                    
0000f2d9  fopen                         
0000e271  fputc                         
0000d755  fputs                         
0000da3d  free                          
0000f275  freopen                       
0000f609  fseek                         
0000e969  fseeko                        
0000e9d5  getdevice                     
00000000  interruptVectors              
0000f389  lseek                         
0000c431  main                          
0000f5c5  malloc                        
0000d511  memalign                      
0000f401  memccpy                       
0000dfe9  open                          
202005a0  parmbuf                       
20200540  piece                         
0000ca29  placeBlock                    
0000ebc9  printf                        
0000db29  processGrid                   
0000a5bc  rectangleBlack1               
0000aa3c  rectangleBlack2               
0000aebc  rectangleImage1               
0000b33c  rectangleImage2               
0000f611  remove                        
0000f4f1  rotate                        
0000dc05  setvbuf                       
0000c0bc  singleBlack                   
0000c1dc  singleBlock                   
0000b7bc  squareBlack                   
0000bc3c  squareImage                   
000000c0  startPage                     
20200368  stored                        
0000e135  swap                          
0000f335  unlink                        
0000e7ad  validX                        
0000f3b1  write                         


GLOBAL SYMBOLS: SORTED BY Symbol Address 

address   name                          
-------   ----                          
00000000  __TI_ATRegion0_region_sz      
00000000  __TI_ATRegion0_src_addr       
00000000  __TI_ATRegion0_trg_addr       
00000000  __TI_ATRegion1_region_sz      
00000000  __TI_ATRegion1_src_addr       
00000000  __TI_ATRegion1_trg_addr       
00000000  __TI_ATRegion2_region_sz      
00000000  __TI_ATRegion2_src_addr       
00000000  __TI_ATRegion2_trg_addr       
00000000  __TI_static_base__            
00000000  interruptVectors              
000000c0  startPage                     
00000200  __STACK_SIZE                  
00000200  __SYSMEM_SIZE                 
0000a5bc  rectangleBlack1               
0000aa3c  rectangleBlack2               
0000aebc  rectangleImage1               
0000b33c  rectangleImage2               
0000b7bc  squareBlack                   
0000bc3c  squareImage                   
0000c0bc  singleBlack                   
0000c1dc  singleBlock                   
0000c431  main                          
0000c7a5  __TI_printfi_minimal          
0000ca29  placeBlock                    
0000cc91  ST7735_DrawBitmap             
0000cea1  drop                          
0000d05d  Clock_Init80MHz               
0000d211  ST7735_DrawCharS              
0000d511  aligned_alloc                 
0000d511  memalign                      
0000d63d  ST7735_FillRect               
0000d755  fputs                         
0000d859  SPI_Init                      
0000d951  add_device                    
0000da3d  free                          
0000db29  processGrid                   
0000dc05  setvbuf                       
0000dce1  ST7735_OutChar                
0000ddb1  Rectangle                     
0000de7f  LED_Init                      
0000de81  TIMG12_IRQHandler             
0000df3d  drawShape                     
0000dfe9  open                          
0000e133  SysTick_Handler               
0000e135  swap                          
0000e1d5  ST7735_InitPrintf             
0000e271  fputc                         
0000e30d  ST7735_InitR                  
0000e3a5  TimerG12_IntArm               
0000e4c1  ST7735_DrawString             
0000e545  Square                        
0000e5c3  __aeabi_idiv0                 
0000e5c5  LaunchPad_Init                
0000e641  __TI_closefile                
0000e6bd  ADCinit                       
0000e735  __TI_decompress_lzss          
0000e7ad  validX                        
0000e81f  _nop                          
0000e821  ST7735_DrawPixel              
0000e891  HOSTlseek                     
0000e8fd  HOSTrename                    
0000e969  fseeko                        
0000e9d5  getdevice                     
0000ea3d  __TI_wrt_ok                   
0000eaa1  clearBlocks                   
0000eb69  HOSTopen                      
0000ebc9  printf                        
0000ec25  HOSTread                      
0000ec7d  HOSTwrite                     
0000ecd5  __aeabi_idiv                  
0000ecd5  __aeabi_idivmod               
0000ed2b  __TI_doflush                  
0000ed7d  close                         
0000edcd  HOSTclose                     
0000ee15  HOSTunlink                    
0000ee5d  SPI_OutCommand                
0000eea5  ADCin                         
0000eee9  SPI_Reset                     
0000ef29  TIMG7_IRQHandler              
0000ef69  __aeabi_uidiv                 
0000ef69  __aeabi_uidivmod              
0000efe9  BlockMove                     
0000f025  __TI_auto_init_nobinit_nopinit
0000f061  ActivatePortA_B               
0000f099  SPI_OutData                   
0000f0d1  finddevice                    
0000f109  Clock_Delay1ms                
0000f13d  ST7735_SetCursor              
0000f171  ST7735_write                  
0000f1a5  __TI_cleanup                  
0000f1d9  __TI_readmsg                  
0000f20d  __TI_writemsg                 
0000f239  C$$IO$$                       
0000f241  exit                          
0000f275  freopen                       
0000f2d9  fopen                         
0000f309  ST7735_FillScreen             
0000f335  unlink                        
0000f389  lseek                         
0000f3b1  write                         
0000f3d9  _c_int00_noargs               
0000f401  memccpy                       
0000f425  Convert                       
0000f481  Switch_Init                   
0000f499  ST7735_open                   
0000f4af  ST7735_read                   
0000f4c5  __TI_zero_init_nomemset       
0000f4dd  Switch_In                     
0000f4f1  rotate                        
0000f517  TI_memcpy_small               
0000f529  __TI_decompress_none          
0000f53b  Clock_Delay                   
0000f559  ST7735_lseek                  
0000f569  __aeabi_memset                
0000f569  __aeabi_memset4               
0000f569  __aeabi_memset8               
0000f593  TI_memset_small               
0000f5a1  Clock_Freq                    
0000f5ad  ST7735_rename                 
0000f5b9  __aeabi_memclr                
0000f5b9  __aeabi_memclr4               
0000f5b9  __aeabi_memclr8               
0000f5c5  malloc                        
0000f5d1  PLL_Init                      
0000f5db  ST7735_close                  
0000f5e5  ST7735_unlink                 
0000f5f1  __aeabi_memcpy                
0000f5f1  __aeabi_memcpy4               
0000f5f1  __aeabi_memcpy8               
0000f609  fseek                         
0000f611  remove                        
0000f619  ADC0_IRQHandler               
0000f619  ADC1_IRQHandler               
0000f619  AES_IRQHandler                
0000f619  CANFD0_IRQHandler             
0000f619  DAC0_IRQHandler               
0000f619  DMA_IRQHandler                
0000f619  Default_Handler               
0000f619  GROUP0_IRQHandler             
0000f619  GROUP1_IRQHandler             
0000f619  I2C0_IRQHandler               
0000f619  I2C1_IRQHandler               
0000f619  NMI_Handler                   
0000f619  PendSV_Handler                
0000f619  RTC_IRQHandler                
0000f619  SPI0_IRQHandler               
0000f619  SPI1_IRQHandler               
0000f619  SVC_Handler                   
0000f619  TIMA0_IRQHandler              
0000f619  TIMA1_IRQHandler              
0000f619  TIMG0_IRQHandler              
0000f619  TIMG6_IRQHandler              
0000f619  TIMG8_IRQHandler              
0000f619  UART0_IRQHandler              
0000f619  UART1_IRQHandler              
0000f619  UART2_IRQHandler              
0000f619  UART3_IRQHandler              
0000f61d  HardFault_Handler             
0000f621  Reset_Handler                 
0000f625  _system_pre_init              
0000f628  C$$EXIT                       
0000f629  abort                         
0000f6a4  __TI_Handler_Table_Base       
0000f6b0  __TI_Handler_Table_Limit      
0000f6b8  __TI_CINIT_Base               
0000f6c8  __TI_CINIT_Limit              
0000f6c8  __TI_CINIT_Warm               
20200000  __start___llvm_prf_bits       
20200000  __start___llvm_prf_cnts       
20200000  __stop___llvm_prf_bits        
20200000  __stop___llvm_prf_cnts        
20200000  blocks                        
20200190  _ftable                       
20200280  _device                       
202002f8  _stream                       
20200348  __TI_cleanup_ptr              
2020034c  __TI_dtors_ptr                
20200350  BusFreq                       
20200354  StX                           
20200358  StY                           
2020035c  __TI_ft_end                   
20200360  _lock                         
20200364  _unlock                       
20200368  stored                        
2020036c  StTextColor                   
20200380  _CIOBUF_                      
20200380  __CIOBUF_                     
202004a0  __TI_tmpnams                  
20200540  piece                         
202005a0  parmbuf                       
202005ac  Data                          
202005b0  Flag                          
202005b4  Position                      
202005b8  Switch                        
202005bc  TExaSLogic                    
202005c0  TExaSadc                      
202005c8  _sys_memory                   
20207e00  __stack                       
20208000  __STACK_END                   
ffffffff  __TI_pprof_out_hndl           
ffffffff  __TI_prof_data_size           
ffffffff  __TI_prof_data_start          
ffffffff  __binit__                     
ffffffff  binit                         
UNDEFED   __mpu_init                    
UNDEFED   _system_post_cinit            

[207 symbols]
