******************************************************************************
            TI ARM Clang Linker PC v3.2.2                      
******************************************************************************
>> Linked Tue Nov 26 21:19:17 2024

OUTPUT FILE NAME:   <ECE319K_Lab9.out>
ENTRY POINT SYMBOL: "_c_int00_noargs"  address: 00002591


MEMORY CONFIGURATION

         name            origin    length      used     unused   attr    fill
----------------------  --------  ---------  --------  --------  ----  --------
  FLASH                 00000000   00020000  000049e8  0001b618  R  X
  SRAM                  20200000   00008000  000009c0  00007640  RW X
  BCR_CONFIG            41c00000   00000080  00000000  00000080  R   
  BSL_CONFIG            41c00100   00000080  00000000  00000080  R   


SEGMENT ALLOCATION MAP

run origin  load origin   length   init length attrs members
----------  ----------- ---------- ----------- ----- -------
00000000    00000000    000049e8   000049e8    r-x
  00000000    00000000    000000c0   000000c0    r-- .intvecs
  000000c0    000000c0    000026c0   000026c0    r-x .text
  00002780    00002780    000021d0   000021d0    r-- .rodata
  00004950    00004950    00000098   00000098    r-- .cinit
20200000    20200000    000007c8   00000000    rw-
  20200000    20200000    00000379   00000000    rw- .data
  2020037c    2020037c    00000247   00000000    rw- .bss
  202005c8    202005c8    00000200   00000000    rw- .sysmem
20207e00    20207e00    00000200   00000000    rw-
  20207e00    20207e00    00000200   00000000    rw- .stack


SECTION ALLOCATION MAP

 output                                  attributes/
section   page    origin      length       input sections
--------  ----  ----------  ----------   ----------------
.intvecs   0    00000000    000000c0     
                  00000000    000000c0     startup_mspm0g3507_ticlang.o (.intvecs)

.text      0    000000c0    000026c0     
                  000000c0    00000268     Sprite.o (.text.placeBlock)
                  00000328    00000210     ST7735.o (.text.ST7735_DrawBitmap)
                  00000538    000001dc     Lab9Main.o (.text.main)
                  00000714    000001b4     Clock.o (.text.Clock_Init80MHz)
                  000008c8    000001a0     ST7735.o (.text.ST7735_DrawCharS)
                  00000a68    00000160     libc.a : fopen.c.obj (.text._openfile)
                  00000bc8    0000012c            : memory.c.obj (.text.aligned_alloc)
                  00000cf4    00000118     ST7735.o (.text.ST7735_FillRect)
                  00000e0c    000000f8     SPI.o (.text.SPI_Init)
                  00000f04    000000ec     libsysbm.a : add_device.c.obj (.text.add_device)
                  00000ff0    000000ec     libc.a : memory.c.obj (.text.free)
                  000010dc    000000dc            : setvbuf.c.obj (.text.setvbuf)
                  000011b8    000000d0     ST7735.o (.text.ST7735_OutChar)
                  00001288    000000ce     Sprite.o (.text.Rectangle)
                  00001356    00000002     LED.o (.text.LED_Init)
                  00001358    000000a8     libsysbm.a : open.c.obj (.text.open)
                  00001400    000000a2     ST7735.o (.text.commandList)
                  000014a2    00000002     Sound.o (.text.SysTick_Handler)
                  000014a4    0000009c     ST7735.o (.text.ST7735_InitPrintf)
                  00001540    00000098     ST7735.o (.text.ST7735_InitR)
                  000015d8    00000094     Timer.o (.text.TimerG12_IntArm)
                  0000166c    00000088     Lab9Main.o (.text.drawShape)
                  000016f4    00000088     ST7735.o (.text.setAddrWindow)
                  0000177c    00000084     ST7735.o (.text.ST7735_DrawString)
                  00001800    00000080     Lab9Main.o (.text.TIMG12_IRQHandler)
                  00001880    0000007e     Sprite.o (.text.Square)
                  000018fe    00000002     libclang_rt.builtins.a : aeabi_div0.c.obj (.text.__aeabi_idiv0)
                  00001900    0000007c     LaunchPad.o (.text.LaunchPad_Init)
                  0000197c    0000007c     libc.a : fclose.c.obj (.text.__TI_closefile)
                  000019f8    00000078     ADC1.o (.text.ADCinit)
                  00001a70    00000078     libc.a : copy_decompress_lzss.c.obj (.text:decompress:lzss)
                  00001ae8    00000072     Sprite.o (.text.validX)
                  00001b5a    00000002     libc.a : _lock.c.obj (.text._nop)
                  00001b5c    00000070     ST7735.o (.text.ST7735_DrawPixel)
                  00001bcc    0000006c     libsysbm.a : hostlseek.c.obj (.text.HOSTlseek)
                  00001c38    0000006c                : hostrename.c.obj (.text.HOSTrename)
                  00001ca4    00000068     libc.a : getdevice.c.obj (.text.getdevice)
                  00001d0c    00000064            : memory.c.obj (.text.split)
                  00001d70    00000060     libsysbm.a : hostopen.c.obj (.text.HOSTopen)
                  00001dd0    00000058                : hostread.c.obj (.text.HOSTread)
                  00001e28    00000058                : hostwrite.c.obj (.text.HOSTwrite)
                  00001e80    00000056     libclang_rt.builtins.a : aeabi_idivmod.S.obj (.text.__aeabi_idivmod)
                  00001ed6    00000052     libc.a : fflush.c.obj (.text.__TI_doflush)
                  00001f28    00000050     libsysbm.a : close.c.obj (.text.close)
                  00001f78    00000048                : hostclose.c.obj (.text.HOSTclose)
                  00001fc0    00000048                : hostunlink.c.obj (.text.HOSTunlink)
                  00002008    00000048     SPI.o (.text.SPI_OutCommand)
                  00002050    00000044     ADC1.o (.text.ADCin)
                  00002094    00000040     SPI.o (.text.SPI_Reset)
                  000020d4    00000040     TExaS.o (.text.TIMG7_IRQHandler)
                  00002114    00000040     libclang_rt.builtins.a : aeabi_uidivmod.S.obj (.text.__aeabi_uidivmod)
                  00002154    00000040     libc.a : fopen.c.obj (.text._search_fp)
                  00002194    0000003c     ADC1.o (.text.BlockMove)
                  000021d0    0000003c     libc.a : autoinit.c.obj (.text:__TI_auto_init_nobinit_nopinit)
                  0000220c    00000038     LaunchPad.o (.text.ActivatePortA_B)
                  00002244    00000038     SPI.o (.text.SPI_OutData)
                  0000227c    00000038     libc.a : getdevice.c.obj (.text.finddevice)
                  000022b4    00000034     Clock.o (.text.Clock_Delay1ms)
                  000022e8    00000034     ST7735.o (.text.ST7735_SetCursor)
                  0000231c    00000034     ST7735.o (.text.ST7735_write)
                  00002350    00000034     libc.a : fopen.c.obj (.text.__TI_cleanup)
                  00002384    00000034     libsysbm.a : trgmsg.c.obj (.text.__TI_readmsg)
                  000023b8    00000034                : trgmsg.c.obj (.text.__TI_writemsg)
                  000023ec    00000034     Sprite.o (.text.drop)
                  00002420    00000034     libc.a : exit.c.obj (.text.exit)
                  00002454    00000034            : fopen.c.obj (.text.freopen)
                  00002488    00000030     ST7735.o (.text.commonInit)
                  000024b8    00000030     libc.a : fopen.c.obj (.text.fopen)
                  000024e8    0000002c     ST7735.o (.text.ST7735_FillScreen)
                  00002514    0000002c     libsysbm.a : unlink.c.obj (.text.unlink)
                  00002540    00000028     libc.a : memory.c.obj (.text.free_list_insert)
                  00002568    00000028     libsysbm.a : write.c.obj (.text.write)
                  00002590    00000028     libc.a : boot_cortex_m.c.obj (.text:_c_int00_noargs)
                  000025b8    00000020     ADC1.o (.text.Convert)
                  000025d8    0000001e     ST7735.o (.text.pushColor)
                  000025f6    00000002     --HOLE-- [fill = 0]
                  000025f8    0000001c     libc.a : memory.c.obj (.text.free_list_remove)
                  00002614    00000016     ST7735.o (.text.ST7735_open)
                  0000262a    00000016     ST7735.o (.text.ST7735_read)
                  00002640    00000016     libc.a : copy_zero_init.c.obj (.text:decompress:ZI:__TI_zero_init_nomemset)
                  00002656    00000014     Sprite.o (.text.rotate)
                  0000266a    00000012     libsysbm.a : hostrename.c.obj (.text.strcpy)
                  0000267c    00000012     libc.a : memcpy16.S.obj (.text:TI_memcpy_small)
                  0000268e    00000012            : copy_decompress_none.c.obj (.text:decompress:none)
                  000026a0    00000010     Clock.o (.text.Clock_Delay)
                  000026b0    00000010     Switch.o (.text.Switch_In)
                  000026c0    00000010     Switch.o (.text.Switch_Init)
                  000026d0    0000000e     libc.a : memory.c.obj (.text.OUTLINED_FUNCTION_0)
                  000026de    0000000e     ST7735.o (.text.ST7735_lseek)
                  000026ec    0000000e     libsysbm.a : hostrename.c.obj (.text.strlen)
                  000026fa    0000000e     libc.a : memset16.S.obj (.text:TI_memset_small)
                  00002708    0000000c     Clock.o (.text.Clock_Freq)
                  00002714    0000000c     ST7735.o (.text.ST7735_rename)
                  00002720    0000000c     libclang_rt.builtins.a : aeabi_memset.S.obj (.text.__aeabi_memclr)
                  0000272c    0000000c     libc.a : memory.c.obj (.text.malloc)
                  00002738    0000000a     Lab9Main.o (.text.PLL_Init)
                  00002742    0000000a     ST7735.o (.text.ST7735_close)
                  0000274c    0000000a     ST7735.o (.text.ST7735_unlink)
                  00002756    00000002     --HOLE-- [fill = 0]
                  00002758    00000008     libclang_rt.builtins.a : aeabi_memcpy.S.obj (.text.__aeabi_memcpy)
                  00002760    00000008     libsysbm.a : remove.c.obj (.text.remove)
                  00002768    00000004     startup_mspm0g3507_ticlang.o (.text.Default_Handler)
                  0000276c    00000004     startup_mspm0g3507_ticlang.o (.text.HardFault_Handler)
                  00002770    00000004     startup_mspm0g3507_ticlang.o (.text.Reset_Handler)
                  00002774    00000004     libc.a : pre_init.c.obj (.text._system_pre_init)
                  00002778    00000004            : exit.c.obj (.text:abort)
                  0000277c    00000004     --HOLE-- [fill = 0]

.cinit     0    00004950    00000098     
                  00004950    0000006d     (.cinit..data.load) [load image, compression = lzss]
                  000049bd    00000003     --HOLE-- [fill = 0]
                  000049c0    0000000c     (__TI_handler_table)
                  000049cc    00000008     (.cinit..bss.load) [load image, compression = zero_init]
                  000049d4    00000010     (__TI_cinit_table)
                  000049e4    00000004     --HOLE-- [fill = 0]

.rodata    0    00002780    000021d0     
                  00002780    000004fb     ST7735.o (.rodata.Font)
                  00002c7b    00000001     --HOLE-- [fill = 0]
                  00002c7c    00000480     Lab9Main.o (.rodata.rectangleBlack1)
                  000030fc    00000480     Lab9Main.o (.rodata.rectangleBlack2)
                  0000357c    00000480     Lab9Main.o (.rodata.rectangleImage1)
                  000039fc    00000480     Lab9Main.o (.rodata.rectangleImage2)
                  00003e7c    00000480     Lab9Main.o (.rodata.squareBlack)
                  000042fc    00000480     Lab9Main.o (.rodata.squareImage)
                  0000477c    00000120     Lab9Main.o (.rodata.singleBlock)
                  0000489c    0000003b     ST7735.o (.rodata.Rcmd1)
                  000048d7    0000002b     ST7735.o (.rodata.Rcmd3)
                  00004902    00000016     ST7735.o (.rodata.str1.7335694693116752461)
                  00004918    0000000d     ST7735.o (.rodata.Rcmd2green)
                  00004925    0000000d     ST7735.o (.rodata.Rcmd2red)
                  00004932    00000008     ST7735.o (.rodata.str1.121498127939212016191)
                  0000493a    00000007     ST7735.o (.rodata.str1.177458448621276003531)
                  00004941    00000007     ST7735.o (.rodata.str1.68723918200564200511)
                  00004948    00000002     ST7735.o (.rodata.str1.41208212166664079551)
                  0000494a    00000006     --HOLE-- [fill = 0]

.init_array 
*          0    00000000    00000000     UNINITIALIZED

.binit     0    00000000    00000000     

.data      0    20200000    00000379     UNINITIALIZED
                  20200000    00000190     Lab9Main.o (.data.blocks)
                  20200190    000000f0     libc.a : defs.c.obj (.data._ftable)
                  20200280    00000078     libsysbm.a : host_device.c.obj (.data._device)
                  202002f8    00000050                : host_device.c.obj (.data._stream)
                  20200348    00000008     libc.a : exit.c.obj (.data..L_MergedGlobals)
                  20200350    00000004     Clock.o (.data.BusFreq)
                  20200354    00000004     ST7735.o (.data.StX)
                  20200358    00000004     ST7735.o (.data.StY)
                  2020035c    00000004     libc.a : defs.c.obj (.data.__TI_ft_end)
                  20200360    00000004            : _lock.c.obj (.data._lock)
                  20200364    00000004            : _lock.c.obj (.data._unlock)
                  20200368    00000002     ST7735.o (.data.StTextColor)
                  2020036a    00000002     ST7735.o (.data._height)
                  2020036c    00000002     ST7735.o (.data._width)
                  2020036e    00000002     --HOLE--
                  20200370    00000001     libsysbm.a : add_device.c.obj (.data.add_device.device_init)
                  20200371    00000003     --HOLE--
                  20200374    00000001     libc.a : memory.c.obj (.data.memory_is_initialized)
                  20200375    00000003     --HOLE--
                  20200378    00000001     libsysbm.a : open.c.obj (.data.open.stream_init)

.bss       0    2020037c    00000247     UNINITIALIZED
                  2020037c    00000120     libsysbm.a : trgmsg.c.obj (.bss:_CIOBUF_)
                  2020049c    000000a0     libc.a : defs.c.obj (.bss.__TI_tmpnams)
                  2020053c    00000060     (.common:piece)
                  2020059c    00000008     libsysbm.a : hostopen.c.obj (.bss.parmbuf)
                  202005a4    00000004     libc.a : memory.c.obj (.bss.sys_free)
                  202005a8    00000004     (.common:Data)
                  202005ac    00000004     (.common:Flag)
                  202005b0    00000004     (.common:Position)
                  202005b4    00000004     (.common:Switch)
                  202005b8    00000004     (.common:TExaSLogic)
                  202005bc    00000004     (.common:TExaSadc)
                  202005c0    00000001     ST7735.o (.bss.ColStart)
                  202005c1    00000001     ST7735.o (.bss.RowStart)
                  202005c2    00000001     ST7735.o (.bss.TabColor)

.sysmem    0    202005c8    00000200     UNINITIALIZED
                  202005c8    00000010     libc.a : memory.c.obj (.sysmem)
                  202005d8    000001f0     --HOLE--

.stack     0    20207e00    00000200     UNINITIALIZED
                  20207e00    00000004     libc.a : boot_cortex_m.c.obj (.stack)
                  20207e04    000001fc     --HOLE--

__llvm_prf_cnts 
*          0    20200000    00000000     UNINITIALIZED

__llvm_prf_bits 
*          0    20200000    00000000     UNINITIALIZED

MODULE SUMMARY

       Module                         code   ro data   rw data
       ------                         ----   -------   -------
    .\
       Lab9Main.o                     750    7200      512    
       ST7735.o                       2598   1449      17     
       Sprite.o                       1134   0         0      
       Clock.o                        516    0         4      
       SPI.o                          440    0         0      
       ADC1.o                         280    0         0      
       LaunchPad.o                    180    0         0      
       Timer.o                        148    0         0      
       TExaS.o                        64     0         8      
       Switch.o                       32     0         0      
       LED.o                          2      0         0      
       Sound.o                        2      0         0      
    +--+------------------------------+------+---------+---------+
       Total:                         6146   8649      541    
                                                              
    .\ticlang\
       startup_mspm0g3507_ticlang.o   12     192       0      
    +--+------------------------------+------+---------+---------+
       Total:                         12     192       0      
                                                              
    C:\ti\ccs1280\ccs\tools\compiler\ti-cgt-armllvm_3.2.2.LTS\lib\armv6m-ti-none-eabi/c/libc.a
       memory.c.obj                   730    0         5      
       fopen.c.obj                    568    0         0      
       defs.c.obj                     0      0         404    
       setvbuf.c.obj                  220    0         0      
       getdevice.c.obj                160    0         0      
       fclose.c.obj                   124    0         0      
       copy_decompress_lzss.c.obj     120    0         0      
       fflush.c.obj                   82     0         0      
       exit.c.obj                     56     0         8      
       autoinit.c.obj                 60     0         0      
       boot_cortex_m.c.obj            40     0         0      
       copy_zero_init.c.obj           22     0         0      
       copy_decompress_none.c.obj     18     0         0      
       memcpy16.S.obj                 18     0         0      
       memset16.S.obj                 14     0         0      
       _lock.c.obj                    2      0         8      
       pre_init.c.obj                 4      0         0      
    +--+------------------------------+------+---------+---------+
       Total:                         2238   0         425    
                                                              
    C:\ti\ccs1280\ccs\tools\compiler\ti-cgt-armllvm_3.2.2.LTS\lib\armv6m-ti-none-eabi/c/libsysbm.a
       trgmsg.c.obj                   104    0         288    
       add_device.c.obj               236    0         1      
       host_device.c.obj              0      0         200    
       open.c.obj                     168    0         1      
       hostrename.c.obj               140    0         0      
       hostlseek.c.obj                108    0         0      
       hostopen.c.obj                 96     0         8      
       hostread.c.obj                 88     0         0      
       hostwrite.c.obj                88     0         0      
       close.c.obj                    80     0         0      
       hostclose.c.obj                72     0         0      
       hostunlink.c.obj               72     0         0      
       unlink.c.obj                   44     0         0      
       write.c.obj                    40     0         0      
       remove.c.obj                   8      0         0      
    +--+------------------------------+------+---------+---------+
       Total:                         1344   0         498    
                                                              
    C:\ti\ccs1280\ccs\tools\compiler\ti-cgt-armllvm_3.2.2.LTS\lib\clang/15.0.7/lib/armv6m-ti-none-eabi/libclang_rt.builtins.a
       aeabi_idivmod.S.obj            86     0         0      
       aeabi_uidivmod.S.obj           64     0         0      
       aeabi_memset.S.obj             12     0         0      
       aeabi_memcpy.S.obj             8      0         0      
       aeabi_div0.c.obj               2      0         0      
    +--+------------------------------+------+---------+---------+
       Total:                         172    0         0      
                                                              
       Heap:                          0      0         512    
       Stack:                         0      0         512    
       Linker Generated:              0      145       0      
    +--+------------------------------+------+---------+---------+
       Grand Total:                   9912   8986      2488   


LINKER GENERATED COPY TABLES

__TI_cinit_table @ 000049d4 records: 2, size/record: 8, table size: 16
	.data: load addr=00004950, load size=0000006d bytes, run addr=20200000, run size=00000379 bytes, compression=lzss
	.bss: load addr=000049cc, load size=00000008 bytes, run addr=2020037c, run size=00000247 bytes, compression=zero_init


LINKER GENERATED HANDLER TABLE

__TI_handler_table @ 000049c0 records: 3, size/record: 4, table size: 12
	index: 0, handler: __TI_decompress_lzss
	index: 1, handler: __TI_decompress_none
	index: 2, handler: __TI_zero_init


GLOBAL SYMBOLS: SORTED ALPHABETICALLY BY Name 

address   name                          
-------   ----                          
00002769  ADC0_IRQHandler               
00002769  ADC1_IRQHandler               
00002051  ADCin                         
000019f9  ADCinit                       
00002769  AES_IRQHandler                
0000220d  ActivatePortA_B               
00002195  BlockMove                     
20200350  BusFreq                       
00002778  C$$EXIT                       
000023e5  C$$IO$$                       
00002769  CANFD0_IRQHandler             
000026a1  Clock_Delay                   
000022b5  Clock_Delay1ms                
00002709  Clock_Freq                    
00000715  Clock_Init80MHz               
000025b9  Convert                       
00002769  DAC0_IRQHandler               
00002769  DMA_IRQHandler                
202005a8  Data                          
00002769  Default_Handler               
202005ac  Flag                          
00002769  GROUP0_IRQHandler             
00002769  GROUP1_IRQHandler             
00001f79  HOSTclose                     
00001bcd  HOSTlseek                     
00001d71  HOSTopen                      
00001dd1  HOSTread                      
00001c39  HOSTrename                    
00001fc1  HOSTunlink                    
00001e29  HOSTwrite                     
0000276d  HardFault_Handler             
00002769  I2C0_IRQHandler               
00002769  I2C1_IRQHandler               
00001357  LED_Init                      
00001901  LaunchPad_Init                
00002769  NMI_Handler                   
00002739  PLL_Init                      
00002769  PendSV_Handler                
202005b0  Position                      
00002769  RTC_IRQHandler                
00001289  Rectangle                     
00002771  Reset_Handler                 
00002769  SPI0_IRQHandler               
00002769  SPI1_IRQHandler               
00000e0d  SPI_Init                      
00002009  SPI_OutCommand                
00002245  SPI_OutData                   
00002095  SPI_Reset                     
00000329  ST7735_DrawBitmap             
000008c9  ST7735_DrawCharS              
00001b5d  ST7735_DrawPixel              
0000177d  ST7735_DrawString             
00000cf5  ST7735_FillRect               
000024e9  ST7735_FillScreen             
000014a5  ST7735_InitPrintf             
00001541  ST7735_InitR                  
000011b9  ST7735_OutChar                
000022e9  ST7735_SetCursor              
00002743  ST7735_close                  
000026df  ST7735_lseek                  
00002615  ST7735_open                   
0000262b  ST7735_read                   
00002715  ST7735_rename                 
0000274d  ST7735_unlink                 
0000231d  ST7735_write                  
00002769  SVC_Handler                   
00001881  Square                        
20200368  StTextColor                   
20200354  StX                           
20200358  StY                           
202005b4  Switch                        
000026b1  Switch_In                     
000026c1  Switch_Init                   
000014a3  SysTick_Handler               
202005b8  TExaSLogic                    
202005bc  TExaSadc                      
00002769  TIMA0_IRQHandler              
00002769  TIMA1_IRQHandler              
00002769  TIMG0_IRQHandler              
00001801  TIMG12_IRQHandler             
00002769  TIMG6_IRQHandler              
000020d5  TIMG7_IRQHandler              
00002769  TIMG8_IRQHandler              
0000267d  TI_memcpy_small               
000026fb  TI_memset_small               
000015d9  TimerG12_IntArm               
00002769  UART0_IRQHandler              
00002769  UART1_IRQHandler              
00002769  UART2_IRQHandler              
00002769  UART3_IRQHandler              
2020037c  _CIOBUF_                      
2020037c  __CIOBUF_                     
20208000  __STACK_END                   
00000200  __STACK_SIZE                  
00000200  __SYSMEM_SIZE                 
00000000  __TI_ATRegion0_region_sz      
00000000  __TI_ATRegion0_src_addr       
00000000  __TI_ATRegion0_trg_addr       
00000000  __TI_ATRegion1_region_sz      
00000000  __TI_ATRegion1_src_addr       
00000000  __TI_ATRegion1_trg_addr       
00000000  __TI_ATRegion2_region_sz      
00000000  __TI_ATRegion2_src_addr       
00000000  __TI_ATRegion2_trg_addr       
000049d4  __TI_CINIT_Base               
000049e4  __TI_CINIT_Limit              
000049e4  __TI_CINIT_Warm               
000049c0  __TI_Handler_Table_Base       
000049cc  __TI_Handler_Table_Limit      
000021d1  __TI_auto_init_nobinit_nopinit
00002351  __TI_cleanup                  
20200348  __TI_cleanup_ptr              
0000197d  __TI_closefile                
00001a71  __TI_decompress_lzss          
0000268f  __TI_decompress_none          
00001ed7  __TI_doflush                  
2020034c  __TI_dtors_ptr                
2020035c  __TI_ft_end                   
ffffffff  __TI_pprof_out_hndl           
ffffffff  __TI_prof_data_size           
ffffffff  __TI_prof_data_start          
00002385  __TI_readmsg                  
00000000  __TI_static_base__            
2020049c  __TI_tmpnams                  
000023b9  __TI_writemsg                 
00002641  __TI_zero_init_nomemset       
00001e81  __aeabi_idiv                  
000018ff  __aeabi_idiv0                 
00001e81  __aeabi_idivmod               
00002721  __aeabi_memclr                
00002721  __aeabi_memclr4               
00002721  __aeabi_memclr8               
00002759  __aeabi_memcpy                
00002759  __aeabi_memcpy4               
00002759  __aeabi_memcpy8               
00002115  __aeabi_uidiv                 
00002115  __aeabi_uidivmod              
ffffffff  __binit__                     
UNDEFED   __mpu_init                    
20207e00  __stack                       
20200000  __start___llvm_prf_bits       
20200000  __start___llvm_prf_cnts       
20200000  __stop___llvm_prf_bits        
20200000  __stop___llvm_prf_cnts        
00002591  _c_int00_noargs               
20200280  _device                       
20200190  _ftable                       
20200360  _lock                         
00001b5b  _nop                          
202002f8  _stream                       
202005c8  _sys_memory                   
UNDEFED   _system_post_cinit            
00002775  _system_pre_init              
20200364  _unlock                       
00002779  abort                         
00000f05  add_device                    
00000bc9  aligned_alloc                 
ffffffff  binit                         
20200000  blocks                        
00001f29  close                         
0000166d  drawShape                     
000023ed  drop                          
00002421  exit                          
0000227d  finddevice                    
000024b9  fopen                         
00000ff1  free                          
00002455  freopen                       
00001ca5  getdevice                     
00000000  interruptVectors              
00000539  main                          
0000272d  malloc                        
00000bc9  memalign                      
00001359  open                          
2020059c  parmbuf                       
2020053c  piece                         
000000c1  placeBlock                    
00002c7c  rectangleBlack1               
000030fc  rectangleBlack2               
0000357c  rectangleImage1               
000039fc  rectangleImage2               
00002761  remove                        
00002657  rotate                        
000010dd  setvbuf                       
0000477c  singleBlock                   
00003e7c  squareBlack                   
000042fc  squareImage                   
00002515  unlink                        
00001ae9  validX                        
00002569  write                         


GLOBAL SYMBOLS: SORTED BY Symbol Address 

address   name                          
-------   ----                          
00000000  __TI_ATRegion0_region_sz      
00000000  __TI_ATRegion0_src_addr       
00000000  __TI_ATRegion0_trg_addr       
00000000  __TI_ATRegion1_region_sz      
00000000  __TI_ATRegion1_src_addr       
00000000  __TI_ATRegion1_trg_addr       
00000000  __TI_ATRegion2_region_sz      
00000000  __TI_ATRegion2_src_addr       
00000000  __TI_ATRegion2_trg_addr       
00000000  __TI_static_base__            
00000000  interruptVectors              
000000c1  placeBlock                    
00000200  __STACK_SIZE                  
00000200  __SYSMEM_SIZE                 
00000329  ST7735_DrawBitmap             
00000539  main                          
00000715  Clock_Init80MHz               
000008c9  ST7735_DrawCharS              
00000bc9  aligned_alloc                 
00000bc9  memalign                      
00000cf5  ST7735_FillRect               
00000e0d  SPI_Init                      
00000f05  add_device                    
00000ff1  free                          
000010dd  setvbuf                       
000011b9  ST7735_OutChar                
00001289  Rectangle                     
00001357  LED_Init                      
00001359  open                          
000014a3  SysTick_Handler               
000014a5  ST7735_InitPrintf             
00001541  ST7735_InitR                  
000015d9  TimerG12_IntArm               
0000166d  drawShape                     
0000177d  ST7735_DrawString             
00001801  TIMG12_IRQHandler             
00001881  Square                        
000018ff  __aeabi_idiv0                 
00001901  LaunchPad_Init                
0000197d  __TI_closefile                
000019f9  ADCinit                       
00001a71  __TI_decompress_lzss          
00001ae9  validX                        
00001b5b  _nop                          
00001b5d  ST7735_DrawPixel              
00001bcd  HOSTlseek                     
00001c39  HOSTrename                    
00001ca5  getdevice                     
00001d71  HOSTopen                      
00001dd1  HOSTread                      
00001e29  HOSTwrite                     
00001e81  __aeabi_idiv                  
00001e81  __aeabi_idivmod               
00001ed7  __TI_doflush                  
00001f29  close                         
00001f79  HOSTclose                     
00001fc1  HOSTunlink                    
00002009  SPI_OutCommand                
00002051  ADCin                         
00002095  SPI_Reset                     
000020d5  TIMG7_IRQHandler              
00002115  __aeabi_uidiv                 
00002115  __aeabi_uidivmod              
00002195  BlockMove                     
000021d1  __TI_auto_init_nobinit_nopinit
0000220d  ActivatePortA_B               
00002245  SPI_OutData                   
0000227d  finddevice                    
000022b5  Clock_Delay1ms                
000022e9  ST7735_SetCursor              
0000231d  ST7735_write                  
00002351  __TI_cleanup                  
00002385  __TI_readmsg                  
000023b9  __TI_writemsg                 
000023e5  C$$IO$$                       
000023ed  drop                          
00002421  exit                          
00002455  freopen                       
000024b9  fopen                         
000024e9  ST7735_FillScreen             
00002515  unlink                        
00002569  write                         
00002591  _c_int00_noargs               
000025b9  Convert                       
00002615  ST7735_open                   
0000262b  ST7735_read                   
00002641  __TI_zero_init_nomemset       
00002657  rotate                        
0000267d  TI_memcpy_small               
0000268f  __TI_decompress_none          
000026a1  Clock_Delay                   
000026b1  Switch_In                     
000026c1  Switch_Init                   
000026df  ST7735_lseek                  
000026fb  TI_memset_small               
00002709  Clock_Freq                    
00002715  ST7735_rename                 
00002721  __aeabi_memclr                
00002721  __aeabi_memclr4               
00002721  __aeabi_memclr8               
0000272d  malloc                        
00002739  PLL_Init                      
00002743  ST7735_close                  
0000274d  ST7735_unlink                 
00002759  __aeabi_memcpy                
00002759  __aeabi_memcpy4               
00002759  __aeabi_memcpy8               
00002761  remove                        
00002769  ADC0_IRQHandler               
00002769  ADC1_IRQHandler               
00002769  AES_IRQHandler                
00002769  CANFD0_IRQHandler             
00002769  DAC0_IRQHandler               
00002769  DMA_IRQHandler                
00002769  Default_Handler               
00002769  GROUP0_IRQHandler             
00002769  GROUP1_IRQHandler             
00002769  I2C0_IRQHandler               
00002769  I2C1_IRQHandler               
00002769  NMI_Handler                   
00002769  PendSV_Handler                
00002769  RTC_IRQHandler                
00002769  SPI0_IRQHandler               
00002769  SPI1_IRQHandler               
00002769  SVC_Handler                   
00002769  TIMA0_IRQHandler              
00002769  TIMA1_IRQHandler              
00002769  TIMG0_IRQHandler              
00002769  TIMG6_IRQHandler              
00002769  TIMG8_IRQHandler              
00002769  UART0_IRQHandler              
00002769  UART1_IRQHandler              
00002769  UART2_IRQHandler              
00002769  UART3_IRQHandler              
0000276d  HardFault_Handler             
00002771  Reset_Handler                 
00002775  _system_pre_init              
00002778  C$$EXIT                       
00002779  abort                         
00002c7c  rectangleBlack1               
000030fc  rectangleBlack2               
0000357c  rectangleImage1               
000039fc  rectangleImage2               
00003e7c  squareBlack                   
000042fc  squareImage                   
0000477c  singleBlock                   
000049c0  __TI_Handler_Table_Base       
000049cc  __TI_Handler_Table_Limit      
000049d4  __TI_CINIT_Base               
000049e4  __TI_CINIT_Limit              
000049e4  __TI_CINIT_Warm               
20200000  __start___llvm_prf_bits       
20200000  __start___llvm_prf_cnts       
20200000  __stop___llvm_prf_bits        
20200000  __stop___llvm_prf_cnts        
20200000  blocks                        
20200190  _ftable                       
20200280  _device                       
202002f8  _stream                       
20200348  __TI_cleanup_ptr              
2020034c  __TI_dtors_ptr                
20200350  BusFreq                       
20200354  StX                           
20200358  StY                           
2020035c  __TI_ft_end                   
20200360  _lock                         
20200364  _unlock                       
20200368  StTextColor                   
2020037c  _CIOBUF_                      
2020037c  __CIOBUF_                     
2020049c  __TI_tmpnams                  
2020053c  piece                         
2020059c  parmbuf                       
202005a8  Data                          
202005ac  Flag                          
202005b0  Position                      
202005b4  Switch                        
202005b8  TExaSLogic                    
202005bc  TExaSadc                      
202005c8  _sys_memory                   
20207e00  __stack                       
20208000  __STACK_END                   
ffffffff  __TI_pprof_out_hndl           
ffffffff  __TI_prof_data_size           
ffffffff  __TI_prof_data_start          
ffffffff  __binit__                     
ffffffff  binit                         
UNDEFED   __mpu_init                    
UNDEFED   _system_post_cinit            

[189 symbols]
