******************************************************************************
            TI ARM Clang Linker PC v3.2.2                      
******************************************************************************
>> Linked Sun Dec  1 15:29:46 2024

OUTPUT FILE NAME:   <ECE319K_Lab9.out>
ENTRY POINT SYMBOL: "_c_int00_noargs"  address: 00002a05


MEMORY CONFIGURATION

         name            origin    length      used     unused   attr    fill
----------------------  --------  ---------  --------  --------  ----  --------
  FLASH                 00000000   00020000  00004f80  0001b080  R  X
  SRAM                  20200000   00008000  000009c4  0000763c  RW X
  BCR_CONFIG            41c00000   00000080  00000000  00000080  R   
  BSL_CONFIG            41c00100   00000080  00000000  00000080  R   


SEGMENT ALLOCATION MAP

run origin  load origin   length   init length attrs members
----------  ----------- ---------- ----------- ----- -------
00000000    00000000    00004f80   00004f80    r-x
  00000000    00000000    000000c0   000000c0    r-- .intvecs
  000000c0    000000c0    00002b40   00002b40    r-x .text
  00002c00    00002c00    000022f0   000022f0    r-- .rodata
  00004ef0    00004ef0    00000090   00000090    r-- .cinit
20200000    20200000    000007c8   00000000    rw-
  20200000    20200000    0000037d   00000000    rw- .data
  20200380    20200380    00000247   00000000    rw- .bss
  202005c8    202005c8    00000200   00000000    rw- .sysmem
20207e00    20207e00    00000200   00000000    rw-
  20207e00    20207e00    00000200   00000000    rw- .stack


SECTION ALLOCATION MAP

 output                                  attributes/
section   page    origin      length       input sections
--------  ----  ----------  ----------   ----------------
.intvecs   0    00000000    000000c0     
                  00000000    000000c0     startup_mspm0g3507_ticlang.o (.intvecs)

.text      0    000000c0    00002b40     
                  000000c0    00000294     Sprite.o (.text.placeBlock)
                  00000354    0000025c     Lab9Main.o (.text.main)
                  000005b0    00000210     ST7735.o (.text.ST7735_DrawBitmap)
                  000007c0    000001bc     Sprite.o (.text.drop)
                  0000097c    000001b4     Clock.o (.text.Clock_Init80MHz)
                  00000b30    000001a0     ST7735.o (.text.ST7735_DrawCharS)
                  00000cd0    00000160     libc.a : fopen.c.obj (.text._openfile)
                  00000e30    0000012c            : memory.c.obj (.text.aligned_alloc)
                  00000f5c    00000118     ST7735.o (.text.ST7735_FillRect)
                  00001074    000000f8     SPI.o (.text.SPI_Init)
                  0000116c    000000ec     libsysbm.a : add_device.c.obj (.text.add_device)
                  00001258    000000ec     libc.a : memory.c.obj (.text.free)
                  00001344    000000dc     Sprite.o (.text.processGrid)
                  00001420    000000dc     libc.a : setvbuf.c.obj (.text.setvbuf)
                  000014fc    000000d0     ST7735.o (.text.ST7735_OutChar)
                  000015cc    000000ce     Sprite.o (.text.Rectangle)
                  0000169a    00000002     LED.o (.text.LED_Init)
                  0000169c    000000bc     Lab9Main.o (.text.TIMG12_IRQHandler)
                  00001758    000000ac     Lab9Main.o (.text.drawShape)
                  00001804    000000a8     libsysbm.a : open.c.obj (.text.open)
                  000018ac    000000a2     ST7735.o (.text.commandList)
                  0000194e    00000002     Sound.o (.text.SysTick_Handler)
                  00001950    000000a0     Lab9Main.o (.text.swap)
                  000019f0    0000009c     ST7735.o (.text.ST7735_InitPrintf)
                  00001a8c    00000098     ST7735.o (.text.ST7735_InitR)
                  00001b24    00000094     Timer.o (.text.TimerG12_IntArm)
                  00001bb8    00000088     ST7735.o (.text.setAddrWindow)
                  00001c40    00000084     ST7735.o (.text.ST7735_DrawString)
                  00001cc4    0000007e     Sprite.o (.text.Square)
                  00001d42    00000002     libclang_rt.builtins.a : aeabi_div0.c.obj (.text.__aeabi_idiv0)
                  00001d44    0000007c     LaunchPad.o (.text.LaunchPad_Init)
                  00001dc0    0000007c     libc.a : fclose.c.obj (.text.__TI_closefile)
                  00001e3c    00000078     ADC1.o (.text.ADCinit)
                  00001eb4    00000078     libc.a : copy_decompress_lzss.c.obj (.text:decompress:lzss)
                  00001f2c    00000072     Sprite.o (.text.validX)
                  00001f9e    00000002     libc.a : _lock.c.obj (.text._nop)
                  00001fa0    00000070     ST7735.o (.text.ST7735_DrawPixel)
                  00002010    0000006c     libsysbm.a : hostlseek.c.obj (.text.HOSTlseek)
                  0000207c    0000006c                : hostrename.c.obj (.text.HOSTrename)
                  000020e8    00000068     libc.a : getdevice.c.obj (.text.getdevice)
                  00002150    00000064     Sprite.o (.text.clearBlocks)
                  000021b4    00000064     libc.a : memory.c.obj (.text.split)
                  00002218    00000060     libsysbm.a : hostopen.c.obj (.text.HOSTopen)
                  00002278    00000058                : hostread.c.obj (.text.HOSTread)
                  000022d0    00000058                : hostwrite.c.obj (.text.HOSTwrite)
                  00002328    00000056     libclang_rt.builtins.a : aeabi_idivmod.S.obj (.text.__aeabi_idivmod)
                  0000237e    00000052     libc.a : fflush.c.obj (.text.__TI_doflush)
                  000023d0    00000050     libsysbm.a : close.c.obj (.text.close)
                  00002420    00000048                : hostclose.c.obj (.text.HOSTclose)
                  00002468    00000048                : hostunlink.c.obj (.text.HOSTunlink)
                  000024b0    00000048     SPI.o (.text.SPI_OutCommand)
                  000024f8    00000044     ADC1.o (.text.ADCin)
                  0000253c    00000040     SPI.o (.text.SPI_Reset)
                  0000257c    00000040     TExaS.o (.text.TIMG7_IRQHandler)
                  000025bc    00000040     libclang_rt.builtins.a : aeabi_uidivmod.S.obj (.text.__aeabi_uidivmod)
                  000025fc    00000040     libc.a : fopen.c.obj (.text._search_fp)
                  0000263c    0000003c     ADC1.o (.text.BlockMove)
                  00002678    0000003c     libc.a : autoinit.c.obj (.text:__TI_auto_init_nobinit_nopinit)
                  000026b4    00000038     LaunchPad.o (.text.ActivatePortA_B)
                  000026ec    00000038     SPI.o (.text.SPI_OutData)
                  00002724    00000038     libc.a : getdevice.c.obj (.text.finddevice)
                  0000275c    00000034     Clock.o (.text.Clock_Delay1ms)
                  00002790    00000034     ST7735.o (.text.ST7735_SetCursor)
                  000027c4    00000034     ST7735.o (.text.ST7735_write)
                  000027f8    00000034     libc.a : fopen.c.obj (.text.__TI_cleanup)
                  0000282c    00000034     libsysbm.a : trgmsg.c.obj (.text.__TI_readmsg)
                  00002860    00000034                : trgmsg.c.obj (.text.__TI_writemsg)
                  00002894    00000034     libc.a : exit.c.obj (.text.exit)
                  000028c8    00000034            : fopen.c.obj (.text.freopen)
                  000028fc    00000030     ST7735.o (.text.commonInit)
                  0000292c    00000030     libc.a : fopen.c.obj (.text.fopen)
                  0000295c    0000002c     ST7735.o (.text.ST7735_FillScreen)
                  00002988    0000002c     libsysbm.a : unlink.c.obj (.text.unlink)
                  000029b4    00000028     libc.a : memory.c.obj (.text.free_list_insert)
                  000029dc    00000028     libsysbm.a : write.c.obj (.text.write)
                  00002a04    00000028     libc.a : boot_cortex_m.c.obj (.text:_c_int00_noargs)
                  00002a2c    00000020     ADC1.o (.text.Convert)
                  00002a4c    0000001e     ST7735.o (.text.pushColor)
                  00002a6a    00000002     --HOLE-- [fill = 0]
                  00002a6c    0000001c     libc.a : memory.c.obj (.text.free_list_remove)
                  00002a88    00000018     Switch.o (.text.Switch_Init)
                  00002aa0    00000016     ST7735.o (.text.ST7735_open)
                  00002ab6    00000016     ST7735.o (.text.ST7735_read)
                  00002acc    00000016     libc.a : copy_zero_init.c.obj (.text:decompress:ZI:__TI_zero_init_nomemset)
                  00002ae2    00000002     --HOLE-- [fill = 0]
                  00002ae4    00000014     Switch.o (.text.Switch_In)
                  00002af8    00000014     Sprite.o (.text.rotate)
                  00002b0c    00000012     libsysbm.a : hostrename.c.obj (.text.strcpy)
                  00002b1e    00000012     libc.a : memcpy16.S.obj (.text:TI_memcpy_small)
                  00002b30    00000012            : copy_decompress_none.c.obj (.text:decompress:none)
                  00002b42    00000010     Clock.o (.text.Clock_Delay)
                  00002b52    0000000e     libc.a : memory.c.obj (.text.OUTLINED_FUNCTION_0)
                  00002b60    0000000e     ST7735.o (.text.ST7735_lseek)
                  00002b6e    0000000e     libsysbm.a : hostrename.c.obj (.text.strlen)
                  00002b7c    0000000e     libc.a : memset16.S.obj (.text:TI_memset_small)
                  00002b8a    00000002     --HOLE-- [fill = 0]
                  00002b8c    0000000c     Clock.o (.text.Clock_Freq)
                  00002b98    0000000c     ST7735.o (.text.ST7735_rename)
                  00002ba4    0000000c     libclang_rt.builtins.a : aeabi_memset.S.obj (.text.__aeabi_memclr)
                  00002bb0    0000000c     libc.a : memory.c.obj (.text.malloc)
                  00002bbc    0000000a     Lab9Main.o (.text.PLL_Init)
                  00002bc6    0000000a     ST7735.o (.text.ST7735_close)
                  00002bd0    0000000a     ST7735.o (.text.ST7735_unlink)
                  00002bda    00000002     --HOLE-- [fill = 0]
                  00002bdc    00000008     libclang_rt.builtins.a : aeabi_memcpy.S.obj (.text.__aeabi_memcpy)
                  00002be4    00000008     libsysbm.a : remove.c.obj (.text.remove)
                  00002bec    00000004     startup_mspm0g3507_ticlang.o (.text.Default_Handler)
                  00002bf0    00000004     startup_mspm0g3507_ticlang.o (.text.HardFault_Handler)
                  00002bf4    00000004     startup_mspm0g3507_ticlang.o (.text.Reset_Handler)
                  00002bf8    00000004     libc.a : pre_init.c.obj (.text._system_pre_init)
                  00002bfc    00000004            : exit.c.obj (.text:abort)

.cinit     0    00004ef0    00000090     
                  00004ef0    0000006c     (.cinit..data.load) [load image, compression = lzss]
                  00004f5c    0000000c     (__TI_handler_table)
                  00004f68    00000008     (.cinit..bss.load) [load image, compression = zero_init]
                  00004f70    00000010     (__TI_cinit_table)

.rodata    0    00002c00    000022f0     
                  00002c00    000004fb     ST7735.o (.rodata.Font)
                  000030fb    00000001     --HOLE-- [fill = 0]
                  000030fc    00000480     Lab9Main.o (.rodata.rectangleBlack1)
                  0000357c    00000480     Lab9Main.o (.rodata.rectangleBlack2)
                  000039fc    00000480     Lab9Main.o (.rodata.rectangleImage1)
                  00003e7c    00000480     Lab9Main.o (.rodata.rectangleImage2)
                  000042fc    00000480     Lab9Main.o (.rodata.squareBlack)
                  0000477c    00000480     Lab9Main.o (.rodata.squareImage)
                  00004bfc    00000120     Lab9Main.o (.rodata.singleBlack)
                  00004d1c    00000120     Lab9Main.o (.rodata.singleBlock)
                  00004e3c    0000003b     ST7735.o (.rodata.Rcmd1)
                  00004e77    0000002b     ST7735.o (.rodata.Rcmd3)
                  00004ea2    00000016     ST7735.o (.rodata.str1.7335694693116752461)
                  00004eb8    0000000d     ST7735.o (.rodata.Rcmd2green)
                  00004ec5    0000000d     ST7735.o (.rodata.Rcmd2red)
                  00004ed2    00000008     ST7735.o (.rodata.str1.121498127939212016191)
                  00004eda    00000007     ST7735.o (.rodata.str1.177458448621276003531)
                  00004ee1    00000007     ST7735.o (.rodata.str1.68723918200564200511)
                  00004ee8    00000002     ST7735.o (.rodata.str1.41208212166664079551)
                  00004eea    00000006     --HOLE-- [fill = 0]

.init_array 
*          0    00000000    00000000     UNINITIALIZED

.binit     0    00000000    00000000     

.data      0    20200000    0000037d     UNINITIALIZED
                  20200000    00000190     Lab9Main.o (.data.blocks)
                  20200190    000000f0     libc.a : defs.c.obj (.data._ftable)
                  20200280    00000078     libsysbm.a : host_device.c.obj (.data._device)
                  202002f8    00000050                : host_device.c.obj (.data._stream)
                  20200348    00000008     libc.a : exit.c.obj (.data..L_MergedGlobals)
                  20200350    00000004     Clock.o (.data.BusFreq)
                  20200354    00000004     ST7735.o (.data.StX)
                  20200358    00000004     ST7735.o (.data.StY)
                  2020035c    00000004     libc.a : defs.c.obj (.data.__TI_ft_end)
                  20200360    00000004            : _lock.c.obj (.data._lock)
                  20200364    00000004            : _lock.c.obj (.data._unlock)
                  20200368    00000004     Lab9Main.o (.data.stored)
                  2020036c    00000002     ST7735.o (.data.StTextColor)
                  2020036e    00000002     ST7735.o (.data._height)
                  20200370    00000002     ST7735.o (.data._width)
                  20200372    00000002     --HOLE--
                  20200374    00000001     libsysbm.a : add_device.c.obj (.data.add_device.device_init)
                  20200375    00000003     --HOLE--
                  20200378    00000001     libc.a : memory.c.obj (.data.memory_is_initialized)
                  20200379    00000003     --HOLE--
                  2020037c    00000001     libsysbm.a : open.c.obj (.data.open.stream_init)

.bss       0    20200380    00000247     UNINITIALIZED
                  20200380    00000120     libsysbm.a : trgmsg.c.obj (.bss:_CIOBUF_)
                  202004a0    000000a0     libc.a : defs.c.obj (.bss.__TI_tmpnams)
                  20200540    00000060     (.common:piece)
                  202005a0    00000008     libsysbm.a : hostopen.c.obj (.bss.parmbuf)
                  202005a8    00000004     libc.a : memory.c.obj (.bss.sys_free)
                  202005ac    00000004     (.common:Data)
                  202005b0    00000004     (.common:Flag)
                  202005b4    00000004     (.common:Position)
                  202005b8    00000004     (.common:Switch)
                  202005bc    00000004     (.common:TExaSLogic)
                  202005c0    00000004     (.common:TExaSadc)
                  202005c4    00000001     ST7735.o (.bss.ColStart)
                  202005c5    00000001     ST7735.o (.bss.RowStart)
                  202005c6    00000001     ST7735.o (.bss.TabColor)

.sysmem    0    202005c8    00000200     UNINITIALIZED
                  202005c8    00000010     libc.a : memory.c.obj (.sysmem)
                  202005d8    000001f0     --HOLE--

.stack     0    20207e00    00000200     UNINITIALIZED
                  20207e00    00000004     libc.a : boot_cortex_m.c.obj (.stack)
                  20207e04    000001fc     --HOLE--

__llvm_prf_cnts 
*          0    20200000    00000000     UNINITIALIZED

__llvm_prf_bits 
*          0    20200000    00000000     UNINITIALIZED

MODULE SUMMARY

       Module                         code    ro data   rw data
       ------                         ----    -------   -------
    .\
       Lab9Main.o                     1134    7488      516    
       ST7735.o                       2598    1449      17     
       Sprite.o                       1890    0         0      
       Clock.o                        516     0         4      
       SPI.o                          440     0         0      
       ADC1.o                         280     0         0      
       LaunchPad.o                    180     0         0      
       Timer.o                        148     0         0      
       TExaS.o                        64      0         8      
       Switch.o                       44      0         0      
       LED.o                          2       0         0      
       Sound.o                        2       0         0      
    +--+------------------------------+-------+---------+---------+
       Total:                         7298    8937      545    
                                                               
    .\ticlang\
       startup_mspm0g3507_ticlang.o   12      192       0      
    +--+------------------------------+-------+---------+---------+
       Total:                         12      192       0      
                                                               
    C:\ti\ccs1280\ccs\tools\compiler\ti-cgt-armllvm_3.2.2.LTS\lib\armv6m-ti-none-eabi/c/libc.a
       memory.c.obj                   730     0         5      
       fopen.c.obj                    568     0         0      
       defs.c.obj                     0       0         404    
       setvbuf.c.obj                  220     0         0      
       getdevice.c.obj                160     0         0      
       fclose.c.obj                   124     0         0      
       copy_decompress_lzss.c.obj     120     0         0      
       fflush.c.obj                   82      0         0      
       exit.c.obj                     56      0         8      
       autoinit.c.obj                 60      0         0      
       boot_cortex_m.c.obj            40      0         0      
       copy_zero_init.c.obj           22      0         0      
       copy_decompress_none.c.obj     18      0         0      
       memcpy16.S.obj                 18      0         0      
       memset16.S.obj                 14      0         0      
       _lock.c.obj                    2       0         8      
       pre_init.c.obj                 4       0         0      
    +--+------------------------------+-------+---------+---------+
       Total:                         2238    0         425    
                                                               
    C:\ti\ccs1280\ccs\tools\compiler\ti-cgt-armllvm_3.2.2.LTS\lib\armv6m-ti-none-eabi/c/libsysbm.a
       trgmsg.c.obj                   104     0         288    
       add_device.c.obj               236     0         1      
       host_device.c.obj              0       0         200    
       open.c.obj                     168     0         1      
       hostrename.c.obj               140     0         0      
       hostlseek.c.obj                108     0         0      
       hostopen.c.obj                 96      0         8      
       hostread.c.obj                 88      0         0      
       hostwrite.c.obj                88      0         0      
       close.c.obj                    80      0         0      
       hostclose.c.obj                72      0         0      
       hostunlink.c.obj               72      0         0      
       unlink.c.obj                   44      0         0      
       write.c.obj                    40      0         0      
       remove.c.obj                   8       0         0      
    +--+------------------------------+-------+---------+---------+
       Total:                         1344    0         498    
                                                               
    C:\ti\ccs1280\ccs\tools\compiler\ti-cgt-armllvm_3.2.2.LTS\lib\clang/15.0.7/lib/armv6m-ti-none-eabi/libclang_rt.builtins.a
       aeabi_idivmod.S.obj            86      0         0      
       aeabi_uidivmod.S.obj           64      0         0      
       aeabi_memset.S.obj             12      0         0      
       aeabi_memcpy.S.obj             8       0         0      
       aeabi_div0.c.obj               2       0         0      
    +--+------------------------------+-------+---------+---------+
       Total:                         172     0         0      
                                                               
       Heap:                          0       0         512    
       Stack:                         0       0         512    
       Linker Generated:              0       144       0      
    +--+------------------------------+-------+---------+---------+
       Grand Total:                   11064   9273      2492   


LINKER GENERATED COPY TABLES

__TI_cinit_table @ 00004f70 records: 2, size/record: 8, table size: 16
	.data: load addr=00004ef0, load size=0000006c bytes, run addr=20200000, run size=0000037d bytes, compression=lzss
	.bss: load addr=00004f68, load size=00000008 bytes, run addr=20200380, run size=00000247 bytes, compression=zero_init


LINKER GENERATED HANDLER TABLE

__TI_handler_table @ 00004f5c records: 3, size/record: 4, table size: 12
	index: 0, handler: __TI_decompress_lzss
	index: 1, handler: __TI_decompress_none
	index: 2, handler: __TI_zero_init


GLOBAL SYMBOLS: SORTED ALPHABETICALLY BY Name 

address   name                          
-------   ----                          
00002bed  ADC0_IRQHandler               
00002bed  ADC1_IRQHandler               
000024f9  ADCin                         
00001e3d  ADCinit                       
00002bed  AES_IRQHandler                
000026b5  ActivatePortA_B               
0000263d  BlockMove                     
20200350  BusFreq                       
00002bfc  C$$EXIT                       
0000288d  C$$IO$$                       
00002bed  CANFD0_IRQHandler             
00002b43  Clock_Delay                   
0000275d  Clock_Delay1ms                
00002b8d  Clock_Freq                    
0000097d  Clock_Init80MHz               
00002a2d  Convert                       
00002bed  DAC0_IRQHandler               
00002bed  DMA_IRQHandler                
202005ac  Data                          
00002bed  Default_Handler               
202005b0  Flag                          
00002bed  GROUP0_IRQHandler             
00002bed  GROUP1_IRQHandler             
00002421  HOSTclose                     
00002011  HOSTlseek                     
00002219  HOSTopen                      
00002279  HOSTread                      
0000207d  HOSTrename                    
00002469  HOSTunlink                    
000022d1  HOSTwrite                     
00002bf1  HardFault_Handler             
00002bed  I2C0_IRQHandler               
00002bed  I2C1_IRQHandler               
0000169b  LED_Init                      
00001d45  LaunchPad_Init                
00002bed  NMI_Handler                   
00002bbd  PLL_Init                      
00002bed  PendSV_Handler                
202005b4  Position                      
00002bed  RTC_IRQHandler                
000015cd  Rectangle                     
00002bf5  Reset_Handler                 
00002bed  SPI0_IRQHandler               
00002bed  SPI1_IRQHandler               
00001075  SPI_Init                      
000024b1  SPI_OutCommand                
000026ed  SPI_OutData                   
0000253d  SPI_Reset                     
000005b1  ST7735_DrawBitmap             
00000b31  ST7735_DrawCharS              
00001fa1  ST7735_DrawPixel              
00001c41  ST7735_DrawString             
00000f5d  ST7735_FillRect               
0000295d  ST7735_FillScreen             
000019f1  ST7735_InitPrintf             
00001a8d  ST7735_InitR                  
000014fd  ST7735_OutChar                
00002791  ST7735_SetCursor              
00002bc7  ST7735_close                  
00002b61  ST7735_lseek                  
00002aa1  ST7735_open                   
00002ab7  ST7735_read                   
00002b99  ST7735_rename                 
00002bd1  ST7735_unlink                 
000027c5  ST7735_write                  
00002bed  SVC_Handler                   
00001cc5  Square                        
2020036c  StTextColor                   
20200354  StX                           
20200358  StY                           
202005b8  Switch                        
00002ae5  Switch_In                     
00002a89  Switch_Init                   
0000194f  SysTick_Handler               
202005bc  TExaSLogic                    
202005c0  TExaSadc                      
00002bed  TIMA0_IRQHandler              
00002bed  TIMA1_IRQHandler              
00002bed  TIMG0_IRQHandler              
0000169d  TIMG12_IRQHandler             
00002bed  TIMG6_IRQHandler              
0000257d  TIMG7_IRQHandler              
00002bed  TIMG8_IRQHandler              
00002b1f  TI_memcpy_small               
00002b7d  TI_memset_small               
00001b25  TimerG12_IntArm               
00002bed  UART0_IRQHandler              
00002bed  UART1_IRQHandler              
00002bed  UART2_IRQHandler              
00002bed  UART3_IRQHandler              
20200380  _CIOBUF_                      
20200380  __CIOBUF_                     
20208000  __STACK_END                   
00000200  __STACK_SIZE                  
00000200  __SYSMEM_SIZE                 
00000000  __TI_ATRegion0_region_sz      
00000000  __TI_ATRegion0_src_addr       
00000000  __TI_ATRegion0_trg_addr       
00000000  __TI_ATRegion1_region_sz      
00000000  __TI_ATRegion1_src_addr       
00000000  __TI_ATRegion1_trg_addr       
00000000  __TI_ATRegion2_region_sz      
00000000  __TI_ATRegion2_src_addr       
00000000  __TI_ATRegion2_trg_addr       
00004f70  __TI_CINIT_Base               
00004f80  __TI_CINIT_Limit              
00004f80  __TI_CINIT_Warm               
00004f5c  __TI_Handler_Table_Base       
00004f68  __TI_Handler_Table_Limit      
00002679  __TI_auto_init_nobinit_nopinit
000027f9  __TI_cleanup                  
20200348  __TI_cleanup_ptr              
00001dc1  __TI_closefile                
00001eb5  __TI_decompress_lzss          
00002b31  __TI_decompress_none          
0000237f  __TI_doflush                  
2020034c  __TI_dtors_ptr                
2020035c  __TI_ft_end                   
ffffffff  __TI_pprof_out_hndl           
ffffffff  __TI_prof_data_size           
ffffffff  __TI_prof_data_start          
0000282d  __TI_readmsg                  
00000000  __TI_static_base__            
202004a0  __TI_tmpnams                  
00002861  __TI_writemsg                 
00002acd  __TI_zero_init_nomemset       
00002329  __aeabi_idiv                  
00001d43  __aeabi_idiv0                 
00002329  __aeabi_idivmod               
00002ba5  __aeabi_memclr                
00002ba5  __aeabi_memclr4               
00002ba5  __aeabi_memclr8               
00002bdd  __aeabi_memcpy                
00002bdd  __aeabi_memcpy4               
00002bdd  __aeabi_memcpy8               
000025bd  __aeabi_uidiv                 
000025bd  __aeabi_uidivmod              
ffffffff  __binit__                     
UNDEFED   __mpu_init                    
20207e00  __stack                       
20200000  __start___llvm_prf_bits       
20200000  __start___llvm_prf_cnts       
20200000  __stop___llvm_prf_bits        
20200000  __stop___llvm_prf_cnts        
00002a05  _c_int00_noargs               
20200280  _device                       
20200190  _ftable                       
20200360  _lock                         
00001f9f  _nop                          
202002f8  _stream                       
202005c8  _sys_memory                   
UNDEFED   _system_post_cinit            
00002bf9  _system_pre_init              
20200364  _unlock                       
00002bfd  abort                         
0000116d  add_device                    
00000e31  aligned_alloc                 
ffffffff  binit                         
20200000  blocks                        
00002151  clearBlocks                   
000023d1  close                         
00001759  drawShape                     
000007c1  drop                          
00002895  exit                          
00002725  finddevice                    
0000292d  fopen                         
00001259  free                          
000028c9  freopen                       
000020e9  getdevice                     
00000000  interruptVectors              
00000355  main                          
00002bb1  malloc                        
00000e31  memalign                      
00001805  open                          
202005a0  parmbuf                       
20200540  piece                         
000000c1  placeBlock                    
00001345  processGrid                   
000030fc  rectangleBlack1               
0000357c  rectangleBlack2               
000039fc  rectangleImage1               
00003e7c  rectangleImage2               
00002be5  remove                        
00002af9  rotate                        
00001421  setvbuf                       
00004bfc  singleBlack                   
00004d1c  singleBlock                   
000042fc  squareBlack                   
0000477c  squareImage                   
20200368  stored                        
00001951  swap                          
00002989  unlink                        
00001f2d  validX                        
000029dd  write                         


GLOBAL SYMBOLS: SORTED BY Symbol Address 

address   name                          
-------   ----                          
00000000  __TI_ATRegion0_region_sz      
00000000  __TI_ATRegion0_src_addr       
00000000  __TI_ATRegion0_trg_addr       
00000000  __TI_ATRegion1_region_sz      
00000000  __TI_ATRegion1_src_addr       
00000000  __TI_ATRegion1_trg_addr       
00000000  __TI_ATRegion2_region_sz      
00000000  __TI_ATRegion2_src_addr       
00000000  __TI_ATRegion2_trg_addr       
00000000  __TI_static_base__            
00000000  interruptVectors              
000000c1  placeBlock                    
00000200  __STACK_SIZE                  
00000200  __SYSMEM_SIZE                 
00000355  main                          
000005b1  ST7735_DrawBitmap             
000007c1  drop                          
0000097d  Clock_Init80MHz               
00000b31  ST7735_DrawCharS              
00000e31  aligned_alloc                 
00000e31  memalign                      
00000f5d  ST7735_FillRect               
00001075  SPI_Init                      
0000116d  add_device                    
00001259  free                          
00001345  processGrid                   
00001421  setvbuf                       
000014fd  ST7735_OutChar                
000015cd  Rectangle                     
0000169b  LED_Init                      
0000169d  TIMG12_IRQHandler             
00001759  drawShape                     
00001805  open                          
0000194f  SysTick_Handler               
00001951  swap                          
000019f1  ST7735_InitPrintf             
00001a8d  ST7735_InitR                  
00001b25  TimerG12_IntArm               
00001c41  ST7735_DrawString             
00001cc5  Square                        
00001d43  __aeabi_idiv0                 
00001d45  LaunchPad_Init                
00001dc1  __TI_closefile                
00001e3d  ADCinit                       
00001eb5  __TI_decompress_lzss          
00001f2d  validX                        
00001f9f  _nop                          
00001fa1  ST7735_DrawPixel              
00002011  HOSTlseek                     
0000207d  HOSTrename                    
000020e9  getdevice                     
00002151  clearBlocks                   
00002219  HOSTopen                      
00002279  HOSTread                      
000022d1  HOSTwrite                     
00002329  __aeabi_idiv                  
00002329  __aeabi_idivmod               
0000237f  __TI_doflush                  
000023d1  close                         
00002421  HOSTclose                     
00002469  HOSTunlink                    
000024b1  SPI_OutCommand                
000024f9  ADCin                         
0000253d  SPI_Reset                     
0000257d  TIMG7_IRQHandler              
000025bd  __aeabi_uidiv                 
000025bd  __aeabi_uidivmod              
0000263d  BlockMove                     
00002679  __TI_auto_init_nobinit_nopinit
000026b5  ActivatePortA_B               
000026ed  SPI_OutData                   
00002725  finddevice                    
0000275d  Clock_Delay1ms                
00002791  ST7735_SetCursor              
000027c5  ST7735_write                  
000027f9  __TI_cleanup                  
0000282d  __TI_readmsg                  
00002861  __TI_writemsg                 
0000288d  C$$IO$$                       
00002895  exit                          
000028c9  freopen                       
0000292d  fopen                         
0000295d  ST7735_FillScreen             
00002989  unlink                        
000029dd  write                         
00002a05  _c_int00_noargs               
00002a2d  Convert                       
00002a89  Switch_Init                   
00002aa1  ST7735_open                   
00002ab7  ST7735_read                   
00002acd  __TI_zero_init_nomemset       
00002ae5  Switch_In                     
00002af9  rotate                        
00002b1f  TI_memcpy_small               
00002b31  __TI_decompress_none          
00002b43  Clock_Delay                   
00002b61  ST7735_lseek                  
00002b7d  TI_memset_small               
00002b8d  Clock_Freq                    
00002b99  ST7735_rename                 
00002ba5  __aeabi_memclr                
00002ba5  __aeabi_memclr4               
00002ba5  __aeabi_memclr8               
00002bb1  malloc                        
00002bbd  PLL_Init                      
00002bc7  ST7735_close                  
00002bd1  ST7735_unlink                 
00002bdd  __aeabi_memcpy                
00002bdd  __aeabi_memcpy4               
00002bdd  __aeabi_memcpy8               
00002be5  remove                        
00002bed  ADC0_IRQHandler               
00002bed  ADC1_IRQHandler               
00002bed  AES_IRQHandler                
00002bed  CANFD0_IRQHandler             
00002bed  DAC0_IRQHandler               
00002bed  DMA_IRQHandler                
00002bed  Default_Handler               
00002bed  GROUP0_IRQHandler             
00002bed  GROUP1_IRQHandler             
00002bed  I2C0_IRQHandler               
00002bed  I2C1_IRQHandler               
00002bed  NMI_Handler                   
00002bed  PendSV_Handler                
00002bed  RTC_IRQHandler                
00002bed  SPI0_IRQHandler               
00002bed  SPI1_IRQHandler               
00002bed  SVC_Handler                   
00002bed  TIMA0_IRQHandler              
00002bed  TIMA1_IRQHandler              
00002bed  TIMG0_IRQHandler              
00002bed  TIMG6_IRQHandler              
00002bed  TIMG8_IRQHandler              
00002bed  UART0_IRQHandler              
00002bed  UART1_IRQHandler              
00002bed  UART2_IRQHandler              
00002bed  UART3_IRQHandler              
00002bf1  HardFault_Handler             
00002bf5  Reset_Handler                 
00002bf9  _system_pre_init              
00002bfc  C$$EXIT                       
00002bfd  abort                         
000030fc  rectangleBlack1               
0000357c  rectangleBlack2               
000039fc  rectangleImage1               
00003e7c  rectangleImage2               
000042fc  squareBlack                   
0000477c  squareImage                   
00004bfc  singleBlack                   
00004d1c  singleBlock                   
00004f5c  __TI_Handler_Table_Base       
00004f68  __TI_Handler_Table_Limit      
00004f70  __TI_CINIT_Base               
00004f80  __TI_CINIT_Limit              
00004f80  __TI_CINIT_Warm               
20200000  __start___llvm_prf_bits       
20200000  __start___llvm_prf_cnts       
20200000  __stop___llvm_prf_bits        
20200000  __stop___llvm_prf_cnts        
20200000  blocks                        
20200190  _ftable                       
20200280  _device                       
202002f8  _stream                       
20200348  __TI_cleanup_ptr              
2020034c  __TI_dtors_ptr                
20200350  BusFreq                       
20200354  StX                           
20200358  StY                           
2020035c  __TI_ft_end                   
20200360  _lock                         
20200364  _unlock                       
20200368  stored                        
2020036c  StTextColor                   
20200380  _CIOBUF_                      
20200380  __CIOBUF_                     
202004a0  __TI_tmpnams                  
20200540  piece                         
202005a0  parmbuf                       
202005ac  Data                          
202005b0  Flag                          
202005b4  Position                      
202005b8  Switch                        
202005bc  TExaSLogic                    
202005c0  TExaSadc                      
202005c8  _sys_memory                   
20207e00  __stack                       
20208000  __STACK_END                   
ffffffff  __TI_pprof_out_hndl           
ffffffff  __TI_prof_data_size           
ffffffff  __TI_prof_data_start          
ffffffff  __binit__                     
ffffffff  binit                         
UNDEFED   __mpu_init                    
UNDEFED   _system_post_cinit            

[194 symbols]
