******************************************************************************
            TI ARM Clang Linker PC v3.2.2                      
******************************************************************************
>> Linked Mon Nov 25 20:29:15 2024

OUTPUT FILE NAME:   <ECE319K_Lab9.out>
ENTRY POINT SYMBOL: "_c_int00_noargs"  address: 0000201d


MEMORY CONFIGURATION

         name            origin    length      used     unused   attr    fill
----------------------  --------  ---------  --------  --------  ----  --------
  FLASH                 00000000   00020000  00003a20  0001c5e0  R  X
  SRAM                  20200000   00008000  000007cc  00007834  RW X
  BCR_CONFIG            41c00000   00000080  00000000  00000080  R   
  BSL_CONFIG            41c00100   00000080  00000000  00000080  R   


SEGMENT ALLOCATION MAP

run origin  load origin   length   init length attrs members
----------  ----------- ---------- ----------- ----- -------
00000000    00000000    00003a20   00003a20    r-x
  00000000    00000000    000000c0   000000c0    r-- .intvecs
  000000c0    000000c0    00002118   00002118    r-x .text
  000021d8    000021d8    000017b0   000017b0    r-- .rodata
  00003988    00003988    00000098   00000098    r-- .cinit
20200000    20200000    000005cd   00000000    rw-
  20200000    20200000    00000200   00000000    rw- .sysmem
  20200200    20200200    000001e3   00000000    rw- .bss
  202003e4    202003e4    000001e9   00000000    rw- .data
20207e00    20207e00    00000200   00000000    rw-
  20207e00    20207e00    00000200   00000000    rw- .stack


SECTION ALLOCATION MAP

 output                                  attributes/
section   page    origin      length       input sections
--------  ----  ----------  ----------   ----------------
.intvecs   0    00000000    000000c0     
                  00000000    000000c0     startup_mspm0g3507_ticlang.o (.intvecs)

.text      0    000000c0    00002118     
                  000000c0    00000210     ST7735.o (.text.ST7735_DrawBitmap)
                  000002d0    000001b4     Clock.o (.text.Clock_Init80MHz)
                  00000484    000001a0     ST7735.o (.text.ST7735_DrawCharS)
                  00000624    00000160     libc.a : fopen.c.obj (.text._openfile)
                  00000784    0000012c            : memory.c.obj (.text.aligned_alloc)
                  000008b0    00000118     ST7735.o (.text.ST7735_FillRect)
                  000009c8    000000f8     SPI.o (.text.SPI_Init)
                  00000ac0    000000ec     libsysbm.a : add_device.c.obj (.text.add_device)
                  00000bac    000000ec     libc.a : memory.c.obj (.text.free)
                  00000c98    000000dc            : setvbuf.c.obj (.text.setvbuf)
                  00000d74    000000d0     ST7735.o (.text.ST7735_OutChar)
                  00000e44    000000c8     Lab9Main.o (.text.main)
                  00000f0c    000000aa     Sprite.o (.text.Rectangle)
                  00000fb6    00000002     Sound.o (.text.SysTick_Handler)
                  00000fb8    000000a8     libsysbm.a : open.c.obj (.text.open)
                  00001060    000000a2     ST7735.o (.text.commandList)
                  00001102    00000002     libclang_rt.builtins.a : aeabi_div0.c.obj (.text.__aeabi_idiv0)
                  00001104    0000009c     ST7735.o (.text.ST7735_InitPrintf)
                  000011a0    00000098     ST7735.o (.text.ST7735_InitR)
                  00001238    00000094     Timer.o (.text.TimerG12_IntArm)
                  000012cc    00000088     ST7735.o (.text.setAddrWindow)
                  00001354    00000084     ST7735.o (.text.ST7735_DrawString)
                  000013d8    0000007c     LaunchPad.o (.text.LaunchPad_Init)
                  00001454    0000007c     libc.a : fclose.c.obj (.text.__TI_closefile)
                  000014d0    00000078     ADC1.o (.text.ADCinit)
                  00001548    00000078     libc.a : copy_decompress_lzss.c.obj (.text:decompress:lzss)
                  000015c0    00000070     ST7735.o (.text.ST7735_DrawPixel)
                  00001630    0000006c     libsysbm.a : hostlseek.c.obj (.text.HOSTlseek)
                  0000169c    0000006c                : hostrename.c.obj (.text.HOSTrename)
                  00001708    00000068     libc.a : getdevice.c.obj (.text.getdevice)
                  00001770    00000064            : memory.c.obj (.text.split)
                  000017d4    00000060     libsysbm.a : hostopen.c.obj (.text.HOSTopen)
                  00001834    0000005c     Lab9Main.o (.text.TIMG12_IRQHandler)
                  00001890    00000058     libsysbm.a : hostread.c.obj (.text.HOSTread)
                  000018e8    00000058                : hostwrite.c.obj (.text.HOSTwrite)
                  00001940    00000056     libclang_rt.builtins.a : aeabi_idivmod.S.obj (.text.__aeabi_idivmod)
                  00001996    00000052     libc.a : fflush.c.obj (.text.__TI_doflush)
                  000019e8    00000050     libsysbm.a : close.c.obj (.text.close)
                  00001a38    00000048                : hostclose.c.obj (.text.HOSTclose)
                  00001a80    00000048                : hostunlink.c.obj (.text.HOSTunlink)
                  00001ac8    00000048     SPI.o (.text.SPI_OutCommand)
                  00001b10    00000044     ADC1.o (.text.ADCin)
                  00001b54    00000040     SPI.o (.text.SPI_Reset)
                  00001b94    00000040     TExaS.o (.text.TIMG7_IRQHandler)
                  00001bd4    00000040     libclang_rt.builtins.a : aeabi_uidivmod.S.obj (.text.__aeabi_uidivmod)
                  00001c14    00000040     libc.a : fopen.c.obj (.text._search_fp)
                  00001c54    0000003c     ADC1.o (.text.BlockMove)
                  00001c90    0000003c     libc.a : autoinit.c.obj (.text:__TI_auto_init_nobinit_nopinit)
                  00001ccc    00000038     LaunchPad.o (.text.ActivatePortA_B)
                  00001d04    00000038     SPI.o (.text.SPI_OutData)
                  00001d3c    00000038     libc.a : getdevice.c.obj (.text.finddevice)
                  00001d74    00000034     Clock.o (.text.Clock_Delay1ms)
                  00001da8    00000034     ST7735.o (.text.ST7735_SetCursor)
                  00001ddc    00000034     ST7735.o (.text.ST7735_write)
                  00001e10    00000034     libc.a : fopen.c.obj (.text.__TI_cleanup)
                  00001e44    00000034     libsysbm.a : trgmsg.c.obj (.text.__TI_readmsg)
                  00001e78    00000034                : trgmsg.c.obj (.text.__TI_writemsg)
                  00001eac    00000034     libc.a : exit.c.obj (.text.exit)
                  00001ee0    00000034            : fopen.c.obj (.text.freopen)
                  00001f14    00000030     ST7735.o (.text.commonInit)
                  00001f44    00000030     libc.a : fopen.c.obj (.text.fopen)
                  00001f74    0000002c     ST7735.o (.text.ST7735_FillScreen)
                  00001fa0    0000002c     libsysbm.a : unlink.c.obj (.text.unlink)
                  00001fcc    00000028     libc.a : memory.c.obj (.text.free_list_insert)
                  00001ff4    00000028     libsysbm.a : write.c.obj (.text.write)
                  0000201c    00000028     libc.a : boot_cortex_m.c.obj (.text:_c_int00_noargs)
                  00002044    00000020     ADC1.o (.text.Convert)
                  00002064    0000001e     ST7735.o (.text.pushColor)
                  00002082    00000002     libc.a : _lock.c.obj (.text._nop)
                  00002084    0000001c            : memory.c.obj (.text.free_list_remove)
                  000020a0    00000016     ST7735.o (.text.ST7735_open)
                  000020b6    00000016     ST7735.o (.text.ST7735_read)
                  000020cc    00000016     libc.a : copy_zero_init.c.obj (.text:decompress:ZI:__TI_zero_init_nomemset)
                  000020e2    00000012     libsysbm.a : hostrename.c.obj (.text.strcpy)
                  000020f4    00000012     libc.a : memcpy16.S.obj (.text:TI_memcpy_small)
                  00002106    00000012            : copy_decompress_none.c.obj (.text:decompress:none)
                  00002118    00000010     Clock.o (.text.Clock_Delay)
                  00002128    0000000e     libc.a : memory.c.obj (.text.OUTLINED_FUNCTION_0)
                  00002136    0000000e     ST7735.o (.text.ST7735_lseek)
                  00002144    0000000e     libsysbm.a : hostrename.c.obj (.text.strlen)
                  00002152    0000000e     libc.a : memset16.S.obj (.text:TI_memset_small)
                  00002160    0000000c     Clock.o (.text.Clock_Freq)
                  0000216c    0000000c     ST7735.o (.text.ST7735_rename)
                  00002178    0000000c     libclang_rt.builtins.a : aeabi_memset.S.obj (.text.__aeabi_memclr)
                  00002184    0000000c     libc.a : memory.c.obj (.text.malloc)
                  00002190    0000000a     Lab9Main.o (.text.PLL_Init)
                  0000219a    0000000a     ST7735.o (.text.ST7735_close)
                  000021a4    0000000a     ST7735.o (.text.ST7735_unlink)
                  000021ae    00000002     --HOLE-- [fill = 0]
                  000021b0    00000008     libclang_rt.builtins.a : aeabi_memcpy.S.obj (.text.__aeabi_memcpy)
                  000021b8    00000008     libsysbm.a : remove.c.obj (.text.remove)
                  000021c0    00000004     startup_mspm0g3507_ticlang.o (.text.Default_Handler)
                  000021c4    00000004     startup_mspm0g3507_ticlang.o (.text.HardFault_Handler)
                  000021c8    00000004     startup_mspm0g3507_ticlang.o (.text.Reset_Handler)
                  000021cc    00000004     libc.a : pre_init.c.obj (.text._system_pre_init)
                  000021d0    00000004            : exit.c.obj (.text:abort)
                  000021d4    00000004     --HOLE-- [fill = 0]

.cinit     0    00003988    00000098     
                  00003988    0000006d     (.cinit..data.load) [load image, compression = lzss]
                  000039f5    00000003     --HOLE-- [fill = 0]
                  000039f8    0000000c     (__TI_handler_table)
                  00003a04    00000008     (.cinit..bss.load) [load image, compression = zero_init]
                  00003a0c    00000010     (__TI_cinit_table)
                  00003a1c    00000004     --HOLE-- [fill = 0]

.rodata    0    000021d8    000017b0     
                  000021d8    000004fb     ST7735.o (.rodata.Font)
                  000026d3    00000001     --HOLE-- [fill = 0]
                  000026d4    00000480     Lab9Main.o (.rodata.rectangleImage1)
                  00002b54    00000480     Lab9Main.o (.rodata.rectangleImage2)
                  00002fd4    00000480     Lab9Main.o (.rodata.squareBlack)
                  00003454    00000480     Lab9Main.o (.rodata.squareImage)
                  000038d4    0000003b     ST7735.o (.rodata.Rcmd1)
                  0000390f    0000002b     ST7735.o (.rodata.Rcmd3)
                  0000393a    00000016     ST7735.o (.rodata.str1.7335694693116752461)
                  00003950    0000000d     ST7735.o (.rodata.Rcmd2green)
                  0000395d    0000000d     ST7735.o (.rodata.Rcmd2red)
                  0000396a    00000008     ST7735.o (.rodata.str1.121498127939212016191)
                  00003972    00000007     ST7735.o (.rodata.str1.177458448621276003531)
                  00003979    00000007     ST7735.o (.rodata.str1.68723918200564200511)
                  00003980    00000002     ST7735.o (.rodata.str1.41208212166664079551)
                  00003982    00000006     --HOLE-- [fill = 0]

.init_array 
*          0    00000000    00000000     UNINITIALIZED

.binit     0    00000000    00000000     

.sysmem    0    20200000    00000200     UNINITIALIZED
                  20200000    00000010     libc.a : memory.c.obj (.sysmem)
                  20200010    000001f0     --HOLE--

.bss       0    20200200    000001e3     UNINITIALIZED
                  20200200    00000120     libsysbm.a : trgmsg.c.obj (.bss:_CIOBUF_)
                  20200320    000000a0     libc.a : defs.c.obj (.bss.__TI_tmpnams)
                  202003c0    00000008     libsysbm.a : hostopen.c.obj (.bss.parmbuf)
                  202003c8    00000004     libc.a : memory.c.obj (.bss.sys_free)
                  202003cc    00000004     (.common:Data)
                  202003d0    00000004     (.common:Flag)
                  202003d4    00000004     (.common:Position)
                  202003d8    00000004     (.common:TExaSLogic)
                  202003dc    00000004     (.common:TExaSadc)
                  202003e0    00000001     ST7735.o (.bss.ColStart)
                  202003e1    00000001     ST7735.o (.bss.RowStart)
                  202003e2    00000001     ST7735.o (.bss.TabColor)

.data      0    202003e4    000001e9     UNINITIALIZED
                  202003e4    000000f0     libc.a : defs.c.obj (.data._ftable)
                  202004d4    00000078     libsysbm.a : host_device.c.obj (.data._device)
                  2020054c    00000050                : host_device.c.obj (.data._stream)
                  2020059c    00000008     libc.a : exit.c.obj (.data..L_MergedGlobals)
                  202005a4    00000004     Clock.o (.data.BusFreq)
                  202005a8    00000004     ST7735.o (.data.StX)
                  202005ac    00000004     ST7735.o (.data.StY)
                  202005b0    00000004     libc.a : defs.c.obj (.data.__TI_ft_end)
                  202005b4    00000004            : _lock.c.obj (.data._lock)
                  202005b8    00000004            : _lock.c.obj (.data._unlock)
                  202005bc    00000002     ST7735.o (.data.StTextColor)
                  202005be    00000002     ST7735.o (.data._height)
                  202005c0    00000002     ST7735.o (.data._width)
                  202005c2    00000002     --HOLE--
                  202005c4    00000001     libsysbm.a : add_device.c.obj (.data.add_device.device_init)
                  202005c5    00000003     --HOLE--
                  202005c8    00000001     libc.a : memory.c.obj (.data.memory_is_initialized)
                  202005c9    00000003     --HOLE--
                  202005cc    00000001     libsysbm.a : open.c.obj (.data.open.stream_init)

.stack     0    20207e00    00000200     UNINITIALIZED
                  20207e00    00000004     libc.a : boot_cortex_m.c.obj (.stack)
                  20207e04    000001fc     --HOLE--

__llvm_prf_cnts 
*          0    20200000    00000000     UNINITIALIZED

__llvm_prf_bits 
*          0    20200000    00000000     UNINITIALIZED

MODULE SUMMARY

       Module                         code   ro data   rw data
       ------                         ----   -------   -------
    .\
       Lab9Main.o                     302    4608      12     
       ST7735.o                       2598   1449      17     
       Clock.o                        516    0         4      
       SPI.o                          440    0         0      
       ADC1.o                         280    0         0      
       LaunchPad.o                    180    0         0      
       Sprite.o                       170    0         0      
       Timer.o                        148    0         0      
       TExaS.o                        64     0         8      
       Sound.o                        2      0         0      
    +--+------------------------------+------+---------+---------+
       Total:                         4700   6057      41     
                                                              
    .\ticlang\
       startup_mspm0g3507_ticlang.o   12     192       0      
    +--+------------------------------+------+---------+---------+
       Total:                         12     192       0      
                                                              
    C:\ti\ccs1280\ccs\tools\compiler\ti-cgt-armllvm_3.2.2.LTS\lib\armv6m-ti-none-eabi/c/libc.a
       memory.c.obj                   730    0         5      
       fopen.c.obj                    568    0         0      
       defs.c.obj                     0      0         404    
       setvbuf.c.obj                  220    0         0      
       getdevice.c.obj                160    0         0      
       fclose.c.obj                   124    0         0      
       copy_decompress_lzss.c.obj     120    0         0      
       fflush.c.obj                   82     0         0      
       exit.c.obj                     56     0         8      
       autoinit.c.obj                 60     0         0      
       boot_cortex_m.c.obj            40     0         0      
       copy_zero_init.c.obj           22     0         0      
       copy_decompress_none.c.obj     18     0         0      
       memcpy16.S.obj                 18     0         0      
       memset16.S.obj                 14     0         0      
       _lock.c.obj                    2      0         8      
       pre_init.c.obj                 4      0         0      
    +--+------------------------------+------+---------+---------+
       Total:                         2238   0         425    
                                                              
    C:\ti\ccs1280\ccs\tools\compiler\ti-cgt-armllvm_3.2.2.LTS\lib\armv6m-ti-none-eabi/c/libsysbm.a
       trgmsg.c.obj                   104    0         288    
       add_device.c.obj               236    0         1      
       host_device.c.obj              0      0         200    
       open.c.obj                     168    0         1      
       hostrename.c.obj               140    0         0      
       hostlseek.c.obj                108    0         0      
       hostopen.c.obj                 96     0         8      
       hostread.c.obj                 88     0         0      
       hostwrite.c.obj                88     0         0      
       close.c.obj                    80     0         0      
       hostclose.c.obj                72     0         0      
       hostunlink.c.obj               72     0         0      
       unlink.c.obj                   44     0         0      
       write.c.obj                    40     0         0      
       remove.c.obj                   8      0         0      
    +--+------------------------------+------+---------+---------+
       Total:                         1344   0         498    
                                                              
    C:\ti\ccs1280\ccs\tools\compiler\ti-cgt-armllvm_3.2.2.LTS\lib\clang/15.0.7/lib/armv6m-ti-none-eabi/libclang_rt.builtins.a
       aeabi_idivmod.S.obj            86     0         0      
       aeabi_uidivmod.S.obj           64     0         0      
       aeabi_memset.S.obj             12     0         0      
       aeabi_memcpy.S.obj             8      0         0      
       aeabi_div0.c.obj               2      0         0      
    +--+------------------------------+------+---------+---------+
       Total:                         172    0         0      
                                                              
       Heap:                          0      0         512    
       Stack:                         0      0         512    
       Linker Generated:              0      145       0      
    +--+------------------------------+------+---------+---------+
       Grand Total:                   8466   6394      1988   


LINKER GENERATED COPY TABLES

__TI_cinit_table @ 00003a0c records: 2, size/record: 8, table size: 16
	.data: load addr=00003988, load size=0000006d bytes, run addr=202003e4, run size=000001e9 bytes, compression=lzss
	.bss: load addr=00003a04, load size=00000008 bytes, run addr=20200200, run size=000001e3 bytes, compression=zero_init


LINKER GENERATED HANDLER TABLE

__TI_handler_table @ 000039f8 records: 3, size/record: 4, table size: 12
	index: 0, handler: __TI_decompress_lzss
	index: 1, handler: __TI_decompress_none
	index: 2, handler: __TI_zero_init


GLOBAL SYMBOLS: SORTED ALPHABETICALLY BY Name 

address   name                          
-------   ----                          
000021c1  ADC0_IRQHandler               
000021c1  ADC1_IRQHandler               
00001b11  ADCin                         
000014d1  ADCinit                       
000021c1  AES_IRQHandler                
00001ccd  ActivatePortA_B               
00001c55  BlockMove                     
202005a4  BusFreq                       
000021d0  C$$EXIT                       
00001ea5  C$$IO$$                       
000021c1  CANFD0_IRQHandler             
00002119  Clock_Delay                   
00001d75  Clock_Delay1ms                
00002161  Clock_Freq                    
000002d1  Clock_Init80MHz               
00002045  Convert                       
000021c1  DAC0_IRQHandler               
000021c1  DMA_IRQHandler                
202003cc  Data                          
000021c1  Default_Handler               
202003d0  Flag                          
000021c1  GROUP0_IRQHandler             
000021c1  GROUP1_IRQHandler             
00001a39  HOSTclose                     
00001631  HOSTlseek                     
000017d5  HOSTopen                      
00001891  HOSTread                      
0000169d  HOSTrename                    
00001a81  HOSTunlink                    
000018e9  HOSTwrite                     
000021c5  HardFault_Handler             
000021c1  I2C0_IRQHandler               
000021c1  I2C1_IRQHandler               
000013d9  LaunchPad_Init                
000021c1  NMI_Handler                   
00002191  PLL_Init                      
000021c1  PendSV_Handler                
202003d4  Position                      
000021c1  RTC_IRQHandler                
00000f0d  Rectangle                     
000021c9  Reset_Handler                 
000021c1  SPI0_IRQHandler               
000021c1  SPI1_IRQHandler               
000009c9  SPI_Init                      
00001ac9  SPI_OutCommand                
00001d05  SPI_OutData                   
00001b55  SPI_Reset                     
000000c1  ST7735_DrawBitmap             
00000485  ST7735_DrawCharS              
000015c1  ST7735_DrawPixel              
00001355  ST7735_DrawString             
000008b1  ST7735_FillRect               
00001f75  ST7735_FillScreen             
00001105  ST7735_InitPrintf             
000011a1  ST7735_InitR                  
00000d75  ST7735_OutChar                
00001da9  ST7735_SetCursor              
0000219b  ST7735_close                  
00002137  ST7735_lseek                  
000020a1  ST7735_open                   
000020b7  ST7735_read                   
0000216d  ST7735_rename                 
000021a5  ST7735_unlink                 
00001ddd  ST7735_write                  
000021c1  SVC_Handler                   
202005bc  StTextColor                   
202005a8  StX                           
202005ac  StY                           
00000fb7  SysTick_Handler               
202003d8  TExaSLogic                    
202003dc  TExaSadc                      
000021c1  TIMA0_IRQHandler              
000021c1  TIMA1_IRQHandler              
000021c1  TIMG0_IRQHandler              
00001835  TIMG12_IRQHandler             
000021c1  TIMG6_IRQHandler              
00001b95  TIMG7_IRQHandler              
000021c1  TIMG8_IRQHandler              
000020f5  TI_memcpy_small               
00002153  TI_memset_small               
00001239  TimerG12_IntArm               
000021c1  UART0_IRQHandler              
000021c1  UART1_IRQHandler              
000021c1  UART2_IRQHandler              
000021c1  UART3_IRQHandler              
20200200  _CIOBUF_                      
20200200  __CIOBUF_                     
20208000  __STACK_END                   
00000200  __STACK_SIZE                  
00000200  __SYSMEM_SIZE                 
00000000  __TI_ATRegion0_region_sz      
00000000  __TI_ATRegion0_src_addr       
00000000  __TI_ATRegion0_trg_addr       
00000000  __TI_ATRegion1_region_sz      
00000000  __TI_ATRegion1_src_addr       
00000000  __TI_ATRegion1_trg_addr       
00000000  __TI_ATRegion2_region_sz      
00000000  __TI_ATRegion2_src_addr       
00000000  __TI_ATRegion2_trg_addr       
00003a0c  __TI_CINIT_Base               
00003a1c  __TI_CINIT_Limit              
00003a1c  __TI_CINIT_Warm               
000039f8  __TI_Handler_Table_Base       
00003a04  __TI_Handler_Table_Limit      
00001c91  __TI_auto_init_nobinit_nopinit
00001e11  __TI_cleanup                  
2020059c  __TI_cleanup_ptr              
00001455  __TI_closefile                
00001549  __TI_decompress_lzss          
00002107  __TI_decompress_none          
00001997  __TI_doflush                  
202005a0  __TI_dtors_ptr                
202005b0  __TI_ft_end                   
ffffffff  __TI_pprof_out_hndl           
ffffffff  __TI_prof_data_size           
ffffffff  __TI_prof_data_start          
00001e45  __TI_readmsg                  
00000000  __TI_static_base__            
20200320  __TI_tmpnams                  
00001e79  __TI_writemsg                 
000020cd  __TI_zero_init_nomemset       
00001941  __aeabi_idiv                  
00001103  __aeabi_idiv0                 
00001941  __aeabi_idivmod               
00002179  __aeabi_memclr                
00002179  __aeabi_memclr4               
00002179  __aeabi_memclr8               
000021b1  __aeabi_memcpy                
000021b1  __aeabi_memcpy4               
000021b1  __aeabi_memcpy8               
00001bd5  __aeabi_uidiv                 
00001bd5  __aeabi_uidivmod              
ffffffff  __binit__                     
UNDEFED   __mpu_init                    
20207e00  __stack                       
20200000  __start___llvm_prf_bits       
20200000  __start___llvm_prf_cnts       
20200000  __stop___llvm_prf_bits        
20200000  __stop___llvm_prf_cnts        
0000201d  _c_int00_noargs               
202004d4  _device                       
202003e4  _ftable                       
202005b4  _lock                         
00002083  _nop                          
2020054c  _stream                       
20200000  _sys_memory                   
UNDEFED   _system_post_cinit            
000021cd  _system_pre_init              
202005b8  _unlock                       
000021d1  abort                         
00000ac1  add_device                    
00000785  aligned_alloc                 
ffffffff  binit                         
000019e9  close                         
00001ead  exit                          
00001d3d  finddevice                    
00001f45  fopen                         
00000bad  free                          
00001ee1  freopen                       
00001709  getdevice                     
00000000  interruptVectors              
00000e45  main                          
00002185  malloc                        
00000785  memalign                      
00000fb9  open                          
202003c0  parmbuf                       
000026d4  rectangleImage1               
00002b54  rectangleImage2               
000021b9  remove                        
00000c99  setvbuf                       
00002fd4  squareBlack                   
00003454  squareImage                   
00001fa1  unlink                        
00001ff5  write                         


GLOBAL SYMBOLS: SORTED BY Symbol Address 

address   name                          
-------   ----                          
00000000  __TI_ATRegion0_region_sz      
00000000  __TI_ATRegion0_src_addr       
00000000  __TI_ATRegion0_trg_addr       
00000000  __TI_ATRegion1_region_sz      
00000000  __TI_ATRegion1_src_addr       
00000000  __TI_ATRegion1_trg_addr       
00000000  __TI_ATRegion2_region_sz      
00000000  __TI_ATRegion2_src_addr       
00000000  __TI_ATRegion2_trg_addr       
00000000  __TI_static_base__            
00000000  interruptVectors              
000000c1  ST7735_DrawBitmap             
00000200  __STACK_SIZE                  
00000200  __SYSMEM_SIZE                 
000002d1  Clock_Init80MHz               
00000485  ST7735_DrawCharS              
00000785  aligned_alloc                 
00000785  memalign                      
000008b1  ST7735_FillRect               
000009c9  SPI_Init                      
00000ac1  add_device                    
00000bad  free                          
00000c99  setvbuf                       
00000d75  ST7735_OutChar                
00000e45  main                          
00000f0d  Rectangle                     
00000fb7  SysTick_Handler               
00000fb9  open                          
00001103  __aeabi_idiv0                 
00001105  ST7735_InitPrintf             
000011a1  ST7735_InitR                  
00001239  TimerG12_IntArm               
00001355  ST7735_DrawString             
000013d9  LaunchPad_Init                
00001455  __TI_closefile                
000014d1  ADCinit                       
00001549  __TI_decompress_lzss          
000015c1  ST7735_DrawPixel              
00001631  HOSTlseek                     
0000169d  HOSTrename                    
00001709  getdevice                     
000017d5  HOSTopen                      
00001835  TIMG12_IRQHandler             
00001891  HOSTread                      
000018e9  HOSTwrite                     
00001941  __aeabi_idiv                  
00001941  __aeabi_idivmod               
00001997  __TI_doflush                  
000019e9  close                         
00001a39  HOSTclose                     
00001a81  HOSTunlink                    
00001ac9  SPI_OutCommand                
00001b11  ADCin                         
00001b55  SPI_Reset                     
00001b95  TIMG7_IRQHandler              
00001bd5  __aeabi_uidiv                 
00001bd5  __aeabi_uidivmod              
00001c55  BlockMove                     
00001c91  __TI_auto_init_nobinit_nopinit
00001ccd  ActivatePortA_B               
00001d05  SPI_OutData                   
00001d3d  finddevice                    
00001d75  Clock_Delay1ms                
00001da9  ST7735_SetCursor              
00001ddd  ST7735_write                  
00001e11  __TI_cleanup                  
00001e45  __TI_readmsg                  
00001e79  __TI_writemsg                 
00001ea5  C$$IO$$                       
00001ead  exit                          
00001ee1  freopen                       
00001f45  fopen                         
00001f75  ST7735_FillScreen             
00001fa1  unlink                        
00001ff5  write                         
0000201d  _c_int00_noargs               
00002045  Convert                       
00002083  _nop                          
000020a1  ST7735_open                   
000020b7  ST7735_read                   
000020cd  __TI_zero_init_nomemset       
000020f5  TI_memcpy_small               
00002107  __TI_decompress_none          
00002119  Clock_Delay                   
00002137  ST7735_lseek                  
00002153  TI_memset_small               
00002161  Clock_Freq                    
0000216d  ST7735_rename                 
00002179  __aeabi_memclr                
00002179  __aeabi_memclr4               
00002179  __aeabi_memclr8               
00002185  malloc                        
00002191  PLL_Init                      
0000219b  ST7735_close                  
000021a5  ST7735_unlink                 
000021b1  __aeabi_memcpy                
000021b1  __aeabi_memcpy4               
000021b1  __aeabi_memcpy8               
000021b9  remove                        
000021c1  ADC0_IRQHandler               
000021c1  ADC1_IRQHandler               
000021c1  AES_IRQHandler                
000021c1  CANFD0_IRQHandler             
000021c1  DAC0_IRQHandler               
000021c1  DMA_IRQHandler                
000021c1  Default_Handler               
000021c1  GROUP0_IRQHandler             
000021c1  GROUP1_IRQHandler             
000021c1  I2C0_IRQHandler               
000021c1  I2C1_IRQHandler               
000021c1  NMI_Handler                   
000021c1  PendSV_Handler                
000021c1  RTC_IRQHandler                
000021c1  SPI0_IRQHandler               
000021c1  SPI1_IRQHandler               
000021c1  SVC_Handler                   
000021c1  TIMA0_IRQHandler              
000021c1  TIMA1_IRQHandler              
000021c1  TIMG0_IRQHandler              
000021c1  TIMG6_IRQHandler              
000021c1  TIMG8_IRQHandler              
000021c1  UART0_IRQHandler              
000021c1  UART1_IRQHandler              
000021c1  UART2_IRQHandler              
000021c1  UART3_IRQHandler              
000021c5  HardFault_Handler             
000021c9  Reset_Handler                 
000021cd  _system_pre_init              
000021d0  C$$EXIT                       
000021d1  abort                         
000026d4  rectangleImage1               
00002b54  rectangleImage2               
00002fd4  squareBlack                   
00003454  squareImage                   
000039f8  __TI_Handler_Table_Base       
00003a04  __TI_Handler_Table_Limit      
00003a0c  __TI_CINIT_Base               
00003a1c  __TI_CINIT_Limit              
00003a1c  __TI_CINIT_Warm               
20200000  __start___llvm_prf_bits       
20200000  __start___llvm_prf_cnts       
20200000  __stop___llvm_prf_bits        
20200000  __stop___llvm_prf_cnts        
20200000  _sys_memory                   
20200200  _CIOBUF_                      
20200200  __CIOBUF_                     
20200320  __TI_tmpnams                  
202003c0  parmbuf                       
202003cc  Data                          
202003d0  Flag                          
202003d4  Position                      
202003d8  TExaSLogic                    
202003dc  TExaSadc                      
202003e4  _ftable                       
202004d4  _device                       
2020054c  _stream                       
2020059c  __TI_cleanup_ptr              
202005a0  __TI_dtors_ptr                
202005a4  BusFreq                       
202005a8  StX                           
202005ac  StY                           
202005b0  __TI_ft_end                   
202005b4  _lock                         
202005b8  _unlock                       
202005bc  StTextColor                   
20207e00  __stack                       
20208000  __STACK_END                   
ffffffff  __TI_pprof_out_hndl           
ffffffff  __TI_prof_data_size           
ffffffff  __TI_prof_data_start          
ffffffff  __binit__                     
ffffffff  binit                         
UNDEFED   __mpu_init                    
UNDEFED   _system_post_cinit            

[174 symbols]
