******************************************************************************
            TI ARM Clang Linker PC v3.2.2                      
******************************************************************************
>> Linked Mon Dec  2 18:25:53 2024

OUTPUT FILE NAME:   <ECE319K_Lab9.out>
ENTRY POINT SYMBOL: "_c_int00_noargs"  address: 000145cd


MEMORY CONFIGURATION

         name            origin    length      used     unused   attr    fill
----------------------  --------  ---------  --------  --------  ----  --------
  FLASH                 00000000   00020000  000148b8  0000b748  R  X
  SRAM                  20200000   00008000  000009c8  00007638  RW X
  BCR_CONFIG            41c00000   00000080  00000000  00000080  R   
  BSL_CONFIG            41c00100   00000080  00000000  00000080  R   


SEGMENT ALLOCATION MAP

run origin  load origin   length   init length attrs members
----------  ----------- ---------- ----------- ----- -------
00000000    00000000    000148b8   000148b8    r-x
  00000000    00000000    000000c0   000000c0    r-- .intvecs
  000000c0    000000c0    000106f0   000106f0    r-- .rodata
  000107b0    000107b0    00004070   00004070    r-x .text
  00014820    00014820    00000098   00000098    r-- .cinit
20200000    20200000    000007d0   00000000    rw-
  20200000    20200000    00000381   00000000    rw- .data
  20200384    20200384    00000247   00000000    rw- .bss
  202005d0    202005d0    00000200   00000000    rw- .sysmem
20207e00    20207e00    00000200   00000000    rw-
  20207e00    20207e00    00000200   00000000    rw- .stack


SECTION ALLOCATION MAP

 output                                  attributes/
section   page    origin      length       input sections
--------  ----  ----------  ----------   ----------------
.intvecs   0    00000000    000000c0     
                  00000000    000000c0     startup_mspm0g3507_ticlang.o (.intvecs)

.text      0    000107b0    00004070     
                  000107b0    000008a0     Sprite.o (.text.placeBlock)
                  00011050    00000610     Sprite.o (.text.drop)
                  00011660    000003e4     Lab9Main.o (.text.main)
                  00011a44    00000284     libc.a : _printfi.c.obj (.text:__TI_printfi_minimal)
                  00011cc8    00000210     ST7735.o (.text.ST7735_DrawBitmap)
                  00011ed8    000001b4     Clock.o (.text.Clock_Init80MHz)
                  0001208c    000001a0     ST7735.o (.text.ST7735_DrawCharS)
                  0001222c    00000164     Sprite.o (.text.JPiece)
                  00012390    00000164     Sprite.o (.text.LPiece)
                  000124f4    00000160     libc.a : fopen.c.obj (.text._openfile)
                  00012654    0000012c            : memory.c.obj (.text.aligned_alloc)
                  00012780    00000118     ST7735.o (.text.ST7735_FillRect)
                  00012898    0000010a     Sprite.o (.text.validX)
                  000129a2    00000002     LED.o (.text.LED_Init)
                  000129a4    00000104     libc.a : fputs.c.obj (.text.fputs)
                  00012aa8    000000f8     SPI.o (.text.SPI_Init)
                  00012ba0    000000f4     Sprite.o (.text.processGrid)
                  00012c94    000000ec     libsysbm.a : add_device.c.obj (.text.add_device)
                  00012d80    000000ec     libc.a : memory.c.obj (.text.free)
                  00012e6c    000000dc            : setvbuf.c.obj (.text.setvbuf)
                  00012f48    000000d0     ST7735.o (.text.ST7735_OutChar)
                  00013018    000000ce     Sprite.o (.text.Rectangle)
                  000130e6    00000002     Sound.o (.text.SysTick_Handler)
                  000130e8    000000bc     Lab9Main.o (.text.TIMG12_IRQHandler)
                  000131a4    000000ac     Lab9Main.o (.text.drawShape)
                  00013250    000000a8     libsysbm.a : open.c.obj (.text.open)
                  000132f8    000000a2     ST7735.o (.text.commandList)
                  0001339a    00000002     libclang_rt.builtins.a : aeabi_div0.c.obj (.text.__aeabi_idiv0)
                  0001339c    000000a0     Lab9Main.o (.text.swap)
                  0001343c    0000009c     ST7735.o (.text.ST7735_InitPrintf)
                  000134d8    0000009c     libc.a : fputc.c.obj (.text.fputc)
                  00013574    00000098     ST7735.o (.text.ST7735_InitR)
                  0001360c    00000094     Timer.o (.text.TimerG12_IntArm)
                  000136a0    00000088     ST7735.o (.text.setAddrWindow)
                  00013728    00000084     ST7735.o (.text.ST7735_DrawString)
                  000137ac    0000007e     Sprite.o (.text.Square)
                  0001382a    00000002     libc.a : _lock.c.obj (.text._nop)
                  0001382c    0000007c     LaunchPad.o (.text.LaunchPad_Init)
                  000138a8    0000007c     libc.a : fclose.c.obj (.text.__TI_closefile)
                  00013924    00000078     ADC1.o (.text.ADCinit)
                  0001399c    00000078     libc.a : copy_decompress_lzss.c.obj (.text:decompress:lzss)
                  00013a14    00000070     ST7735.o (.text.ST7735_DrawPixel)
                  00013a84    0000006c     libsysbm.a : hostlseek.c.obj (.text.HOSTlseek)
                  00013af0    0000006c                : hostrename.c.obj (.text.HOSTrename)
                  00013b5c    0000006c     libc.a : fseek.c.obj (.text.fseeko)
                  00013bc8    00000068            : getdevice.c.obj (.text.getdevice)
                  00013c30    00000064            : _io_perm.c.obj (.text.__TI_wrt_ok)
                  00013c94    00000064     Sprite.o (.text.clearBlocks)
                  00013cf8    00000064     libc.a : memory.c.obj (.text.split)
                  00013d5c    00000060     libsysbm.a : hostopen.c.obj (.text.HOSTopen)
                  00013dbc    0000005c     libc.a : printf.c.obj (.text.printf)
                  00013e18    00000058     libsysbm.a : hostread.c.obj (.text.HOSTread)
                  00013e70    00000058                : hostwrite.c.obj (.text.HOSTwrite)
                  00013ec8    00000056     libclang_rt.builtins.a : aeabi_idivmod.S.obj (.text.__aeabi_idivmod)
                  00013f1e    00000052     libc.a : fflush.c.obj (.text.__TI_doflush)
                  00013f70    00000050     libsysbm.a : close.c.obj (.text.close)
                  00013fc0    00000048                : hostclose.c.obj (.text.HOSTclose)
                  00014008    00000048                : hostunlink.c.obj (.text.HOSTunlink)
                  00014050    00000048     SPI.o (.text.SPI_OutCommand)
                  00014098    00000044     ADC1.o (.text.ADCin)
                  000140dc    00000040     SPI.o (.text.SPI_Reset)
                  0001411c    00000040     TExaS.o (.text.TIMG7_IRQHandler)
                  0001415c    00000040     libclang_rt.builtins.a : aeabi_uidivmod.S.obj (.text.__aeabi_uidivmod)
                  0001419c    00000040     libc.a : fopen.c.obj (.text._search_fp)
                  000141dc    0000003c     ADC1.o (.text.BlockMove)
                  00014218    0000003c     libc.a : autoinit.c.obj (.text:__TI_auto_init_nobinit_nopinit)
                  00014254    00000038     LaunchPad.o (.text.ActivatePortA_B)
                  0001428c    00000038     SPI.o (.text.SPI_OutData)
                  000142c4    00000038     libc.a : getdevice.c.obj (.text.finddevice)
                  000142fc    00000034     Clock.o (.text.Clock_Delay1ms)
                  00014330    00000034     ST7735.o (.text.ST7735_SetCursor)
                  00014364    00000034     ST7735.o (.text.ST7735_write)
                  00014398    00000034     libc.a : fopen.c.obj (.text.__TI_cleanup)
                  000143cc    00000034     libsysbm.a : trgmsg.c.obj (.text.__TI_readmsg)
                  00014400    00000034                : trgmsg.c.obj (.text.__TI_writemsg)
                  00014434    00000034     libc.a : exit.c.obj (.text.exit)
                  00014468    00000034            : fopen.c.obj (.text.freopen)
                  0001449c    00000030     ST7735.o (.text.commonInit)
                  000144cc    00000030     libc.a : fopen.c.obj (.text.fopen)
                  000144fc    0000002c     ST7735.o (.text.ST7735_FillScreen)
                  00014528    0000002c     libsysbm.a : unlink.c.obj (.text.unlink)
                  00014554    00000028     libc.a : memory.c.obj (.text.free_list_insert)
                  0001457c    00000028     libsysbm.a : lseek.c.obj (.text.lseek)
                  000145a4    00000028                : write.c.obj (.text.write)
                  000145cc    00000028     libc.a : boot_cortex_m.c.obj (.text:_c_int00_noargs)
                  000145f4    00000022            : memccpy.c.obj (.text.memccpy)
                  00014616    00000002     --HOLE-- [fill = 0]
                  00014618    00000020     ADC1.o (.text.Convert)
                  00014638    0000001e     ST7735.o (.text.pushColor)
                  00014656    00000002     --HOLE-- [fill = 0]
                  00014658    0000001c     libc.a : memory.c.obj (.text.free_list_remove)
                  00014674    00000018     Switch.o (.text.Switch_Init)
                  0001468c    00000016     ST7735.o (.text.ST7735_open)
                  000146a2    00000016     ST7735.o (.text.ST7735_read)
                  000146b8    00000016     libc.a : copy_zero_init.c.obj (.text:decompress:ZI:__TI_zero_init_nomemset)
                  000146ce    00000002     --HOLE-- [fill = 0]
                  000146d0    00000014     Switch.o (.text.Switch_In)
                  000146e4    00000014     Sprite.o (.text.rotate)
                  000146f8    00000012     libsysbm.a : hostrename.c.obj (.text.strcpy)
                  0001470a    00000012     libc.a : memcpy16.S.obj (.text:TI_memcpy_small)
                  0001471c    00000012            : copy_decompress_none.c.obj (.text:decompress:none)
                  0001472e    00000010     Clock.o (.text.Clock_Delay)
                  0001473e    0000000e     libc.a : memory.c.obj (.text.OUTLINED_FUNCTION_0)
                  0001474c    0000000e     ST7735.o (.text.ST7735_lseek)
                  0001475a    00000002     --HOLE-- [fill = 0]
                  0001475c    0000000e     libclang_rt.builtins.a : aeabi_memset.S.obj (.text.__aeabi_memset)
                  0001476a    0000000e     libc.a : _printfi.c.obj (.text.strlen)
                  00014778    0000000e     libsysbm.a : hostrename.c.obj (.text.strlen)
                  00014786    0000000e     libc.a : memset16.S.obj (.text:TI_memset_small)
                  00014794    0000000c     Clock.o (.text.Clock_Freq)
                  000147a0    0000000c     ST7735.o (.text.ST7735_rename)
                  000147ac    0000000c     libclang_rt.builtins.a : aeabi_memset.S.obj (.text.__aeabi_memclr)
                  000147b8    0000000c     libc.a : memory.c.obj (.text.malloc)
                  000147c4    0000000a     Lab9Main.o (.text.PLL_Init)
                  000147ce    0000000a     ST7735.o (.text.ST7735_close)
                  000147d8    0000000a     ST7735.o (.text.ST7735_unlink)
                  000147e2    00000002     --HOLE-- [fill = 0]
                  000147e4    00000008     libclang_rt.builtins.a : aeabi_memcpy.S.obj (.text.__aeabi_memcpy)
                  000147ec    00000008     libc.a : printf.c.obj (.text._outc)
                  000147f4    00000008            : printf.c.obj (.text._outs)
                  000147fc    00000008            : fseek.c.obj (.text.fseek)
                  00014804    00000008     libsysbm.a : remove.c.obj (.text.remove)
                  0001480c    00000004     startup_mspm0g3507_ticlang.o (.text.Default_Handler)
                  00014810    00000004     startup_mspm0g3507_ticlang.o (.text.HardFault_Handler)
                  00014814    00000004     startup_mspm0g3507_ticlang.o (.text.Reset_Handler)
                  00014818    00000004     libc.a : pre_init.c.obj (.text._system_pre_init)
                  0001481c    00000004            : exit.c.obj (.text:abort)

.cinit     0    00014820    00000098     
                  00014820    00000073     (.cinit..data.load) [load image, compression = lzss]
                  00014893    00000001     --HOLE-- [fill = 0]
                  00014894    0000000c     (__TI_handler_table)
                  000148a0    00000008     (.cinit..bss.load) [load image, compression = zero_init]
                  000148a8    00000010     (__TI_cinit_table)

.rodata    0    000000c0    000106f0     
                  000000c0    0000a000     Lab9Main.o (.rodata.startPage)
                  0000a0c0    000006c0     Lab9Main.o (.rodata.JPiece1)
                  0000a780    000006c0     Lab9Main.o (.rodata.JPiece2)
                  0000ae40    000006c0     Lab9Main.o (.rodata.JPiece3)
                  0000b500    000006c0     Lab9Main.o (.rodata.JPiece4)
                  0000bbc0    000006c0     Lab9Main.o (.rodata.LJBlack1)
                  0000c280    000006c0     Lab9Main.o (.rodata.LJBlack2)
                  0000c940    000006c0     Lab9Main.o (.rodata.LPiece1)
                  0000d000    000006c0     Lab9Main.o (.rodata.LPiece2)
                  0000d6c0    000006c0     Lab9Main.o (.rodata.LPiece3)
                  0000dd80    000006c0     Lab9Main.o (.rodata.LPiece4)
                  0000e440    000004fb     ST7735.o (.rodata.Font)
                  0000e93b    00000001     --HOLE-- [fill = 0]
                  0000e93c    00000480     Lab9Main.o (.rodata.rectangleBlack1)
                  0000edbc    00000480     Lab9Main.o (.rodata.rectangleBlack2)
                  0000f23c    00000480     Lab9Main.o (.rodata.rectangleImage1)
                  0000f6bc    00000480     Lab9Main.o (.rodata.rectangleImage2)
                  0000fb3c    00000480     Lab9Main.o (.rodata.squareBlack)
                  0000ffbc    00000480     Lab9Main.o (.rodata.squareImage)
                  0001043c    00000120     Lab9Main.o (.rodata.singleBlack)
                  0001055c    00000120     Lab9Main.o (.rodata.singleBlock)
                  0001067c    0000003b     ST7735.o (.rodata.Rcmd1)
                  000106b7    0000002b     ST7735.o (.rodata.Rcmd3)
                  000106e2    00000025     Lab9Main.o (.rodata.str1.90599160581273653951)
                  00010707    00000016     ST7735.o (.rodata.str1.7335694693116752461)
                  0001071d    00000011     libc.a : _printfi.c.obj (.rodata.str1.44690500295887128011)
                  0001072e    0000000d     ST7735.o (.rodata.Rcmd2green)
                  0001073b    0000000d     ST7735.o (.rodata.Rcmd2red)
                  00010748    0000000d     Lab9Main.o (.rodata.str1.34244414569600010931)
                  00010755    0000000b     Lab9Main.o (.rodata.str1.68612456344931424701)
                  00010760    0000000a     Lab9Main.o (.rodata.str1.104063509789725155691)
                  0001076a    0000000a     Lab9Main.o (.rodata.str1.140936939954907027641)
                  00010774    0000000a     Lab9Main.o (.rodata.str1.166608143588835004401)
                  0001077e    0000000a     Lab9Main.o (.rodata.str1.37815664167421151901)
                  00010788    0000000a     Lab9Main.o (.rodata.str1.61225035454356512161)
                  00010792    00000008     ST7735.o (.rodata.str1.121498127939212016191)
                  0001079a    00000007     ST7735.o (.rodata.str1.177458448621276003531)
                  000107a1    00000007     ST7735.o (.rodata.str1.68723918200564200511)
                  000107a8    00000002     ST7735.o (.rodata.str1.41208212166664079551)
                  000107aa    00000006     --HOLE-- [fill = 0]

.init_array 
*          0    00000000    00000000     UNINITIALIZED

.binit     0    00000000    00000000     

.data      0    20200000    00000381     UNINITIALIZED
                  20200000    00000190     Lab9Main.o (.data.blocks)
                  20200190    000000f0     libc.a : defs.c.obj (.data._ftable)
                  20200280    00000078     libsysbm.a : host_device.c.obj (.data._device)
                  202002f8    00000050                : host_device.c.obj (.data._stream)
                  20200348    00000008     libc.a : exit.c.obj (.data..L_MergedGlobals)
                  20200350    00000004     Clock.o (.data.BusFreq)
                  20200354    00000004     ST7735.o (.data.StX)
                  20200358    00000004     ST7735.o (.data.StY)
                  2020035c    00000004     libc.a : defs.c.obj (.data.__TI_ft_end)
                  20200360    00000004            : _lock.c.obj (.data._lock)
                  20200364    00000004            : _lock.c.obj (.data._unlock)
                  20200368    00000004     Lab9Main.o (.data.score)
                  2020036c    00000004     Lab9Main.o (.data.stored)
                  20200370    00000002     ST7735.o (.data.StTextColor)
                  20200372    00000002     ST7735.o (.data._height)
                  20200374    00000002     ST7735.o (.data._width)
                  20200376    00000002     --HOLE--
                  20200378    00000001     libsysbm.a : add_device.c.obj (.data.add_device.device_init)
                  20200379    00000003     --HOLE--
                  2020037c    00000001     libc.a : memory.c.obj (.data.memory_is_initialized)
                  2020037d    00000003     --HOLE--
                  20200380    00000001     libsysbm.a : open.c.obj (.data.open.stream_init)

.bss       0    20200384    00000247     UNINITIALIZED
                  20200384    00000120     libsysbm.a : trgmsg.c.obj (.bss:_CIOBUF_)
                  202004a4    000000a0     libc.a : defs.c.obj (.bss.__TI_tmpnams)
                  20200544    00000060     (.common:piece)
                  202005a4    00000008     libsysbm.a : hostopen.c.obj (.bss.parmbuf)
                  202005ac    00000004     libc.a : memory.c.obj (.bss.sys_free)
                  202005b0    00000004     (.common:Data)
                  202005b4    00000004     (.common:Flag)
                  202005b8    00000004     (.common:Position)
                  202005bc    00000004     (.common:Switch)
                  202005c0    00000004     (.common:TExaSLogic)
                  202005c4    00000004     (.common:TExaSadc)
                  202005c8    00000001     ST7735.o (.bss.ColStart)
                  202005c9    00000001     ST7735.o (.bss.RowStart)
                  202005ca    00000001     ST7735.o (.bss.TabColor)

.sysmem    0    202005d0    00000200     UNINITIALIZED
                  202005d0    00000010     libc.a : memory.c.obj (.sysmem)
                  202005e0    000001f0     --HOLE--

.stack     0    20207e00    00000200     UNINITIALIZED
                  20207e00    00000004     libc.a : boot_cortex_m.c.obj (.stack)
                  20207e04    000001fc     --HOLE--

__llvm_prf_cnts 
*          0    20200000    00000000     UNINITIALIZED

__llvm_prf_bits 
*          0    20200000    00000000     UNINITIALIZED

MODULE SUMMARY

       Module                         code    ro data   rw data
       ------                         ----    -------   -------
    .\
       Lab9Main.o                     1526    65839     520    
       Sprite.o                       5434    0         0      
       ST7735.o                       2598    1449      17     
       Clock.o                        516     0         4      
       SPI.o                          440     0         0      
       ADC1.o                         280     0         0      
       LaunchPad.o                    180     0         0      
       Timer.o                        148     0         0      
       TExaS.o                        64      0         8      
       Switch.o                       44      0         0      
       LED.o                          2       0         0      
       Sound.o                        2       0         0      
    +--+------------------------------+-------+---------+---------+
       Total:                         11234   67288     549    
                                                               
    .\ticlang\
       startup_mspm0g3507_ticlang.o   12      192       0      
    +--+------------------------------+-------+---------+---------+
       Total:                         12      192       0      
                                                               
    C:\ti\ccs1280\ccs\tools\compiler\ti-cgt-armllvm_3.2.2.LTS\lib\armv6m-ti-none-eabi/c/libc.a
       memory.c.obj                   730     0         5      
       _printfi.c.obj                 658     17        0      
       fopen.c.obj                    568     0         0      
       defs.c.obj                     0       0         404    
       fputs.c.obj                    260     0         0      
       setvbuf.c.obj                  220     0         0      
       getdevice.c.obj                160     0         0      
       fputc.c.obj                    156     0         0      
       fclose.c.obj                   124     0         0      
       copy_decompress_lzss.c.obj     120     0         0      
       fseek.c.obj                    116     0         0      
       printf.c.obj                   108     0         0      
       _io_perm.c.obj                 100     0         0      
       fflush.c.obj                   82      0         0      
       exit.c.obj                     56      0         8      
       autoinit.c.obj                 60      0         0      
       boot_cortex_m.c.obj            40      0         0      
       memccpy.c.obj                  34      0         0      
       copy_zero_init.c.obj           22      0         0      
       copy_decompress_none.c.obj     18      0         0      
       memcpy16.S.obj                 18      0         0      
       memset16.S.obj                 14      0         0      
       _lock.c.obj                    2       0         8      
       pre_init.c.obj                 4       0         0      
    +--+------------------------------+-------+---------+---------+
       Total:                         3670    17        425    
                                                               
    C:\ti\ccs1280\ccs\tools\compiler\ti-cgt-armllvm_3.2.2.LTS\lib\armv6m-ti-none-eabi/c/libsysbm.a
       trgmsg.c.obj                   104     0         288    
       add_device.c.obj               236     0         1      
       host_device.c.obj              0       0         200    
       open.c.obj                     168     0         1      
       hostrename.c.obj               140     0         0      
       hostlseek.c.obj                108     0         0      
       hostopen.c.obj                 96      0         8      
       hostread.c.obj                 88      0         0      
       hostwrite.c.obj                88      0         0      
       close.c.obj                    80      0         0      
       hostclose.c.obj                72      0         0      
       hostunlink.c.obj               72      0         0      
       unlink.c.obj                   44      0         0      
       lseek.c.obj                    40      0         0      
       write.c.obj                    40      0         0      
       remove.c.obj                   8       0         0      
    +--+------------------------------+-------+---------+---------+
       Total:                         1384    0         498    
                                                               
    C:\ti\ccs1280\ccs\tools\compiler\ti-cgt-armllvm_3.2.2.LTS\lib\clang/15.0.7/lib/armv6m-ti-none-eabi/libclang_rt.builtins.a
       aeabi_idivmod.S.obj            86      0         0      
       aeabi_uidivmod.S.obj           64      0         0      
       aeabi_memset.S.obj             26      0         0      
       aeabi_memcpy.S.obj             8       0         0      
       aeabi_div0.c.obj               2       0         0      
    +--+------------------------------+-------+---------+---------+
       Total:                         186     0         0      
                                                               
       Heap:                          0       0         512    
       Stack:                         0       0         512    
       Linker Generated:              0       151       0      
    +--+------------------------------+-------+---------+---------+
       Grand Total:                   16486   67648     2496   


LINKER GENERATED COPY TABLES

__TI_cinit_table @ 000148a8 records: 2, size/record: 8, table size: 16
	.data: load addr=00014820, load size=00000073 bytes, run addr=20200000, run size=00000381 bytes, compression=lzss
	.bss: load addr=000148a0, load size=00000008 bytes, run addr=20200384, run size=00000247 bytes, compression=zero_init


LINKER GENERATED HANDLER TABLE

__TI_handler_table @ 00014894 records: 3, size/record: 4, table size: 12
	index: 0, handler: __TI_decompress_lzss
	index: 1, handler: __TI_decompress_none
	index: 2, handler: __TI_zero_init


GLOBAL SYMBOLS: SORTED ALPHABETICALLY BY Name 

address   name                          
-------   ----                          
0001480d  ADC0_IRQHandler               
0001480d  ADC1_IRQHandler               
00014099  ADCin                         
00013925  ADCinit                       
0001480d  AES_IRQHandler                
00014255  ActivatePortA_B               
000141dd  BlockMove                     
20200350  BusFreq                       
0001481c  C$$EXIT                       
0001442d  C$$IO$$                       
0001480d  CANFD0_IRQHandler             
0001472f  Clock_Delay                   
000142fd  Clock_Delay1ms                
00014795  Clock_Freq                    
00011ed9  Clock_Init80MHz               
00014619  Convert                       
0001480d  DAC0_IRQHandler               
0001480d  DMA_IRQHandler                
202005b0  Data                          
0001480d  Default_Handler               
202005b4  Flag                          
0001480d  GROUP0_IRQHandler             
0001480d  GROUP1_IRQHandler             
00013fc1  HOSTclose                     
00013a85  HOSTlseek                     
00013d5d  HOSTopen                      
00013e19  HOSTread                      
00013af1  HOSTrename                    
00014009  HOSTunlink                    
00013e71  HOSTwrite                     
00014811  HardFault_Handler             
0001480d  I2C0_IRQHandler               
0001480d  I2C1_IRQHandler               
0001222d  JPiece                        
0000a0c0  JPiece1                       
0000a780  JPiece2                       
0000ae40  JPiece3                       
0000b500  JPiece4                       
000129a3  LED_Init                      
0000bbc0  LJBlack1                      
0000c280  LJBlack2                      
00012391  LPiece                        
0000c940  LPiece1                       
0000d000  LPiece2                       
0000d6c0  LPiece3                       
0000dd80  LPiece4                       
0001382d  LaunchPad_Init                
0001480d  NMI_Handler                   
000147c5  PLL_Init                      
0001480d  PendSV_Handler                
202005b8  Position                      
0001480d  RTC_IRQHandler                
00013019  Rectangle                     
00014815  Reset_Handler                 
0001480d  SPI0_IRQHandler               
0001480d  SPI1_IRQHandler               
00012aa9  SPI_Init                      
00014051  SPI_OutCommand                
0001428d  SPI_OutData                   
000140dd  SPI_Reset                     
00011cc9  ST7735_DrawBitmap             
0001208d  ST7735_DrawCharS              
00013a15  ST7735_DrawPixel              
00013729  ST7735_DrawString             
00012781  ST7735_FillRect               
000144fd  ST7735_FillScreen             
0001343d  ST7735_InitPrintf             
00013575  ST7735_InitR                  
00012f49  ST7735_OutChar                
00014331  ST7735_SetCursor              
000147cf  ST7735_close                  
0001474d  ST7735_lseek                  
0001468d  ST7735_open                   
000146a3  ST7735_read                   
000147a1  ST7735_rename                 
000147d9  ST7735_unlink                 
00014365  ST7735_write                  
0001480d  SVC_Handler                   
000137ad  Square                        
20200370  StTextColor                   
20200354  StX                           
20200358  StY                           
202005bc  Switch                        
000146d1  Switch_In                     
00014675  Switch_Init                   
000130e7  SysTick_Handler               
202005c0  TExaSLogic                    
202005c4  TExaSadc                      
0001480d  TIMA0_IRQHandler              
0001480d  TIMA1_IRQHandler              
0001480d  TIMG0_IRQHandler              
000130e9  TIMG12_IRQHandler             
0001480d  TIMG6_IRQHandler              
0001411d  TIMG7_IRQHandler              
0001480d  TIMG8_IRQHandler              
0001470b  TI_memcpy_small               
00014787  TI_memset_small               
0001360d  TimerG12_IntArm               
0001480d  UART0_IRQHandler              
0001480d  UART1_IRQHandler              
0001480d  UART2_IRQHandler              
0001480d  UART3_IRQHandler              
20200384  _CIOBUF_                      
20200384  __CIOBUF_                     
20208000  __STACK_END                   
00000200  __STACK_SIZE                  
00000200  __SYSMEM_SIZE                 
00000000  __TI_ATRegion0_region_sz      
00000000  __TI_ATRegion0_src_addr       
00000000  __TI_ATRegion0_trg_addr       
00000000  __TI_ATRegion1_region_sz      
00000000  __TI_ATRegion1_src_addr       
00000000  __TI_ATRegion1_trg_addr       
00000000  __TI_ATRegion2_region_sz      
00000000  __TI_ATRegion2_src_addr       
00000000  __TI_ATRegion2_trg_addr       
000148a8  __TI_CINIT_Base               
000148b8  __TI_CINIT_Limit              
000148b8  __TI_CINIT_Warm               
00014894  __TI_Handler_Table_Base       
000148a0  __TI_Handler_Table_Limit      
00014219  __TI_auto_init_nobinit_nopinit
00014399  __TI_cleanup                  
20200348  __TI_cleanup_ptr              
000138a9  __TI_closefile                
0001399d  __TI_decompress_lzss          
0001471d  __TI_decompress_none          
00013f1f  __TI_doflush                  
2020034c  __TI_dtors_ptr                
2020035c  __TI_ft_end                   
ffffffff  __TI_pprof_out_hndl           
00011a45  __TI_printfi_minimal          
ffffffff  __TI_prof_data_size           
ffffffff  __TI_prof_data_start          
000143cd  __TI_readmsg                  
00000000  __TI_static_base__            
202004a4  __TI_tmpnams                  
00014401  __TI_writemsg                 
00013c31  __TI_wrt_ok                   
000146b9  __TI_zero_init_nomemset       
00013ec9  __aeabi_idiv                  
0001339b  __aeabi_idiv0                 
00013ec9  __aeabi_idivmod               
000147ad  __aeabi_memclr                
000147ad  __aeabi_memclr4               
000147ad  __aeabi_memclr8               
000147e5  __aeabi_memcpy                
000147e5  __aeabi_memcpy4               
000147e5  __aeabi_memcpy8               
0001475d  __aeabi_memset                
0001475d  __aeabi_memset4               
0001475d  __aeabi_memset8               
0001415d  __aeabi_uidiv                 
0001415d  __aeabi_uidivmod              
ffffffff  __binit__                     
UNDEFED   __mpu_init                    
20207e00  __stack                       
20200000  __start___llvm_prf_bits       
20200000  __start___llvm_prf_cnts       
20200000  __stop___llvm_prf_bits        
20200000  __stop___llvm_prf_cnts        
000145cd  _c_int00_noargs               
20200280  _device                       
20200190  _ftable                       
20200360  _lock                         
0001382b  _nop                          
202002f8  _stream                       
202005d0  _sys_memory                   
UNDEFED   _system_post_cinit            
00014819  _system_pre_init              
20200364  _unlock                       
0001481d  abort                         
00012c95  add_device                    
00012655  aligned_alloc                 
ffffffff  binit                         
20200000  blocks                        
00013c95  clearBlocks                   
00013f71  close                         
000131a5  drawShape                     
00011051  drop                          
00014435  exit                          
000142c5  finddevice                    
000144cd  fopen                         
000134d9  fputc                         
000129a5  fputs                         
00012d81  free                          
00014469  freopen                       
000147fd  fseek                         
00013b5d  fseeko                        
00013bc9  getdevice                     
00000000  interruptVectors              
0001457d  lseek                         
00011661  main                          
000147b9  malloc                        
00012655  memalign                      
000145f5  memccpy                       
00013251  open                          
202005a4  parmbuf                       
20200544  piece                         
000107b1  placeBlock                    
00013dbd  printf                        
00012ba1  processGrid                   
0000e93c  rectangleBlack1               
0000edbc  rectangleBlack2               
0000f23c  rectangleImage1               
0000f6bc  rectangleImage2               
00014805  remove                        
000146e5  rotate                        
20200368  score                         
00012e6d  setvbuf                       
0001043c  singleBlack                   
0001055c  singleBlock                   
0000fb3c  squareBlack                   
0000ffbc  squareImage                   
000000c0  startPage                     
2020036c  stored                        
0001339d  swap                          
00014529  unlink                        
00012899  validX                        
000145a5  write                         


GLOBAL SYMBOLS: SORTED BY Symbol Address 

address   name                          
-------   ----                          
00000000  __TI_ATRegion0_region_sz      
00000000  __TI_ATRegion0_src_addr       
00000000  __TI_ATRegion0_trg_addr       
00000000  __TI_ATRegion1_region_sz      
00000000  __TI_ATRegion1_src_addr       
00000000  __TI_ATRegion1_trg_addr       
00000000  __TI_ATRegion2_region_sz      
00000000  __TI_ATRegion2_src_addr       
00000000  __TI_ATRegion2_trg_addr       
00000000  __TI_static_base__            
00000000  interruptVectors              
000000c0  startPage                     
00000200  __STACK_SIZE                  
00000200  __SYSMEM_SIZE                 
0000a0c0  JPiece1                       
0000a780  JPiece2                       
0000ae40  JPiece3                       
0000b500  JPiece4                       
0000bbc0  LJBlack1                      
0000c280  LJBlack2                      
0000c940  LPiece1                       
0000d000  LPiece2                       
0000d6c0  LPiece3                       
0000dd80  LPiece4                       
0000e93c  rectangleBlack1               
0000edbc  rectangleBlack2               
0000f23c  rectangleImage1               
0000f6bc  rectangleImage2               
0000fb3c  squareBlack                   
0000ffbc  squareImage                   
0001043c  singleBlack                   
0001055c  singleBlock                   
000107b1  placeBlock                    
00011051  drop                          
00011661  main                          
00011a45  __TI_printfi_minimal          
00011cc9  ST7735_DrawBitmap             
00011ed9  Clock_Init80MHz               
0001208d  ST7735_DrawCharS              
0001222d  JPiece                        
00012391  LPiece                        
00012655  aligned_alloc                 
00012655  memalign                      
00012781  ST7735_FillRect               
00012899  validX                        
000129a3  LED_Init                      
000129a5  fputs                         
00012aa9  SPI_Init                      
00012ba1  processGrid                   
00012c95  add_device                    
00012d81  free                          
00012e6d  setvbuf                       
00012f49  ST7735_OutChar                
00013019  Rectangle                     
000130e7  SysTick_Handler               
000130e9  TIMG12_IRQHandler             
000131a5  drawShape                     
00013251  open                          
0001339b  __aeabi_idiv0                 
0001339d  swap                          
0001343d  ST7735_InitPrintf             
000134d9  fputc                         
00013575  ST7735_InitR                  
0001360d  TimerG12_IntArm               
00013729  ST7735_DrawString             
000137ad  Square                        
0001382b  _nop                          
0001382d  LaunchPad_Init                
000138a9  __TI_closefile                
00013925  ADCinit                       
0001399d  __TI_decompress_lzss          
00013a15  ST7735_DrawPixel              
00013a85  HOSTlseek                     
00013af1  HOSTrename                    
00013b5d  fseeko                        
00013bc9  getdevice                     
00013c31  __TI_wrt_ok                   
00013c95  clearBlocks                   
00013d5d  HOSTopen                      
00013dbd  printf                        
00013e19  HOSTread                      
00013e71  HOSTwrite                     
00013ec9  __aeabi_idiv                  
00013ec9  __aeabi_idivmod               
00013f1f  __TI_doflush                  
00013f71  close                         
00013fc1  HOSTclose                     
00014009  HOSTunlink                    
00014051  SPI_OutCommand                
00014099  ADCin                         
000140dd  SPI_Reset                     
0001411d  TIMG7_IRQHandler              
0001415d  __aeabi_uidiv                 
0001415d  __aeabi_uidivmod              
000141dd  BlockMove                     
00014219  __TI_auto_init_nobinit_nopinit
00014255  ActivatePortA_B               
0001428d  SPI_OutData                   
000142c5  finddevice                    
000142fd  Clock_Delay1ms                
00014331  ST7735_SetCursor              
00014365  ST7735_write                  
00014399  __TI_cleanup                  
000143cd  __TI_readmsg                  
00014401  __TI_writemsg                 
0001442d  C$$IO$$                       
00014435  exit                          
00014469  freopen                       
000144cd  fopen                         
000144fd  ST7735_FillScreen             
00014529  unlink                        
0001457d  lseek                         
000145a5  write                         
000145cd  _c_int00_noargs               
000145f5  memccpy                       
00014619  Convert                       
00014675  Switch_Init                   
0001468d  ST7735_open                   
000146a3  ST7735_read                   
000146b9  __TI_zero_init_nomemset       
000146d1  Switch_In                     
000146e5  rotate                        
0001470b  TI_memcpy_small               
0001471d  __TI_decompress_none          
0001472f  Clock_Delay                   
0001474d  ST7735_lseek                  
0001475d  __aeabi_memset                
0001475d  __aeabi_memset4               
0001475d  __aeabi_memset8               
00014787  TI_memset_small               
00014795  Clock_Freq                    
000147a1  ST7735_rename                 
000147ad  __aeabi_memclr                
000147ad  __aeabi_memclr4               
000147ad  __aeabi_memclr8               
000147b9  malloc                        
000147c5  PLL_Init                      
000147cf  ST7735_close                  
000147d9  ST7735_unlink                 
000147e5  __aeabi_memcpy                
000147e5  __aeabi_memcpy4               
000147e5  __aeabi_memcpy8               
000147fd  fseek                         
00014805  remove                        
0001480d  ADC0_IRQHandler               
0001480d  ADC1_IRQHandler               
0001480d  AES_IRQHandler                
0001480d  CANFD0_IRQHandler             
0001480d  DAC0_IRQHandler               
0001480d  DMA_IRQHandler                
0001480d  Default_Handler               
0001480d  GROUP0_IRQHandler             
0001480d  GROUP1_IRQHandler             
0001480d  I2C0_IRQHandler               
0001480d  I2C1_IRQHandler               
0001480d  NMI_Handler                   
0001480d  PendSV_Handler                
0001480d  RTC_IRQHandler                
0001480d  SPI0_IRQHandler               
0001480d  SPI1_IRQHandler               
0001480d  SVC_Handler                   
0001480d  TIMA0_IRQHandler              
0001480d  TIMA1_IRQHandler              
0001480d  TIMG0_IRQHandler              
0001480d  TIMG6_IRQHandler              
0001480d  TIMG8_IRQHandler              
0001480d  UART0_IRQHandler              
0001480d  UART1_IRQHandler              
0001480d  UART2_IRQHandler              
0001480d  UART3_IRQHandler              
00014811  HardFault_Handler             
00014815  Reset_Handler                 
00014819  _system_pre_init              
0001481c  C$$EXIT                       
0001481d  abort                         
00014894  __TI_Handler_Table_Base       
000148a0  __TI_Handler_Table_Limit      
000148a8  __TI_CINIT_Base               
000148b8  __TI_CINIT_Limit              
000148b8  __TI_CINIT_Warm               
20200000  __start___llvm_prf_bits       
20200000  __start___llvm_prf_cnts       
20200000  __stop___llvm_prf_bits        
20200000  __stop___llvm_prf_cnts        
20200000  blocks                        
20200190  _ftable                       
20200280  _device                       
202002f8  _stream                       
20200348  __TI_cleanup_ptr              
2020034c  __TI_dtors_ptr                
20200350  BusFreq                       
20200354  StX                           
20200358  StY                           
2020035c  __TI_ft_end                   
20200360  _lock                         
20200364  _unlock                       
20200368  score                         
2020036c  stored                        
20200370  StTextColor                   
20200384  _CIOBUF_                      
20200384  __CIOBUF_                     
202004a4  __TI_tmpnams                  
20200544  piece                         
202005a4  parmbuf                       
202005b0  Data                          
202005b4  Flag                          
202005b8  Position                      
202005bc  Switch                        
202005c0  TExaSLogic                    
202005c4  TExaSadc                      
202005d0  _sys_memory                   
20207e00  __stack                       
20208000  __STACK_END                   
ffffffff  __TI_pprof_out_hndl           
ffffffff  __TI_prof_data_size           
ffffffff  __TI_prof_data_start          
ffffffff  __binit__                     
ffffffff  binit                         
UNDEFED   __mpu_init                    
UNDEFED   _system_post_cinit            

[220 symbols]
