******************************************************************************
            TI ARM Clang Linker PC v3.2.2                      
******************************************************************************
>> Linked Tue Aug 27 16:39:42 2024

OUTPUT FILE NAME:   <ECE319K_Lab9.out>
ENTRY POINT SYMBOL: "_c_int00_noargs"  address: 00001c89


MEMORY CONFIGURATION

         name            origin    length      used     unused   attr    fill
----------------------  --------  ---------  --------  --------  ----  --------
  FLASH                 00000000   00020000  00002508  0001daf8  R  X
  SRAM                  20200000   00008000  00000800  00007800  RW X
  BCR_CONFIG            41c00000   00000080  00000000  00000080  R   
  BSL_CONFIG            41c00100   00000080  00000000  00000080  R   


SEGMENT ALLOCATION MAP

run origin  load origin   length   init length attrs members
----------  ----------- ---------- ----------- ----- -------
00000000    00000000    00002508   00002508    r-x
  00000000    00000000    000000c0   000000c0    r-- .intvecs
  000000c0    000000c0    00001d88   00001d88    r-x .text
  00001e48    00001e48    00000600   00000600    r-- .rodata
  00002448    00002448    000000c0   000000c0    r-- .cinit
20200000    20200000    00000607   00000000    rw-
  20200000    20200000    00000219   00000000    rw- .data
  20200220    20200220    00000200   00000000    rw- .sysmem
  20200420    20200420    000001e7   00000000    rw- .bss
20207e00    20207e00    00000200   00000000    rw-
  20207e00    20207e00    00000200   00000000    rw- .stack


SECTION ALLOCATION MAP

 output                                  attributes/
section   page    origin      length       input sections
--------  ----  ----------  ----------   ----------------
.intvecs   0    00000000    000000c0     
                  00000000    000000c0     startup_mspm0g3507_ticlang.o (.intvecs)

.text      0    000000c0    00001d88     
                  000000c0    000001b4     Clock.o (.text.Clock_Init80MHz)
                  00000274    000001a0     ST7735.o (.text.ST7735_DrawCharS)
                  00000414    00000160     libc.a : fopen.c.obj (.text._openfile)
                  00000574    0000012c            : memory.c.obj (.text.aligned_alloc)
                  000006a0    0000012c     Lab9Main.o (.text.main)
                  000007cc    00000118     ST7735.o (.text.ST7735_FillRect)
                  000008e4    000000f8     SPI.o (.text.SPI_Init)
                  000009dc    000000ec     libsysbm.a : add_device.c.obj (.text.add_device)
                  00000ac8    000000ec     libc.a : memory.c.obj (.text.free)
                  00000bb4    000000dc            : setvbuf.c.obj (.text.setvbuf)
                  00000c90    000000d0     ST7735.o (.text.ST7735_OutChar)
                  00000d60    000000a8     libsysbm.a : open.c.obj (.text.open)
                  00000e08    000000a2     ST7735.o (.text.commandList)
                  00000eaa    00000002     Sound.o (.text.SysTick_Handler)
                  00000eac    0000009c     ST7735.o (.text.ST7735_InitPrintf)
                  00000f48    00000098     ST7735.o (.text.ST7735_InitR)
                  00000fe0    00000088     ST7735.o (.text.setAddrWindow)
                  00001068    00000084     ST7735.o (.text.ST7735_DrawString)
                  000010ec    00000084     ST7735.o (.text.ST7735_OutUDec)
                  00001170    0000007c     LaunchPad.o (.text.LaunchPad_Init)
                  000011ec    0000007c     libc.a : fclose.c.obj (.text.__TI_closefile)
                  00001268    00000078            : copy_decompress_lzss.c.obj (.text:decompress:lzss)
                  000012e0    00000070     ST7735.o (.text.ST7735_DrawPixel)
                  00001350    0000006c     libsysbm.a : hostlseek.c.obj (.text.HOSTlseek)
                  000013bc    0000006c                : hostrename.c.obj (.text.HOSTrename)
                  00001428    00000068     libc.a : getdevice.c.obj (.text.getdevice)
                  00001490    00000064            : memory.c.obj (.text.split)
                  000014f4    00000060     libsysbm.a : hostopen.c.obj (.text.HOSTopen)
                  00001554    00000058                : hostread.c.obj (.text.HOSTread)
                  000015ac    00000058                : hostwrite.c.obj (.text.HOSTwrite)
                  00001604    00000054     ST7735.o (.text.fillmessage)
                  00001658    00000052     libc.a : fflush.c.obj (.text.__TI_doflush)
                  000016aa    00000002     libclang_rt.builtins.a : aeabi_div0.c.obj (.text.__aeabi_idiv0)
                  000016ac    00000050     libsysbm.a : close.c.obj (.text.close)
                  000016fc    00000048                : hostclose.c.obj (.text.HOSTclose)
                  00001744    00000048                : hostunlink.c.obj (.text.HOSTunlink)
                  0000178c    00000048     SPI.o (.text.SPI_OutCommand)
                  000017d4    00000040     SPI.o (.text.SPI_Reset)
                  00001814    00000040     TExaS.o (.text.TIMG7_IRQHandler)
                  00001854    00000040     libclang_rt.builtins.a : aeabi_uidivmod.S.obj (.text.__aeabi_uidivmod)
                  00001894    00000040     libc.a : fopen.c.obj (.text._search_fp)
                  000018d4    0000003c            : autoinit.c.obj (.text:__TI_auto_init_nobinit_nopinit)
                  00001910    00000038     LaunchPad.o (.text.ActivatePortA_B)
                  00001948    00000038     SPI.o (.text.SPI_OutData)
                  00001980    00000038     libc.a : getdevice.c.obj (.text.finddevice)
                  000019b8    00000034     Clock.o (.text.Clock_Delay1ms)
                  000019ec    00000034     ST7735.o (.text.ST7735_SetCursor)
                  00001a20    00000034     ST7735.o (.text.ST7735_write)
                  00001a54    00000034     libc.a : fopen.c.obj (.text.__TI_cleanup)
                  00001a88    00000034     libsysbm.a : trgmsg.c.obj (.text.__TI_readmsg)
                  00001abc    00000034                : trgmsg.c.obj (.text.__TI_writemsg)
                  00001af0    00000034     libc.a : exit.c.obj (.text.exit)
                  00001b24    00000034            : fopen.c.obj (.text.freopen)
                  00001b58    00000030     ST7735.o (.text.commonInit)
                  00001b88    00000030     libc.a : fopen.c.obj (.text.fopen)
                  00001bb8    0000002c     ST7735.o (.text.ST7735_FillScreen)
                  00001be4    0000002c     libsysbm.a : unlink.c.obj (.text.unlink)
                  00001c10    00000028     Lab9Main.o (.text.TIMG12_IRQHandler)
                  00001c38    00000028     libc.a : memory.c.obj (.text.free_list_insert)
                  00001c60    00000028     libsysbm.a : write.c.obj (.text.write)
                  00001c88    00000028     libc.a : boot_cortex_m.c.obj (.text:_c_int00_noargs)
                  00001cb0    00000026     ST7735.o (.text.ST7735_OutString)
                  00001cd6    0000001e     ST7735.o (.text.pushColor)
                  00001cf4    0000001c     libc.a : memory.c.obj (.text.free_list_remove)
                  00001d10    00000016     ST7735.o (.text.ST7735_open)
                  00001d26    00000016     ST7735.o (.text.ST7735_read)
                  00001d3c    00000016     libc.a : copy_zero_init.c.obj (.text:decompress:ZI:__TI_zero_init_nomemset)
                  00001d52    00000012     libsysbm.a : hostrename.c.obj (.text.strcpy)
                  00001d64    00000012     libc.a : memcpy16.S.obj (.text:TI_memcpy_small)
                  00001d76    00000012            : copy_decompress_none.c.obj (.text:decompress:none)
                  00001d88    00000010     Clock.o (.text.Clock_Delay)
                  00001d98    0000000e     libc.a : memory.c.obj (.text.OUTLINED_FUNCTION_0)
                  00001da6    0000000e     ST7735.o (.text.ST7735_lseek)
                  00001db4    0000000e     libsysbm.a : hostrename.c.obj (.text.strlen)
                  00001dc2    0000000e     libc.a : memset16.S.obj (.text:TI_memset_small)
                  00001dd0    0000000c     Clock.o (.text.Clock_Freq)
                  00001ddc    0000000c     ST7735.o (.text.ST7735_rename)
                  00001de8    0000000c     libclang_rt.builtins.a : aeabi_memset.S.obj (.text.__aeabi_memclr)
                  00001df4    0000000c     libc.a : memory.c.obj (.text.malloc)
                  00001e00    0000000a     Lab9Main.o (.text.PLL_Init)
                  00001e0a    0000000a     ST7735.o (.text.ST7735_close)
                  00001e14    0000000a     ST7735.o (.text.ST7735_unlink)
                  00001e1e    00000002     libc.a : _lock.c.obj (.text._nop)
                  00001e20    00000008     libclang_rt.builtins.a : aeabi_memcpy.S.obj (.text.__aeabi_memcpy)
                  00001e28    00000008     libsysbm.a : remove.c.obj (.text.remove)
                  00001e30    00000004     startup_mspm0g3507_ticlang.o (.text.Default_Handler)
                  00001e34    00000004     startup_mspm0g3507_ticlang.o (.text.HardFault_Handler)
                  00001e38    00000004     startup_mspm0g3507_ticlang.o (.text.Reset_Handler)
                  00001e3c    00000004     libc.a : pre_init.c.obj (.text._system_pre_init)
                  00001e40    00000004            : exit.c.obj (.text:abort)
                  00001e44    00000004     --HOLE-- [fill = 0]

.cinit     0    00002448    000000c0     
                  00002448    00000097     (.cinit..data.load) [load image, compression = lzss]
                  000024df    00000001     --HOLE-- [fill = 0]
                  000024e0    0000000c     (__TI_handler_table)
                  000024ec    00000008     (.cinit..bss.load) [load image, compression = zero_init]
                  000024f4    00000010     (__TI_cinit_table)
                  00002504    00000004     --HOLE-- [fill = 0]

.rodata    0    00001e48    00000600     
                  00001e48    000004fb     ST7735.o (.rodata.Font)
                  00002343    0000003b     ST7735.o (.rodata.Rcmd1)
                  0000237e    0000002b     ST7735.o (.rodata.Rcmd3)
                  000023a9    00000016     ST7735.o (.rodata.str1.7335694693116752461)
                  000023bf    0000000d     ST7735.o (.rodata.Rcmd2green)
                  000023cc    0000000d     ST7735.o (.rodata.Rcmd2red)
                  000023d9    0000000a     Lab9Main.o (.rodata.Goodbye_French)
                  000023e3    0000000a     Lab9Main.o (.rodata.Language_Portuguese)
                  000023ed    00000009     Lab9Main.o (.rodata.Language_French)
                  000023f6    00000008     Lab9Main.o (.rodata.Goodbye_English)
                  000023fe    00000008     Lab9Main.o (.rodata.Language_English)
                  00002406    00000008     Lab9Main.o (.rodata.Language_Spanish)
                  0000240e    00000008     ST7735.o (.rodata.str1.121498127939212016191)
                  00002416    00000007     Lab9Main.o (.rodata.Hello_Spanish)
                  0000241d    00000007     ST7735.o (.rodata.str1.177458448621276003531)
                  00002424    00000007     ST7735.o (.rodata.str1.68723918200564200511)
                  0000242b    00000006     Lab9Main.o (.rodata.Goodbye_Portuguese)
                  00002431    00000006     Lab9Main.o (.rodata.Goodbye_Spanish)
                  00002437    00000006     Lab9Main.o (.rodata.Hello_English)
                  0000243d    00000005     Lab9Main.o (.rodata.Hello_French)
                  00002442    00000004     Lab9Main.o (.rodata.Hello_Portuguese)
                  00002446    00000002     ST7735.o (.rodata.str1.41208212166664079551)

.init_array 
*          0    00000000    00000000     UNINITIALIZED

.binit     0    00000000    00000000     

.data      0    20200000    00000219     UNINITIALIZED
                  20200000    000000f0     libc.a : defs.c.obj (.data._ftable)
                  202000f0    00000078     libsysbm.a : host_device.c.obj (.data._device)
                  20200168    00000050                : host_device.c.obj (.data._stream)
                  202001b8    00000030     Lab9Main.o (.data.Phrases)
                  202001e8    00000008     libc.a : exit.c.obj (.data..L_MergedGlobals)
                  202001f0    00000004     Clock.o (.data.BusFreq)
                  202001f4    00000004     ST7735.o (.data.StX)
                  202001f8    00000004     ST7735.o (.data.StY)
                  202001fc    00000004     libc.a : defs.c.obj (.data.__TI_ft_end)
                  20200200    00000004            : _lock.c.obj (.data._lock)
                  20200204    00000004            : _lock.c.obj (.data._unlock)
                  20200208    00000002     ST7735.o (.data.StTextColor)
                  2020020a    00000002     ST7735.o (.data._height)
                  2020020c    00000002     ST7735.o (.data._width)
                  2020020e    00000002     --HOLE--
                  20200210    00000001     libsysbm.a : add_device.c.obj (.data.add_device.device_init)
                  20200211    00000003     --HOLE--
                  20200214    00000001     libc.a : memory.c.obj (.data.memory_is_initialized)
                  20200215    00000003     --HOLE--
                  20200218    00000001     libsysbm.a : open.c.obj (.data.open.stream_init)

.sysmem    0    20200220    00000200     UNINITIALIZED
                  20200220    00000010     libc.a : memory.c.obj (.sysmem)
                  20200230    000001f0     --HOLE--

.bss       0    20200420    000001e7     UNINITIALIZED
                  20200420    00000120     libsysbm.a : trgmsg.c.obj (.bss:_CIOBUF_)
                  20200540    000000a0     libc.a : defs.c.obj (.bss.__TI_tmpnams)
                  202005e0    0000000c     (.common:Message)
                  202005ec    00000008     libsysbm.a : hostopen.c.obj (.bss.parmbuf)
                  202005f4    00000004     libc.a : memory.c.obj (.bss.sys_free)
                  202005f8    00000004     (.common:Messageindex)
                  202005fc    00000004     (.common:TExaSLogic)
                  20200600    00000004     (.common:TExaSadc)
                  20200604    00000001     ST7735.o (.bss.ColStart)
                  20200605    00000001     ST7735.o (.bss.RowStart)
                  20200606    00000001     ST7735.o (.bss.TabColor)

.stack     0    20207e00    00000200     UNINITIALIZED
                  20207e00    00000004     libc.a : boot_cortex_m.c.obj (.stack)
                  20207e04    000001fc     --HOLE--

__llvm_prf_cnts 
*          0    20200000    00000000     UNINITIALIZED

__llvm_prf_bits 
*          0    20200000    00000000     UNINITIALIZED

MODULE SUMMARY

       Module                         code   ro data   rw data
       ------                         ----   -------   -------
    .\
       ST7735.o                       2324   1449      33     
       Clock.o                        516    0         4      
       Lab9Main.o                     350    87        48     
       SPI.o                          440    0         0      
       LaunchPad.o                    180    0         0      
       TExaS.o                        64     0         8      
       Sound.o                        2      0         0      
    +--+------------------------------+------+---------+---------+
       Total:                         3876   1536      93     
                                                              
    .\ticlang\
       startup_mspm0g3507_ticlang.o   12     192       0      
    +--+------------------------------+------+---------+---------+
       Total:                         12     192       0      
                                                              
    C:\ti\ccs1280\ccs\tools\compiler\ti-cgt-armllvm_3.2.2.LTS\lib\armv6m-ti-none-eabi/c/libc.a
       memory.c.obj                   730    0         5      
       fopen.c.obj                    568    0         0      
       defs.c.obj                     0      0         404    
       setvbuf.c.obj                  220    0         0      
       getdevice.c.obj                160    0         0      
       fclose.c.obj                   124    0         0      
       copy_decompress_lzss.c.obj     120    0         0      
       fflush.c.obj                   82     0         0      
       exit.c.obj                     56     0         8      
       autoinit.c.obj                 60     0         0      
       boot_cortex_m.c.obj            40     0         0      
       copy_zero_init.c.obj           22     0         0      
       copy_decompress_none.c.obj     18     0         0      
       memcpy16.S.obj                 18     0         0      
       memset16.S.obj                 14     0         0      
       _lock.c.obj                    2      0         8      
       pre_init.c.obj                 4      0         0      
    +--+------------------------------+------+---------+---------+
       Total:                         2238   0         425    
                                                              
    C:\ti\ccs1280\ccs\tools\compiler\ti-cgt-armllvm_3.2.2.LTS\lib\armv6m-ti-none-eabi/c/libsysbm.a
       trgmsg.c.obj                   104    0         288    
       add_device.c.obj               236    0         1      
       host_device.c.obj              0      0         200    
       open.c.obj                     168    0         1      
       hostrename.c.obj               140    0         0      
       hostlseek.c.obj                108    0         0      
       hostopen.c.obj                 96     0         8      
       hostread.c.obj                 88     0         0      
       hostwrite.c.obj                88     0         0      
       close.c.obj                    80     0         0      
       hostclose.c.obj                72     0         0      
       hostunlink.c.obj               72     0         0      
       unlink.c.obj                   44     0         0      
       write.c.obj                    40     0         0      
       remove.c.obj                   8      0         0      
    +--+------------------------------+------+---------+---------+
       Total:                         1344   0         498    
                                                              
    C:\ti\ccs1280\ccs\tools\compiler\ti-cgt-armllvm_3.2.2.LTS\lib\clang/15.0.7/lib/armv6m-ti-none-eabi/libclang_rt.builtins.a
       aeabi_uidivmod.S.obj           64     0         0      
       aeabi_memset.S.obj             12     0         0      
       aeabi_memcpy.S.obj             8      0         0      
       aeabi_div0.c.obj               2      0         0      
    +--+------------------------------+------+---------+---------+
       Total:                         86     0         0      
                                                              
       Heap:                          0      0         512    
       Stack:                         0      0         512    
       Linker Generated:              0      187       0      
    +--+------------------------------+------+---------+---------+
       Grand Total:                   7556   1915      2040   


LINKER GENERATED COPY TABLES

__TI_cinit_table @ 000024f4 records: 2, size/record: 8, table size: 16
	.data: load addr=00002448, load size=00000097 bytes, run addr=20200000, run size=00000219 bytes, compression=lzss
	.bss: load addr=000024ec, load size=00000008 bytes, run addr=20200420, run size=000001e7 bytes, compression=zero_init


LINKER GENERATED HANDLER TABLE

__TI_handler_table @ 000024e0 records: 3, size/record: 4, table size: 12
	index: 0, handler: __TI_decompress_lzss
	index: 1, handler: __TI_decompress_none
	index: 2, handler: __TI_zero_init


GLOBAL SYMBOLS: SORTED ALPHABETICALLY BY Name 

address   name                          
-------   ----                          
00001e31  ADC0_IRQHandler               
00001e31  ADC1_IRQHandler               
00001e31  AES_IRQHandler                
00001911  ActivatePortA_B               
202001f0  BusFreq                       
00001e40  C$$EXIT                       
00001ae9  C$$IO$$                       
00001e31  CANFD0_IRQHandler             
00001d89  Clock_Delay                   
000019b9  Clock_Delay1ms                
00001dd1  Clock_Freq                    
000000c1  Clock_Init80MHz               
00001e31  DAC0_IRQHandler               
00001e31  DMA_IRQHandler                
00001e31  Default_Handler               
00001e31  GROUP0_IRQHandler             
00001e31  GROUP1_IRQHandler             
000023f6  Goodbye_English               
000023d9  Goodbye_French                
0000242b  Goodbye_Portuguese            
00002431  Goodbye_Spanish               
000016fd  HOSTclose                     
00001351  HOSTlseek                     
000014f5  HOSTopen                      
00001555  HOSTread                      
000013bd  HOSTrename                    
00001745  HOSTunlink                    
000015ad  HOSTwrite                     
00001e35  HardFault_Handler             
00002437  Hello_English                 
0000243d  Hello_French                  
00002442  Hello_Portuguese              
00002416  Hello_Spanish                 
00001e31  I2C0_IRQHandler               
00001e31  I2C1_IRQHandler               
000023fe  Language_English              
000023ed  Language_French               
000023e3  Language_Portuguese           
00002406  Language_Spanish              
00001171  LaunchPad_Init                
202005e0  Message                       
202005f8  Messageindex                  
00001e31  NMI_Handler                   
00001e01  PLL_Init                      
00001e31  PendSV_Handler                
202001b8  Phrases                       
00001e31  RTC_IRQHandler                
00001e39  Reset_Handler                 
00001e31  SPI0_IRQHandler               
00001e31  SPI1_IRQHandler               
000008e5  SPI_Init                      
0000178d  SPI_OutCommand                
00001949  SPI_OutData                   
000017d5  SPI_Reset                     
00000275  ST7735_DrawCharS              
000012e1  ST7735_DrawPixel              
00001069  ST7735_DrawString             
000007cd  ST7735_FillRect               
00001bb9  ST7735_FillScreen             
00000ead  ST7735_InitPrintf             
00000f49  ST7735_InitR                  
00000c91  ST7735_OutChar                
00001cb1  ST7735_OutString              
000010ed  ST7735_OutUDec                
000019ed  ST7735_SetCursor              
00001e0b  ST7735_close                  
00001da7  ST7735_lseek                  
00001d11  ST7735_open                   
00001d27  ST7735_read                   
00001ddd  ST7735_rename                 
00001e15  ST7735_unlink                 
00001a21  ST7735_write                  
00001e31  SVC_Handler                   
20200208  StTextColor                   
202001f4  StX                           
202001f8  StY                           
00000eab  SysTick_Handler               
202005fc  TExaSLogic                    
20200600  TExaSadc                      
00001e31  TIMA0_IRQHandler              
00001e31  TIMA1_IRQHandler              
00001e31  TIMG0_IRQHandler              
00001c11  TIMG12_IRQHandler             
00001e31  TIMG6_IRQHandler              
00001815  TIMG7_IRQHandler              
00001e31  TIMG8_IRQHandler              
00001d65  TI_memcpy_small               
00001dc3  TI_memset_small               
00001e31  UART0_IRQHandler              
00001e31  UART1_IRQHandler              
00001e31  UART2_IRQHandler              
00001e31  UART3_IRQHandler              
20200420  _CIOBUF_                      
20200420  __CIOBUF_                     
20208000  __STACK_END                   
00000200  __STACK_SIZE                  
00000200  __SYSMEM_SIZE                 
00000000  __TI_ATRegion0_region_sz      
00000000  __TI_ATRegion0_src_addr       
00000000  __TI_ATRegion0_trg_addr       
00000000  __TI_ATRegion1_region_sz      
00000000  __TI_ATRegion1_src_addr       
00000000  __TI_ATRegion1_trg_addr       
00000000  __TI_ATRegion2_region_sz      
00000000  __TI_ATRegion2_src_addr       
00000000  __TI_ATRegion2_trg_addr       
000024f4  __TI_CINIT_Base               
00002504  __TI_CINIT_Limit              
00002504  __TI_CINIT_Warm               
000024e0  __TI_Handler_Table_Base       
000024ec  __TI_Handler_Table_Limit      
000018d5  __TI_auto_init_nobinit_nopinit
00001a55  __TI_cleanup                  
202001e8  __TI_cleanup_ptr              
000011ed  __TI_closefile                
00001269  __TI_decompress_lzss          
00001d77  __TI_decompress_none          
00001659  __TI_doflush                  
202001ec  __TI_dtors_ptr                
202001fc  __TI_ft_end                   
ffffffff  __TI_pprof_out_hndl           
ffffffff  __TI_prof_data_size           
ffffffff  __TI_prof_data_start          
00001a89  __TI_readmsg                  
00000000  __TI_static_base__            
20200540  __TI_tmpnams                  
00001abd  __TI_writemsg                 
00001d3d  __TI_zero_init_nomemset       
000016ab  __aeabi_idiv0                 
00001de9  __aeabi_memclr                
00001de9  __aeabi_memclr4               
00001de9  __aeabi_memclr8               
00001e21  __aeabi_memcpy                
00001e21  __aeabi_memcpy4               
00001e21  __aeabi_memcpy8               
00001855  __aeabi_uidiv                 
00001855  __aeabi_uidivmod              
ffffffff  __binit__                     
UNDEFED   __mpu_init                    
20207e00  __stack                       
20200000  __start___llvm_prf_bits       
20200000  __start___llvm_prf_cnts       
20200000  __stop___llvm_prf_bits        
20200000  __stop___llvm_prf_cnts        
00001c89  _c_int00_noargs               
202000f0  _device                       
20200000  _ftable                       
20200200  _lock                         
00001e1f  _nop                          
20200168  _stream                       
20200220  _sys_memory                   
UNDEFED   _system_post_cinit            
00001e3d  _system_pre_init              
20200204  _unlock                       
00001e41  abort                         
000009dd  add_device                    
00000575  aligned_alloc                 
ffffffff  binit                         
000016ad  close                         
00001af1  exit                          
00001605  fillmessage                   
00001981  finddevice                    
00001b89  fopen                         
00000ac9  free                          
00001b25  freopen                       
00001429  getdevice                     
00000000  interruptVectors              
000006a1  main                          
00001df5  malloc                        
00000575  memalign                      
00000d61  open                          
202005ec  parmbuf                       
00001e29  remove                        
00000bb5  setvbuf                       
00001be5  unlink                        
00001c61  write                         


GLOBAL SYMBOLS: SORTED BY Symbol Address 

address   name                          
-------   ----                          
00000000  __TI_ATRegion0_region_sz      
00000000  __TI_ATRegion0_src_addr       
00000000  __TI_ATRegion0_trg_addr       
00000000  __TI_ATRegion1_region_sz      
00000000  __TI_ATRegion1_src_addr       
00000000  __TI_ATRegion1_trg_addr       
00000000  __TI_ATRegion2_region_sz      
00000000  __TI_ATRegion2_src_addr       
00000000  __TI_ATRegion2_trg_addr       
00000000  __TI_static_base__            
00000000  interruptVectors              
000000c1  Clock_Init80MHz               
00000200  __STACK_SIZE                  
00000200  __SYSMEM_SIZE                 
00000275  ST7735_DrawCharS              
00000575  aligned_alloc                 
00000575  memalign                      
000006a1  main                          
000007cd  ST7735_FillRect               
000008e5  SPI_Init                      
000009dd  add_device                    
00000ac9  free                          
00000bb5  setvbuf                       
00000c91  ST7735_OutChar                
00000d61  open                          
00000eab  SysTick_Handler               
00000ead  ST7735_InitPrintf             
00000f49  ST7735_InitR                  
00001069  ST7735_DrawString             
000010ed  ST7735_OutUDec                
00001171  LaunchPad_Init                
000011ed  __TI_closefile                
00001269  __TI_decompress_lzss          
000012e1  ST7735_DrawPixel              
00001351  HOSTlseek                     
000013bd  HOSTrename                    
00001429  getdevice                     
000014f5  HOSTopen                      
00001555  HOSTread                      
000015ad  HOSTwrite                     
00001605  fillmessage                   
00001659  __TI_doflush                  
000016ab  __aeabi_idiv0                 
000016ad  close                         
000016fd  HOSTclose                     
00001745  HOSTunlink                    
0000178d  SPI_OutCommand                
000017d5  SPI_Reset                     
00001815  TIMG7_IRQHandler              
00001855  __aeabi_uidiv                 
00001855  __aeabi_uidivmod              
000018d5  __TI_auto_init_nobinit_nopinit
00001911  ActivatePortA_B               
00001949  SPI_OutData                   
00001981  finddevice                    
000019b9  Clock_Delay1ms                
000019ed  ST7735_SetCursor              
00001a21  ST7735_write                  
00001a55  __TI_cleanup                  
00001a89  __TI_readmsg                  
00001abd  __TI_writemsg                 
00001ae9  C$$IO$$                       
00001af1  exit                          
00001b25  freopen                       
00001b89  fopen                         
00001bb9  ST7735_FillScreen             
00001be5  unlink                        
00001c11  TIMG12_IRQHandler             
00001c61  write                         
00001c89  _c_int00_noargs               
00001cb1  ST7735_OutString              
00001d11  ST7735_open                   
00001d27  ST7735_read                   
00001d3d  __TI_zero_init_nomemset       
00001d65  TI_memcpy_small               
00001d77  __TI_decompress_none          
00001d89  Clock_Delay                   
00001da7  ST7735_lseek                  
00001dc3  TI_memset_small               
00001dd1  Clock_Freq                    
00001ddd  ST7735_rename                 
00001de9  __aeabi_memclr                
00001de9  __aeabi_memclr4               
00001de9  __aeabi_memclr8               
00001df5  malloc                        
00001e01  PLL_Init                      
00001e0b  ST7735_close                  
00001e15  ST7735_unlink                 
00001e1f  _nop                          
00001e21  __aeabi_memcpy                
00001e21  __aeabi_memcpy4               
00001e21  __aeabi_memcpy8               
00001e29  remove                        
00001e31  ADC0_IRQHandler               
00001e31  ADC1_IRQHandler               
00001e31  AES_IRQHandler                
00001e31  CANFD0_IRQHandler             
00001e31  DAC0_IRQHandler               
00001e31  DMA_IRQHandler                
00001e31  Default_Handler               
00001e31  GROUP0_IRQHandler             
00001e31  GROUP1_IRQHandler             
00001e31  I2C0_IRQHandler               
00001e31  I2C1_IRQHandler               
00001e31  NMI_Handler                   
00001e31  PendSV_Handler                
00001e31  RTC_IRQHandler                
00001e31  SPI0_IRQHandler               
00001e31  SPI1_IRQHandler               
00001e31  SVC_Handler                   
00001e31  TIMA0_IRQHandler              
00001e31  TIMA1_IRQHandler              
00001e31  TIMG0_IRQHandler              
00001e31  TIMG6_IRQHandler              
00001e31  TIMG8_IRQHandler              
00001e31  UART0_IRQHandler              
00001e31  UART1_IRQHandler              
00001e31  UART2_IRQHandler              
00001e31  UART3_IRQHandler              
00001e35  HardFault_Handler             
00001e39  Reset_Handler                 
00001e3d  _system_pre_init              
00001e40  C$$EXIT                       
00001e41  abort                         
000023d9  Goodbye_French                
000023e3  Language_Portuguese           
000023ed  Language_French               
000023f6  Goodbye_English               
000023fe  Language_English              
00002406  Language_Spanish              
00002416  Hello_Spanish                 
0000242b  Goodbye_Portuguese            
00002431  Goodbye_Spanish               
00002437  Hello_English                 
0000243d  Hello_French                  
00002442  Hello_Portuguese              
000024e0  __TI_Handler_Table_Base       
000024ec  __TI_Handler_Table_Limit      
000024f4  __TI_CINIT_Base               
00002504  __TI_CINIT_Limit              
00002504  __TI_CINIT_Warm               
20200000  __start___llvm_prf_bits       
20200000  __start___llvm_prf_cnts       
20200000  __stop___llvm_prf_bits        
20200000  __stop___llvm_prf_cnts        
20200000  _ftable                       
202000f0  _device                       
20200168  _stream                       
202001b8  Phrases                       
202001e8  __TI_cleanup_ptr              
202001ec  __TI_dtors_ptr                
202001f0  BusFreq                       
202001f4  StX                           
202001f8  StY                           
202001fc  __TI_ft_end                   
20200200  _lock                         
20200204  _unlock                       
20200208  StTextColor                   
20200220  _sys_memory                   
20200420  _CIOBUF_                      
20200420  __CIOBUF_                     
20200540  __TI_tmpnams                  
202005e0  Message                       
202005ec  parmbuf                       
202005f8  Messageindex                  
202005fc  TExaSLogic                    
20200600  TExaSadc                      
20207e00  __stack                       
20208000  __STACK_END                   
ffffffff  __TI_pprof_out_hndl           
ffffffff  __TI_prof_data_size           
ffffffff  __TI_prof_data_start          
ffffffff  __binit__                     
ffffffff  binit                         
UNDEFED   __mpu_init                    
UNDEFED   _system_post_cinit            

[176 symbols]
