******************************************************************************
            TI ARM Clang Linker PC v3.2.2                      
******************************************************************************
>> Linked Mon Nov 25 18:02:31 2024

OUTPUT FILE NAME:   <ECE319K_Lab9.out>
ENTRY POINT SYMBOL: "_c_int00_noargs"  address: 00001da5


MEMORY CONFIGURATION

         name            origin    length      used     unused   attr    fill
----------------------  --------  ---------  --------  --------  ----  --------
  FLASH                 00000000   00020000  00003308  0001ccf8  R  X
  SRAM                  20200000   00008000  000007c0  00007840  RW X
  BCR_CONFIG            41c00000   00000080  00000000  00000080  R   
  BSL_CONFIG            41c00100   00000080  00000000  00000080  R   


SEGMENT ALLOCATION MAP

run origin  load origin   length   init length attrs members
----------  ----------- ---------- ----------- ----- -------
00000000    00000000    00003308   00003308    r-x
  00000000    00000000    000000c0   000000c0    r-- .intvecs
  000000c0    000000c0    00001e80   00001e80    r-x .text
  00001f40    00001f40    00001330   00001330    r-- .rodata
  00003270    00003270    00000098   00000098    r-- .cinit
20200000    20200000    000005c3   00000000    rw-
  20200000    20200000    00000200   00000000    rw- .sysmem
  20200200    20200200    000001e9   00000000    rw- .data
  202003ec    202003ec    000001d7   00000000    rw- .bss
20207e00    20207e00    00000200   00000000    rw-
  20207e00    20207e00    00000200   00000000    rw- .stack


SECTION ALLOCATION MAP

 output                                  attributes/
section   page    origin      length       input sections
--------  ----  ----------  ----------   ----------------
.intvecs   0    00000000    000000c0     
                  00000000    000000c0     startup_mspm0g3507_ticlang.o (.intvecs)

.text      0    000000c0    00001e80     
                  000000c0    00000210     ST7735.o (.text.ST7735_DrawBitmap)
                  000002d0    000001b4     Clock.o (.text.Clock_Init80MHz)
                  00000484    000001a0     ST7735.o (.text.ST7735_DrawCharS)
                  00000624    00000160     libc.a : fopen.c.obj (.text._openfile)
                  00000784    0000012c            : memory.c.obj (.text.aligned_alloc)
                  000008b0    00000118     ST7735.o (.text.ST7735_FillRect)
                  000009c8    000000f8     SPI.o (.text.SPI_Init)
                  00000ac0    000000ec     libsysbm.a : add_device.c.obj (.text.add_device)
                  00000bac    000000ec     libc.a : memory.c.obj (.text.free)
                  00000c98    000000dc            : setvbuf.c.obj (.text.setvbuf)
                  00000d74    000000d0     ST7735.o (.text.ST7735_OutChar)
                  00000e44    000000aa     Sprite.o (.text.Rectangle)
                  00000eee    00000002     Sound.o (.text.SysTick_Handler)
                  00000ef0    000000a8     libsysbm.a : open.c.obj (.text.open)
                  00000f98    000000a2     ST7735.o (.text.commandList)
                  0000103a    00000002     libclang_rt.builtins.a : aeabi_div0.c.obj (.text.__aeabi_idiv0)
                  0000103c    0000009c     ST7735.o (.text.ST7735_InitPrintf)
                  000010d8    00000098     ST7735.o (.text.ST7735_InitR)
                  00001170    00000088     ST7735.o (.text.setAddrWindow)
                  000011f8    00000084     ST7735.o (.text.ST7735_DrawString)
                  0000127c    0000007c     LaunchPad.o (.text.LaunchPad_Init)
                  000012f8    0000007c     libc.a : fclose.c.obj (.text.__TI_closefile)
                  00001374    00000078            : copy_decompress_lzss.c.obj (.text:decompress:lzss)
                  000013ec    00000070     ST7735.o (.text.ST7735_DrawPixel)
                  0000145c    0000006c     libsysbm.a : hostlseek.c.obj (.text.HOSTlseek)
                  000014c8    0000006c                : hostrename.c.obj (.text.HOSTrename)
                  00001534    00000068     libc.a : getdevice.c.obj (.text.getdevice)
                  0000159c    00000064     Lab9Main.o (.text.main)
                  00001600    00000064     libc.a : memory.c.obj (.text.split)
                  00001664    00000060     libsysbm.a : hostopen.c.obj (.text.HOSTopen)
                  000016c4    00000058                : hostread.c.obj (.text.HOSTread)
                  0000171c    00000058                : hostwrite.c.obj (.text.HOSTwrite)
                  00001774    00000052     libc.a : fflush.c.obj (.text.__TI_doflush)
                  000017c6    00000002            : _lock.c.obj (.text._nop)
                  000017c8    00000050     libsysbm.a : close.c.obj (.text.close)
                  00001818    00000048                : hostclose.c.obj (.text.HOSTclose)
                  00001860    00000048                : hostunlink.c.obj (.text.HOSTunlink)
                  000018a8    00000048     SPI.o (.text.SPI_OutCommand)
                  000018f0    00000040     SPI.o (.text.SPI_Reset)
                  00001930    00000040     TExaS.o (.text.TIMG7_IRQHandler)
                  00001970    00000040     libclang_rt.builtins.a : aeabi_uidivmod.S.obj (.text.__aeabi_uidivmod)
                  000019b0    00000040     libc.a : fopen.c.obj (.text._search_fp)
                  000019f0    0000003c            : autoinit.c.obj (.text:__TI_auto_init_nobinit_nopinit)
                  00001a2c    00000038     LaunchPad.o (.text.ActivatePortA_B)
                  00001a64    00000038     SPI.o (.text.SPI_OutData)
                  00001a9c    00000038     libc.a : getdevice.c.obj (.text.finddevice)
                  00001ad4    00000034     Clock.o (.text.Clock_Delay1ms)
                  00001b08    00000034     ST7735.o (.text.ST7735_SetCursor)
                  00001b3c    00000034     ST7735.o (.text.ST7735_write)
                  00001b70    00000034     libc.a : fopen.c.obj (.text.__TI_cleanup)
                  00001ba4    00000034     libsysbm.a : trgmsg.c.obj (.text.__TI_readmsg)
                  00001bd8    00000034                : trgmsg.c.obj (.text.__TI_writemsg)
                  00001c0c    00000034     libc.a : exit.c.obj (.text.exit)
                  00001c40    00000034            : fopen.c.obj (.text.freopen)
                  00001c74    00000030     ST7735.o (.text.commonInit)
                  00001ca4    00000030     libc.a : fopen.c.obj (.text.fopen)
                  00001cd4    0000002c     ST7735.o (.text.ST7735_FillScreen)
                  00001d00    0000002c     libsysbm.a : unlink.c.obj (.text.unlink)
                  00001d2c    00000028     Lab9Main.o (.text.TIMG12_IRQHandler)
                  00001d54    00000028     libc.a : memory.c.obj (.text.free_list_insert)
                  00001d7c    00000028     libsysbm.a : write.c.obj (.text.write)
                  00001da4    00000028     libc.a : boot_cortex_m.c.obj (.text:_c_int00_noargs)
                  00001dcc    0000001e     ST7735.o (.text.pushColor)
                  00001dea    00000002     --HOLE-- [fill = 0]
                  00001dec    0000001c     libc.a : memory.c.obj (.text.free_list_remove)
                  00001e08    00000016     ST7735.o (.text.ST7735_open)
                  00001e1e    00000016     ST7735.o (.text.ST7735_read)
                  00001e34    00000016     libc.a : copy_zero_init.c.obj (.text:decompress:ZI:__TI_zero_init_nomemset)
                  00001e4a    00000012     libsysbm.a : hostrename.c.obj (.text.strcpy)
                  00001e5c    00000012     libc.a : memcpy16.S.obj (.text:TI_memcpy_small)
                  00001e6e    00000012            : copy_decompress_none.c.obj (.text:decompress:none)
                  00001e80    00000010     Clock.o (.text.Clock_Delay)
                  00001e90    0000000e     libc.a : memory.c.obj (.text.OUTLINED_FUNCTION_0)
                  00001e9e    0000000e     ST7735.o (.text.ST7735_lseek)
                  00001eac    0000000e     libsysbm.a : hostrename.c.obj (.text.strlen)
                  00001eba    0000000e     libc.a : memset16.S.obj (.text:TI_memset_small)
                  00001ec8    0000000c     Clock.o (.text.Clock_Freq)
                  00001ed4    0000000c     ST7735.o (.text.ST7735_rename)
                  00001ee0    0000000c     libclang_rt.builtins.a : aeabi_memset.S.obj (.text.__aeabi_memclr)
                  00001eec    0000000c     libc.a : memory.c.obj (.text.malloc)
                  00001ef8    0000000a     Lab9Main.o (.text.PLL_Init)
                  00001f02    0000000a     ST7735.o (.text.ST7735_close)
                  00001f0c    0000000a     ST7735.o (.text.ST7735_unlink)
                  00001f16    00000002     --HOLE-- [fill = 0]
                  00001f18    00000008     libclang_rt.builtins.a : aeabi_memcpy.S.obj (.text.__aeabi_memcpy)
                  00001f20    00000008     libsysbm.a : remove.c.obj (.text.remove)
                  00001f28    00000004     startup_mspm0g3507_ticlang.o (.text.Default_Handler)
                  00001f2c    00000004     startup_mspm0g3507_ticlang.o (.text.HardFault_Handler)
                  00001f30    00000004     startup_mspm0g3507_ticlang.o (.text.Reset_Handler)
                  00001f34    00000004     libc.a : pre_init.c.obj (.text._system_pre_init)
                  00001f38    00000004            : exit.c.obj (.text:abort)
                  00001f3c    00000004     --HOLE-- [fill = 0]

.cinit     0    00003270    00000098     
                  00003270    0000006d     (.cinit..data.load) [load image, compression = lzss]
                  000032dd    00000003     --HOLE-- [fill = 0]
                  000032e0    0000000c     (__TI_handler_table)
                  000032ec    00000008     (.cinit..bss.load) [load image, compression = zero_init]
                  000032f4    00000010     (__TI_cinit_table)
                  00003304    00000004     --HOLE-- [fill = 0]

.rodata    0    00001f40    00001330     
                  00001f40    000004fb     ST7735.o (.rodata.Font)
                  0000243b    00000001     --HOLE-- [fill = 0]
                  0000243c    00000480     Lab9Main.o (.rodata.rectangleImage1)
                  000028bc    00000480     Lab9Main.o (.rodata.rectangleImage2)
                  00002d3c    00000480     Lab9Main.o (.rodata.squareImage)
                  000031bc    0000003b     ST7735.o (.rodata.Rcmd1)
                  000031f7    0000002b     ST7735.o (.rodata.Rcmd3)
                  00003222    00000016     ST7735.o (.rodata.str1.7335694693116752461)
                  00003238    0000000d     ST7735.o (.rodata.Rcmd2green)
                  00003245    0000000d     ST7735.o (.rodata.Rcmd2red)
                  00003252    00000008     ST7735.o (.rodata.str1.121498127939212016191)
                  0000325a    00000007     ST7735.o (.rodata.str1.177458448621276003531)
                  00003261    00000007     ST7735.o (.rodata.str1.68723918200564200511)
                  00003268    00000002     ST7735.o (.rodata.str1.41208212166664079551)
                  0000326a    00000006     --HOLE-- [fill = 0]

.init_array 
*          0    00000000    00000000     UNINITIALIZED

.binit     0    00000000    00000000     

.sysmem    0    20200000    00000200     UNINITIALIZED
                  20200000    00000010     libc.a : memory.c.obj (.sysmem)
                  20200010    000001f0     --HOLE--

.data      0    20200200    000001e9     UNINITIALIZED
                  20200200    000000f0     libc.a : defs.c.obj (.data._ftable)
                  202002f0    00000078     libsysbm.a : host_device.c.obj (.data._device)
                  20200368    00000050                : host_device.c.obj (.data._stream)
                  202003b8    00000008     libc.a : exit.c.obj (.data..L_MergedGlobals)
                  202003c0    00000004     Clock.o (.data.BusFreq)
                  202003c4    00000004     ST7735.o (.data.StX)
                  202003c8    00000004     ST7735.o (.data.StY)
                  202003cc    00000004     libc.a : defs.c.obj (.data.__TI_ft_end)
                  202003d0    00000004            : _lock.c.obj (.data._lock)
                  202003d4    00000004            : _lock.c.obj (.data._unlock)
                  202003d8    00000002     ST7735.o (.data.StTextColor)
                  202003da    00000002     ST7735.o (.data._height)
                  202003dc    00000002     ST7735.o (.data._width)
                  202003de    00000002     --HOLE--
                  202003e0    00000001     libsysbm.a : add_device.c.obj (.data.add_device.device_init)
                  202003e1    00000003     --HOLE--
                  202003e4    00000001     libc.a : memory.c.obj (.data.memory_is_initialized)
                  202003e5    00000003     --HOLE--
                  202003e8    00000001     libsysbm.a : open.c.obj (.data.open.stream_init)

.bss       0    202003ec    000001d7     UNINITIALIZED
                  202003ec    00000120     libsysbm.a : trgmsg.c.obj (.bss:_CIOBUF_)
                  2020050c    000000a0     libc.a : defs.c.obj (.bss.__TI_tmpnams)
                  202005ac    00000008     libsysbm.a : hostopen.c.obj (.bss.parmbuf)
                  202005b4    00000004     libc.a : memory.c.obj (.bss.sys_free)
                  202005b8    00000004     (.common:TExaSLogic)
                  202005bc    00000004     (.common:TExaSadc)
                  202005c0    00000001     ST7735.o (.bss.ColStart)
                  202005c1    00000001     ST7735.o (.bss.RowStart)
                  202005c2    00000001     ST7735.o (.bss.TabColor)

.stack     0    20207e00    00000200     UNINITIALIZED
                  20207e00    00000004     libc.a : boot_cortex_m.c.obj (.stack)
                  20207e04    000001fc     --HOLE--

__llvm_prf_cnts 
*          0    20200000    00000000     UNINITIALIZED

__llvm_prf_bits 
*          0    20200000    00000000     UNINITIALIZED

MODULE SUMMARY

       Module                         code   ro data   rw data
       ------                         ----   -------   -------
    .\
       ST7735.o                       2598   1449      17     
       Lab9Main.o                     150    3456      0      
       Clock.o                        516    0         4      
       SPI.o                          440    0         0      
       LaunchPad.o                    180    0         0      
       Sprite.o                       170    0         0      
       TExaS.o                        64     0         8      
       Sound.o                        2      0         0      
    +--+------------------------------+------+---------+---------+
       Total:                         4120   4905      29     
                                                              
    .\ticlang\
       startup_mspm0g3507_ticlang.o   12     192       0      
    +--+------------------------------+------+---------+---------+
       Total:                         12     192       0      
                                                              
    C:\ti\ccs1280\ccs\tools\compiler\ti-cgt-armllvm_3.2.2.LTS\lib\armv6m-ti-none-eabi/c/libc.a
       memory.c.obj                   730    0         5      
       fopen.c.obj                    568    0         0      
       defs.c.obj                     0      0         404    
       setvbuf.c.obj                  220    0         0      
       getdevice.c.obj                160    0         0      
       fclose.c.obj                   124    0         0      
       copy_decompress_lzss.c.obj     120    0         0      
       fflush.c.obj                   82     0         0      
       exit.c.obj                     56     0         8      
       autoinit.c.obj                 60     0         0      
       boot_cortex_m.c.obj            40     0         0      
       copy_zero_init.c.obj           22     0         0      
       copy_decompress_none.c.obj     18     0         0      
       memcpy16.S.obj                 18     0         0      
       memset16.S.obj                 14     0         0      
       _lock.c.obj                    2      0         8      
       pre_init.c.obj                 4      0         0      
    +--+------------------------------+------+---------+---------+
       Total:                         2238   0         425    
                                                              
    C:\ti\ccs1280\ccs\tools\compiler\ti-cgt-armllvm_3.2.2.LTS\lib\armv6m-ti-none-eabi/c/libsysbm.a
       trgmsg.c.obj                   104    0         288    
       add_device.c.obj               236    0         1      
       host_device.c.obj              0      0         200    
       open.c.obj                     168    0         1      
       hostrename.c.obj               140    0         0      
       hostlseek.c.obj                108    0         0      
       hostopen.c.obj                 96     0         8      
       hostread.c.obj                 88     0         0      
       hostwrite.c.obj                88     0         0      
       close.c.obj                    80     0         0      
       hostclose.c.obj                72     0         0      
       hostunlink.c.obj               72     0         0      
       unlink.c.obj                   44     0         0      
       write.c.obj                    40     0         0      
       remove.c.obj                   8      0         0      
    +--+------------------------------+------+---------+---------+
       Total:                         1344   0         498    
                                                              
    C:\ti\ccs1280\ccs\tools\compiler\ti-cgt-armllvm_3.2.2.LTS\lib\clang/15.0.7/lib/armv6m-ti-none-eabi/libclang_rt.builtins.a
       aeabi_uidivmod.S.obj           64     0         0      
       aeabi_memset.S.obj             12     0         0      
       aeabi_memcpy.S.obj             8      0         0      
       aeabi_div0.c.obj               2      0         0      
    +--+------------------------------+------+---------+---------+
       Total:                         86     0         0      
                                                              
       Heap:                          0      0         512    
       Stack:                         0      0         512    
       Linker Generated:              0      145       0      
    +--+------------------------------+------+---------+---------+
       Grand Total:                   7800   5242      1976   


LINKER GENERATED COPY TABLES

__TI_cinit_table @ 000032f4 records: 2, size/record: 8, table size: 16
	.data: load addr=00003270, load size=0000006d bytes, run addr=20200200, run size=000001e9 bytes, compression=lzss
	.bss: load addr=000032ec, load size=00000008 bytes, run addr=202003ec, run size=000001d7 bytes, compression=zero_init


LINKER GENERATED HANDLER TABLE

__TI_handler_table @ 000032e0 records: 3, size/record: 4, table size: 12
	index: 0, handler: __TI_decompress_lzss
	index: 1, handler: __TI_decompress_none
	index: 2, handler: __TI_zero_init


GLOBAL SYMBOLS: SORTED ALPHABETICALLY BY Name 

address   name                          
-------   ----                          
00001f29  ADC0_IRQHandler               
00001f29  ADC1_IRQHandler               
00001f29  AES_IRQHandler                
00001a2d  ActivatePortA_B               
202003c0  BusFreq                       
00001f38  C$$EXIT                       
00001c05  C$$IO$$                       
00001f29  CANFD0_IRQHandler             
00001e81  Clock_Delay                   
00001ad5  Clock_Delay1ms                
00001ec9  Clock_Freq                    
000002d1  Clock_Init80MHz               
00001f29  DAC0_IRQHandler               
00001f29  DMA_IRQHandler                
00001f29  Default_Handler               
00001f29  GROUP0_IRQHandler             
00001f29  GROUP1_IRQHandler             
00001819  HOSTclose                     
0000145d  HOSTlseek                     
00001665  HOSTopen                      
000016c5  HOSTread                      
000014c9  HOSTrename                    
00001861  HOSTunlink                    
0000171d  HOSTwrite                     
00001f2d  HardFault_Handler             
00001f29  I2C0_IRQHandler               
00001f29  I2C1_IRQHandler               
0000127d  LaunchPad_Init                
00001f29  NMI_Handler                   
00001ef9  PLL_Init                      
00001f29  PendSV_Handler                
00001f29  RTC_IRQHandler                
00000e45  Rectangle                     
00001f31  Reset_Handler                 
00001f29  SPI0_IRQHandler               
00001f29  SPI1_IRQHandler               
000009c9  SPI_Init                      
000018a9  SPI_OutCommand                
00001a65  SPI_OutData                   
000018f1  SPI_Reset                     
000000c1  ST7735_DrawBitmap             
00000485  ST7735_DrawCharS              
000013ed  ST7735_DrawPixel              
000011f9  ST7735_DrawString             
000008b1  ST7735_FillRect               
00001cd5  ST7735_FillScreen             
0000103d  ST7735_InitPrintf             
000010d9  ST7735_InitR                  
00000d75  ST7735_OutChar                
00001b09  ST7735_SetCursor              
00001f03  ST7735_close                  
00001e9f  ST7735_lseek                  
00001e09  ST7735_open                   
00001e1f  ST7735_read                   
00001ed5  ST7735_rename                 
00001f0d  ST7735_unlink                 
00001b3d  ST7735_write                  
00001f29  SVC_Handler                   
202003d8  StTextColor                   
202003c4  StX                           
202003c8  StY                           
00000eef  SysTick_Handler               
202005b8  TExaSLogic                    
202005bc  TExaSadc                      
00001f29  TIMA0_IRQHandler              
00001f29  TIMA1_IRQHandler              
00001f29  TIMG0_IRQHandler              
00001d2d  TIMG12_IRQHandler             
00001f29  TIMG6_IRQHandler              
00001931  TIMG7_IRQHandler              
00001f29  TIMG8_IRQHandler              
00001e5d  TI_memcpy_small               
00001ebb  TI_memset_small               
00001f29  UART0_IRQHandler              
00001f29  UART1_IRQHandler              
00001f29  UART2_IRQHandler              
00001f29  UART3_IRQHandler              
202003ec  _CIOBUF_                      
202003ec  __CIOBUF_                     
20208000  __STACK_END                   
00000200  __STACK_SIZE                  
00000200  __SYSMEM_SIZE                 
00000000  __TI_ATRegion0_region_sz      
00000000  __TI_ATRegion0_src_addr       
00000000  __TI_ATRegion0_trg_addr       
00000000  __TI_ATRegion1_region_sz      
00000000  __TI_ATRegion1_src_addr       
00000000  __TI_ATRegion1_trg_addr       
00000000  __TI_ATRegion2_region_sz      
00000000  __TI_ATRegion2_src_addr       
00000000  __TI_ATRegion2_trg_addr       
000032f4  __TI_CINIT_Base               
00003304  __TI_CINIT_Limit              
00003304  __TI_CINIT_Warm               
000032e0  __TI_Handler_Table_Base       
000032ec  __TI_Handler_Table_Limit      
000019f1  __TI_auto_init_nobinit_nopinit
00001b71  __TI_cleanup                  
202003b8  __TI_cleanup_ptr              
000012f9  __TI_closefile                
00001375  __TI_decompress_lzss          
00001e6f  __TI_decompress_none          
00001775  __TI_doflush                  
202003bc  __TI_dtors_ptr                
202003cc  __TI_ft_end                   
ffffffff  __TI_pprof_out_hndl           
ffffffff  __TI_prof_data_size           
ffffffff  __TI_prof_data_start          
00001ba5  __TI_readmsg                  
00000000  __TI_static_base__            
2020050c  __TI_tmpnams                  
00001bd9  __TI_writemsg                 
00001e35  __TI_zero_init_nomemset       
0000103b  __aeabi_idiv0                 
00001ee1  __aeabi_memclr                
00001ee1  __aeabi_memclr4               
00001ee1  __aeabi_memclr8               
00001f19  __aeabi_memcpy                
00001f19  __aeabi_memcpy4               
00001f19  __aeabi_memcpy8               
00001971  __aeabi_uidiv                 
00001971  __aeabi_uidivmod              
ffffffff  __binit__                     
UNDEFED   __mpu_init                    
20207e00  __stack                       
20200000  __start___llvm_prf_bits       
20200000  __start___llvm_prf_cnts       
20200000  __stop___llvm_prf_bits        
20200000  __stop___llvm_prf_cnts        
00001da5  _c_int00_noargs               
202002f0  _device                       
20200200  _ftable                       
202003d0  _lock                         
000017c7  _nop                          
20200368  _stream                       
20200000  _sys_memory                   
UNDEFED   _system_post_cinit            
00001f35  _system_pre_init              
202003d4  _unlock                       
00001f39  abort                         
00000ac1  add_device                    
00000785  aligned_alloc                 
ffffffff  binit                         
000017c9  close                         
00001c0d  exit                          
00001a9d  finddevice                    
00001ca5  fopen                         
00000bad  free                          
00001c41  freopen                       
00001535  getdevice                     
00000000  interruptVectors              
0000159d  main                          
00001eed  malloc                        
00000785  memalign                      
00000ef1  open                          
202005ac  parmbuf                       
0000243c  rectangleImage1               
000028bc  rectangleImage2               
00001f21  remove                        
00000c99  setvbuf                       
00002d3c  squareImage                   
00001d01  unlink                        
00001d7d  write                         


GLOBAL SYMBOLS: SORTED BY Symbol Address 

address   name                          
-------   ----                          
00000000  __TI_ATRegion0_region_sz      
00000000  __TI_ATRegion0_src_addr       
00000000  __TI_ATRegion0_trg_addr       
00000000  __TI_ATRegion1_region_sz      
00000000  __TI_ATRegion1_src_addr       
00000000  __TI_ATRegion1_trg_addr       
00000000  __TI_ATRegion2_region_sz      
00000000  __TI_ATRegion2_src_addr       
00000000  __TI_ATRegion2_trg_addr       
00000000  __TI_static_base__            
00000000  interruptVectors              
000000c1  ST7735_DrawBitmap             
00000200  __STACK_SIZE                  
00000200  __SYSMEM_SIZE                 
000002d1  Clock_Init80MHz               
00000485  ST7735_DrawCharS              
00000785  aligned_alloc                 
00000785  memalign                      
000008b1  ST7735_FillRect               
000009c9  SPI_Init                      
00000ac1  add_device                    
00000bad  free                          
00000c99  setvbuf                       
00000d75  ST7735_OutChar                
00000e45  Rectangle                     
00000eef  SysTick_Handler               
00000ef1  open                          
0000103b  __aeabi_idiv0                 
0000103d  ST7735_InitPrintf             
000010d9  ST7735_InitR                  
000011f9  ST7735_DrawString             
0000127d  LaunchPad_Init                
000012f9  __TI_closefile                
00001375  __TI_decompress_lzss          
000013ed  ST7735_DrawPixel              
0000145d  HOSTlseek                     
000014c9  HOSTrename                    
00001535  getdevice                     
0000159d  main                          
00001665  HOSTopen                      
000016c5  HOSTread                      
0000171d  HOSTwrite                     
00001775  __TI_doflush                  
000017c7  _nop                          
000017c9  close                         
00001819  HOSTclose                     
00001861  HOSTunlink                    
000018a9  SPI_OutCommand                
000018f1  SPI_Reset                     
00001931  TIMG7_IRQHandler              
00001971  __aeabi_uidiv                 
00001971  __aeabi_uidivmod              
000019f1  __TI_auto_init_nobinit_nopinit
00001a2d  ActivatePortA_B               
00001a65  SPI_OutData                   
00001a9d  finddevice                    
00001ad5  Clock_Delay1ms                
00001b09  ST7735_SetCursor              
00001b3d  ST7735_write                  
00001b71  __TI_cleanup                  
00001ba5  __TI_readmsg                  
00001bd9  __TI_writemsg                 
00001c05  C$$IO$$                       
00001c0d  exit                          
00001c41  freopen                       
00001ca5  fopen                         
00001cd5  ST7735_FillScreen             
00001d01  unlink                        
00001d2d  TIMG12_IRQHandler             
00001d7d  write                         
00001da5  _c_int00_noargs               
00001e09  ST7735_open                   
00001e1f  ST7735_read                   
00001e35  __TI_zero_init_nomemset       
00001e5d  TI_memcpy_small               
00001e6f  __TI_decompress_none          
00001e81  Clock_Delay                   
00001e9f  ST7735_lseek                  
00001ebb  TI_memset_small               
00001ec9  Clock_Freq                    
00001ed5  ST7735_rename                 
00001ee1  __aeabi_memclr                
00001ee1  __aeabi_memclr4               
00001ee1  __aeabi_memclr8               
00001eed  malloc                        
00001ef9  PLL_Init                      
00001f03  ST7735_close                  
00001f0d  ST7735_unlink                 
00001f19  __aeabi_memcpy                
00001f19  __aeabi_memcpy4               
00001f19  __aeabi_memcpy8               
00001f21  remove                        
00001f29  ADC0_IRQHandler               
00001f29  ADC1_IRQHandler               
00001f29  AES_IRQHandler                
00001f29  CANFD0_IRQHandler             
00001f29  DAC0_IRQHandler               
00001f29  DMA_IRQHandler                
00001f29  Default_Handler               
00001f29  GROUP0_IRQHandler             
00001f29  GROUP1_IRQHandler             
00001f29  I2C0_IRQHandler               
00001f29  I2C1_IRQHandler               
00001f29  NMI_Handler                   
00001f29  PendSV_Handler                
00001f29  RTC_IRQHandler                
00001f29  SPI0_IRQHandler               
00001f29  SPI1_IRQHandler               
00001f29  SVC_Handler                   
00001f29  TIMA0_IRQHandler              
00001f29  TIMA1_IRQHandler              
00001f29  TIMG0_IRQHandler              
00001f29  TIMG6_IRQHandler              
00001f29  TIMG8_IRQHandler              
00001f29  UART0_IRQHandler              
00001f29  UART1_IRQHandler              
00001f29  UART2_IRQHandler              
00001f29  UART3_IRQHandler              
00001f2d  HardFault_Handler             
00001f31  Reset_Handler                 
00001f35  _system_pre_init              
00001f38  C$$EXIT                       
00001f39  abort                         
0000243c  rectangleImage1               
000028bc  rectangleImage2               
00002d3c  squareImage                   
000032e0  __TI_Handler_Table_Base       
000032ec  __TI_Handler_Table_Limit      
000032f4  __TI_CINIT_Base               
00003304  __TI_CINIT_Limit              
00003304  __TI_CINIT_Warm               
20200000  __start___llvm_prf_bits       
20200000  __start___llvm_prf_cnts       
20200000  __stop___llvm_prf_bits        
20200000  __stop___llvm_prf_cnts        
20200000  _sys_memory                   
20200200  _ftable                       
202002f0  _device                       
20200368  _stream                       
202003b8  __TI_cleanup_ptr              
202003bc  __TI_dtors_ptr                
202003c0  BusFreq                       
202003c4  StX                           
202003c8  StY                           
202003cc  __TI_ft_end                   
202003d0  _lock                         
202003d4  _unlock                       
202003d8  StTextColor                   
202003ec  _CIOBUF_                      
202003ec  __CIOBUF_                     
2020050c  __TI_tmpnams                  
202005ac  parmbuf                       
202005b8  TExaSLogic                    
202005bc  TExaSadc                      
20207e00  __stack                       
20208000  __STACK_END                   
ffffffff  __TI_pprof_out_hndl           
ffffffff  __TI_prof_data_size           
ffffffff  __TI_prof_data_start          
ffffffff  __binit__                     
ffffffff  binit                         
UNDEFED   __mpu_init                    
UNDEFED   _system_post_cinit            

[163 symbols]
